Archive member included to satisfy reference by file (symbol)

d:/bianyiqi/mounriver/mounriver_studio2/resources/app/resources/win32/components/wch/toolchain/risc-v embedded gcc12/bin/../lib/gcc/riscv-wch-elf/12.2.0/rv32imac_zba_zbb_zbc_zbs_xw/ilp32\libgcc.a(_divdi3.o)
                              ./Peripheral/src/ch32h417_usart.o (__divdi3)
d:/bianyiqi/mounriver/mounriver_studio2/resources/app/resources/win32/components/wch/toolchain/risc-v embedded gcc12/bin/../lib/gcc/riscv-wch-elf/12.2.0/rv32imac_zba_zbb_zbc_zbs_xw/ilp32\libgcc.a(_udivdi3.o)
                              ./Peripheral/src/ch32h417_usart.o (__udivdi3)
d:/bianyiqi/mounriver/mounriver_studio2/resources/app/resources/win32/components/wch/toolchain/risc-v embedded gcc12/bin/../lib/gcc/riscv-wch-elf/12.2.0/rv32imac_zba_zbb_zbc_zbs_xw/ilp32\libgcc.a(save-restore.o)
                              e:\程序代码\分析仪\USB分析仪\V2.0\程序\260519\CH32H417_Logic_Analyzer_SourceCode_20260518B\CH32H417_Logic_Analyzer_APP\Common\ch32h417_uhsif_it.o (__riscv_save_10)
d:/bianyiqi/mounriver/mounriver_studio2/resources/app/resources/win32/components/wch/toolchain/risc-v embedded gcc12/bin/../lib/gcc/riscv-wch-elf/12.2.0/rv32imac_zba_zbb_zbc_zbs_xw/ilp32\libgcc.a(_clz.o)
                              d:/bianyiqi/mounriver/mounriver_studio2/resources/app/resources/win32/components/wch/toolchain/risc-v embedded gcc12/bin/../lib/gcc/riscv-wch-elf/12.2.0/rv32imac_zba_zbb_zbc_zbs_xw/ilp32\libgcc.a(_divdi3.o) (__clz_tab)
d:/bianyiqi/mounriver/mounriver_studio2/resources/app/resources/win32/components/wch/toolchain/risc-v embedded gcc12/bin/../lib/gcc/riscv-wch-elf/12.2.0/../../../../riscv-wch-elf/lib/rv32imac_zba_zbb_zbc_zbs_xw/ilp32\libg_nano.a(lib_a-memcpy-asm.o)
                              ./Common/ch32h417_usbhs_device.o (memcpy)
d:/bianyiqi/mounriver/mounriver_studio2/resources/app/resources/win32/components/wch/toolchain/risc-v embedded gcc12/bin/../lib/gcc/riscv-wch-elf/12.2.0/../../../../riscv-wch-elf/lib/rv32imac_zba_zbb_zbc_zbs_xw/ilp32\libg_nano.a(lib_a-memset.o)
                              ./Common/ch32h417_logic.o (memset)
d:/bianyiqi/mounriver/mounriver_studio2/resources/app/resources/win32/components/wch/toolchain/risc-v embedded gcc12/bin/../lib/gcc/riscv-wch-elf/12.2.0/../../../../riscv-wch-elf/lib/rv32imac_zba_zbb_zbc_zbs_xw/ilp32\libg_nano.a(lib_a-printf.o)
                              ./User/main.o (printf)
d:/bianyiqi/mounriver/mounriver_studio2/resources/app/resources/win32/components/wch/toolchain/risc-v embedded gcc12/bin/../lib/gcc/riscv-wch-elf/12.2.0/../../../../riscv-wch-elf/lib/rv32imac_zba_zbb_zbc_zbs_xw/ilp32\libg_nano.a(lib_a-puts.o)
                              ./Common/ch32h417_logic.o (puts)
d:/bianyiqi/mounriver/mounriver_studio2/resources/app/resources/win32/components/wch/toolchain/risc-v embedded gcc12/bin/../lib/gcc/riscv-wch-elf/12.2.0/../../../../riscv-wch-elf/lib/rv32imac_zba_zbb_zbc_zbs_xw/ilp32\libg_nano.a(lib_a-wbuf.o)
                              d:/bianyiqi/mounriver/mounriver_studio2/resources/app/resources/win32/components/wch/toolchain/risc-v embedded gcc12/bin/../lib/gcc/riscv-wch-elf/12.2.0/../../../../riscv-wch-elf/lib/rv32imac_zba_zbb_zbc_zbs_xw/ilp32\libg_nano.a(lib_a-puts.o) (__swbuf_r)
d:/bianyiqi/mounriver/mounriver_studio2/resources/app/resources/win32/components/wch/toolchain/risc-v embedded gcc12/bin/../lib/gcc/riscv-wch-elf/12.2.0/../../../../riscv-wch-elf/lib/rv32imac_zba_zbb_zbc_zbs_xw/ilp32\libg_nano.a(lib_a-wsetup.o)
                              d:/bianyiqi/mounriver/mounriver_studio2/resources/app/resources/win32/components/wch/toolchain/risc-v embedded gcc12/bin/../lib/gcc/riscv-wch-elf/12.2.0/../../../../riscv-wch-elf/lib/rv32imac_zba_zbb_zbc_zbs_xw/ilp32\libg_nano.a(lib_a-puts.o) (__swsetup_r)
d:/bianyiqi/mounriver/mounriver_studio2/resources/app/resources/win32/components/wch/toolchain/risc-v embedded gcc12/bin/../lib/gcc/riscv-wch-elf/12.2.0/../../../../riscv-wch-elf/lib/rv32imac_zba_zbb_zbc_zbs_xw/ilp32\libg_nano.a(lib_a-fflush.o)
                              d:/bianyiqi/mounriver/mounriver_studio2/resources/app/resources/win32/components/wch/toolchain/risc-v embedded gcc12/bin/../lib/gcc/riscv-wch-elf/12.2.0/../../../../riscv-wch-elf/lib/rv32imac_zba_zbb_zbc_zbs_xw/ilp32\libg_nano.a(lib_a-wbuf.o) (_fflush_r)
d:/bianyiqi/mounriver/mounriver_studio2/resources/app/resources/win32/components/wch/toolchain/risc-v embedded gcc12/bin/../lib/gcc/riscv-wch-elf/12.2.0/../../../../riscv-wch-elf/lib/rv32imac_zba_zbb_zbc_zbs_xw/ilp32\libg_nano.a(lib_a-findfp.o)
                              d:/bianyiqi/mounriver/mounriver_studio2/resources/app/resources/win32/components/wch/toolchain/risc-v embedded gcc12/bin/../lib/gcc/riscv-wch-elf/12.2.0/../../../../riscv-wch-elf/lib/rv32imac_zba_zbb_zbc_zbs_xw/ilp32\libg_nano.a(lib_a-printf.o) (__sinit)
[...]
Memory Configuration

Name             Origin             Length             Attributes
FLASH            0x0000000000020000 0x0000000000020000 xr
RAM_CODE         0x00000000200a0000 0x0000000000020000 xrw
RAM              0x00000000200c0c00 0x000000000003f400 xrw
SRAM             0x0000000020100000 0x0000000000080000 xrw
RAM_LOAD         0x00000000200c0000 0x0000000000000200 xrw
*default*        0x0000000000000000 0xffffffffffffffff

Linker script and memory map

LOAD ./User/ch32h417_it.o
LOAD ./User/main.o
LOAD ./User/system_ch32h417.o
LOAD ./Startup/startup_ch32h417_v5f.o
LOAD ./Peripheral/src/ch32h417_adc.o
LOAD ./Peripheral/src/ch32h417_can.o
LOAD ./Peripheral/src/ch32h417_crc.o
LOAD ./Peripheral/src/ch32h417_dac.o
LOAD ./Peripheral/src/ch32h417_dbgmcu.o
LOAD ./Peripheral/src/ch32h417_dfsdm.o
LOAD ./Peripheral/src/ch32h417_dma.o
LOAD ./Peripheral/src/ch32h417_dvp.o
LOAD ./Peripheral/src/ch32h417_ecdc.o
LOAD ./Peripheral/src/ch32h417_eth.o
LOAD ./Peripheral/src/ch32h417_exti.o
LOAD ./Peripheral/src/ch32h417_flash.o
LOAD ./Peripheral/src/ch32h417_fmc.o
LOAD ./Peripheral/src/ch32h417_gpha.o
LOAD ./Peripheral/src/ch32h417_gpio.o
LOAD ./Peripheral/src/ch32h417_hsadc.o
LOAD ./Peripheral/src/ch32h417_hsem.o
LOAD ./Peripheral/src/ch32h417_i2c.o
LOAD ./Peripheral/src/ch32h417_i3c.o
LOAD ./Peripheral/src/ch32h417_ipc.o
LOAD ./Peripheral/src/ch32h417_iwdg.o
LOAD ./Peripheral/src/ch32h417_lptim.o
LOAD ./Peripheral/src/ch32h417_ltdc.o
LOAD ./Peripheral/src/ch32h417_opa.o
LOAD ./Peripheral/src/ch32h417_pwr.o
LOAD ./Peripheral/src/ch32h417_qspi.o
LOAD ./Peripheral/src/ch32h417_rcc.o
LOAD ./Peripheral/src/ch32h417_rng.o
LOAD ./Peripheral/src/ch32h417_rtc.o
LOAD ./Peripheral/src/ch32h417_sai.o
LOAD ./Peripheral/src/ch32h417_sdio.o
LOAD ./Peripheral/src/ch32h417_sdmmc.o
LOAD ./Peripheral/src/ch32h417_serdes.o
LOAD ./Peripheral/src/ch32h417_spi.o
LOAD ./Peripheral/src/ch32h417_swpmi.o
LOAD ./Peripheral/src/ch32h417_tim.o
LOAD ./Peripheral/src/ch32h417_usart.o
LOAD ./Peripheral/src/ch32h417_wwdg.o
LOAD ./Core/core_riscv.o
LOAD ./Common/Debug/debug.o
LOAD ./Common/ch32h417_logic.o
LOAD ./Common/ch32h417_uhsif.o
LOAD ./Common/ch32h417_usbhs_device.o
LOAD ./Common/ch32h417_usbss_device.o
LOAD ./Common/ch32h417_usbss_it.o
LOAD ./Common/hardware.o
LOAD ./Common/usb_desc.o
LOAD e:\程序代码\分析仪\USB分析仪\V2.0\程序\260519\CH32H417_Logic_Analyzer_SourceCode_20260518B\CH32H417_Logic_Analyzer_APP\Common\ch32h417_uhsif_it.o
LOAD d:/bianyiqi/mounriver/mounriver_studio2/resources/app/resources/win32/components/wch/toolchain/risc-v embedded gcc12/bin/../lib/gcc/riscv-wch-elf/12.2.0/../../../../riscv-wch-elf/lib/rv32imac_zba_zbb_zbc_zbs_xw/ilp32\libm_nano.a
LOAD d:/bianyiqi/mounriver/mounriver_studio2/resources/app/resources/win32/components/wch/toolchain/risc-v embedded gcc12/bin/../lib/gcc/riscv-wch-elf/12.2.0/rv32imac_zba_zbb_zbc_zbs_xw/ilp32\libgcc.a
LOAD d:/bianyiqi/mounriver/mounriver_studio2/resources/app/resources/win32/components/wch/toolchain/risc-v embedded gcc12/bin/../lib/gcc/riscv-wch-elf/12.2.0/../../../../riscv-wch-elf/lib/rv32imac_zba_zbb_zbc_zbs_xw/ilp32\libg_nano.a
LOAD d:/bianyiqi/mounriver/mounriver_studio2/resources/app/resources/win32/components/wch/toolchain/risc-v embedded gcc12/bin/../lib/gcc/riscv-wch-elf/12.2.0/../../../../riscv-wch-elf/lib/rv32imac_zba_zbb_zbc_zbs_xw/ilp32\libc_nano.a
LOAD d:/bianyiqi/mounriver/mounriver_studio2/resources/app/resources/win32/components/wch/toolchain/risc-v embedded gcc12/bin/../lib/gcc/riscv-wch-elf/12.2.0/rv32imac_zba_zbb_zbc_zbs_xw/ilp32\libgcc.a
START GROUP
LOAD d:/bianyiqi/mounriver/mounriver_studio2/resources/app/resources/win32/components/wch/toolchain/risc-v embedded gcc12/bin/../lib/gcc/riscv-wch-elf/12.2.0/rv32imac_zba_zbb_zbc_zbs_xw/ilp32\libgcc.a
LOAD d:/bianyiqi/mounriver/mounriver_studio2/resources/app/resources/win32/components/wch/toolchain/risc-v embedded gcc12/bin/../lib/gcc/riscv-wch-elf/12.2.0/../../../../riscv-wch-elf/lib/rv32imac_zba_zbb_zbc_zbs_xw/ilp32\libc_nano.a
LOAD d:/bianyiqi/mounriver/mounriver_studio2/resources/app/resources/win32/components/wch/toolchain/risc-v embedded gcc12/bin/../lib/gcc/riscv-wch-elf/12.2.0/../../../../riscv-wch-elf/lib/rv32imac_zba_zbb_zbc_zbs_xw/ilp32\libnosys.a
END GROUP
START GROUP
LOAD d:/bianyiqi/mounriver/mounriver_studio2/resources/app/resources/win32/components/wch/toolchain/risc-v embedded gcc12/bin/../lib/gcc/riscv-wch-elf/12.2.0/rv32imac_zba_zbb_zbc_zbs_xw/ilp32\libgcc.a
LOAD d:/bianyiqi/mounriver/mounriver_studio2/resources/app/resources/win32/components/wch/toolchain/risc-v embedded gcc12/bin/../lib/gcc/riscv-wch-elf/12.2.0/../../../../riscv-wch-elf/lib/rv32imac_zba_zbb_zbc_zbs_xw/ilp32\libc_nano.a
LOAD d:/bianyiqi/mounriver/mounriver_studio2/resources/app/resources/win32/components/wch/toolchain/risc-v embedded gcc12/bin/../lib/gcc/riscv-wch-elf/12.2.0/../../../../riscv-wch-elf/lib/rv32imac_zba_zbb_zbc_zbs_xw/ilp32\libnosys.a
END GROUP
                0x0000000000000800                __stack_size = 0x800
                [!provide]                        PROVIDE (_stack_size = __stack_size)

.init           0x0000000000020000        0x8
                0x0000000000020000                _sinit = .
                0x0000000000020000                . = ALIGN (0x4)
 *(SORT_NONE(.init))
 .init          0x0000000000020000        0x6 ./Startup/startup_ch32h417_v5f.o
                0x0000000000020000                _start
                0x0000000000020008                . = ALIGN (0x4)
 *fill*         0x0000000000020006        0x2 
                0x0000000000020008                _einit = .

.loadcodelalign
                0x0000000000020008        0x0
                0x0000000000020008                . = ALIGN (0x4)
                0x0000000000020008                PROVIDE (_loadcode_lma = .)

.loadcode       0x00000000200c0000       0xdc load address 0x0000000000020008
                0x00000000200c0000                . = ALIGN (0x4)
                0x00000000200c0000                PROVIDE (_loadcode_vma_start = .)
 *(.load)
 .load          0x00000000200c0000       0xdc ./Startup/startup_ch32h417_v5f.o
                0x00000000200c00dc                . = ALIGN (0x4)
                0x00000000200c00dc                PROVIDE (_loadcode_vma_end = .)

.highcodelalign
                0x00000000000200e4        0x0
                0x00000000000200e4                . = ALIGN (0x4)
                0x00000000000200e4                PROVIDE (_highcode_lma = .)

.highcode       0x00000000200a0000     0x6000 load address 0x00000000000200e4
                0x00000000200a0000                . = ALIGN (0x4)
                0x00000000200a0000                PROVIDE (_highcode_vma_start = .)
 *(.vector)
 .vector        0x00000000200a0000      0x254 ./Startup/startup_ch32h417_v5f.o
 *(SORT_NONE(.vector_handler))
 *(.text)
 .text          0x00000000200a0254       0x60 d:/bianyiqi/mounriver/mounriver_studio2/resources/app/resources/win32/components/wch/toolchain/risc-v embedded gcc12/bin/../lib/gcc/riscv-wch-elf/12.2.0/rv32imac_zba_zbb_zbc_zbs_xw/ilp32\libgcc.a(save-restore.o)
                0x00000000200a0254                __riscv_save_12
                0x00000000200a025c                __riscv_save_9
                0x00000000200a025c                __riscv_save_11
                0x00000000200a025c                __riscv_save_10
                0x00000000200a025c                __riscv_save_8
                0x00000000200a026a                __riscv_save_4
                0x00000000200a026a                __riscv_save_6
                0x00000000200a026a                __riscv_save_5
                0x00000000200a026a                __riscv_save_7
                0x00000000200a0284                __riscv_save_3
                0x00000000200a0284                __riscv_save_2
                0x00000000200a0284                __riscv_save_1
                0x00000000200a0284                __riscv_save_0
                0x00000000200a0290                __riscv_restore_12
                0x00000000200a0294                __riscv_restore_11
                0x00000000200a0294                __riscv_restore_9
                0x00000000200a0294                __riscv_restore_10
                0x00000000200a0294                __riscv_restore_8
                0x00000000200a029e                __riscv_restore_5
                0x00000000200a029e                __riscv_restore_7
                0x00000000200a029e                __riscv_restore_6
                0x00000000200a029e                __riscv_restore_4
                0x00000000200a02a8                __riscv_restore_3
                0x00000000200a02a8                __riscv_restore_0
                0x00000000200a02a8                __riscv_restore_2
                0x00000000200a02a8                __riscv_restore_1
 .text          0x00000000200a02b4       0x16 d:/bianyiqi/mounriver/mounriver_studio2/resources/app/resources/win32/components/wch/toolchain/risc-v embedded gcc12/bin/../lib/gcc/riscv-wch-elf/12.2.0/../../../../riscv-wch-elf/lib/rv32imac_zba_zbb_zbc_zbs_xw/ilp32\libg_nano.a(lib_a-memcpy-asm.o)
                0x00000000200a02b4                memcpy
 .text          0x00000000200a02ca       0x10 d:/bianyiqi/mounriver/mounriver_studio2/resources/app/resources/win32/components/wch/toolchain/risc-v embedded gcc12/bin/../lib/gcc/riscv-wch-elf/12.2.0/../../../../riscv-wch-elf/lib/rv32imac_zba_zbb_zbc_zbs_xw/ilp32\libg_nano.a(lib_a-memset.o)
                0x00000000200a02ca                memset
 *(.text.*)
 .text.NMI_Handler
                0x00000000200a02da        0x2 ./User/ch32h417_it.o
                0x00000000200a02da                NMI_Handler
 .text.HardFault_Handler
                0x00000000200a02dc       0x10 ./User/ch32h417_it.o
                0x00000000200a02dc                HardFault_Handler
 .text.startup.main
                0x00000000200a02ec       0x28 ./User/main.o
                0x00000000200a02ec                main
 .text.SystemAndCoreClockUpdate
                0x00000000200a0314      0x16a ./User/system_ch32h417.o
                0x00000000200a0314                SystemAndCoreClockUpdate
 .text.vector_handler
                0x00000000200a047e        0x2 ./Startup/startup_ch32h417_v5f.o
                0x00000000200a047e                TIM8_TRG_COM_IRQHandler
                0x00000000200a047e                TIM8_CC_IRQHandler
                0x00000000200a047e                USART_WKUP_IRQHandler
                0x00000000200a047e                SPI4_IRQHandler
                0x00000000200a047e                DFSDM0_IRQHandler
                0x00000000200a047e                TIM1_CC_IRQHandler
                0x00000000200a047e                TIM10_IRQHandler
                0x00000000200a047e                IPC_CH2_Handler
                0x00000000200a047e                USBPD_IRQHandler
                0x00000000200a047e                TIM6_IRQHandler
                0x00000000200a047e                I3C_ER_IRQHandler
                0x00000000200a047e                SDIO_IRQHandler
                0x00000000200a047e                DMA2_Channel8_IRQHandler
                0x00000000200a047e                HSEM_Handler
                0x00000000200a047e                LPTIM2_IRQHandler
                0x00000000200a047e                USBFSWakeup_IRQHandler
                0x00000000200a047e                I2C3_ER_IRQHandler
                0x00000000200a047e                USBFS_IRQHandler
                0x00000000200a047e                USART8_IRQHandler
                0x00000000200a047e                I2C2_EV_IRQHandler
                0x00000000200a047e                CAN1_RX0_IRQHandler
                0x00000000200a047e                CAN3_SCE_IRQHandler
                0x00000000200a047e                CAN2_SCE_IRQHandler
                0x00000000200a047e                ADC1_2_IRQHandler
                0x00000000200a047e                Break_Point_Handler
                0x00000000200a047e                IPC_CH0_Handler
                0x00000000200a047e                SPI1_IRQHandler
                0x00000000200a047e                USART5_IRQHandler
                0x00000000200a047e                SysTick0_Handler
                0x00000000200a047e                EXTI7_0_IRQHandler
                0x00000000200a047e                CAN2_RX0_IRQHandler
                0x00000000200a047e                TIM8_UP_IRQHandler
                0x00000000200a047e                Ecall_M_Mode_Handler
                0x00000000200a047e                ECDC_IRQHandler
                0x00000000200a047e                SDMMC_IRQHandler
                0x00000000200a047e                USART7_IRQHandler
                0x00000000200a047e                DMA2_Channel2_IRQHandler
                0x00000000200a047e                DMA1_Channel4_IRQHandler
                0x00000000200a047e                USART6_IRQHandler
                0x00000000200a047e                CAN3_RX0_IRQHandler
                0x00000000200a047e                USART3_IRQHandler
                0x00000000200a047e                RTC_IRQHandler
                0x00000000200a047e                DMA1_Channel7_IRQHandler
                0x00000000200a047e                DVP_IRQHandler
                0x00000000200a047e                SWPMI_IRQHandler
                0x00000000200a047e                USBPDWakeUp_IRQHandler
                0x00000000200a047e                EXTI15_8_IRQHandler
                0x00000000200a047e                TIM4_IRQHandler
                0x00000000200a047e                DMA2_Channel1_IRQHandler
                0x00000000200a047e                SWPMI_WKUP_IRQHandler
                0x00000000200a047e                I2C1_EV_IRQHandler
                0x00000000200a047e                USBSSWakeup_IRQHandler
                0x00000000200a047e                USART4_IRQHandler
                0x00000000200a047e                DMA1_Channel6_IRQHandler
                0x00000000200a047e                DMA2_Channel4_IRQHandler
                0x00000000200a047e                TIM3_IRQHandler
                0x00000000200a047e                RCC_IRQHandler
                0x00000000200a047e                TIM1_TRG_COM_IRQHandler
                0x00000000200a047e                DMA1_Channel1_IRQHandler
                0x00000000200a047e                DMA2_Channel7_IRQHandler
                0x00000000200a047e                QSPI1_IRQHandler
                0x00000000200a047e                DMA1_Channel8_IRQHandler
                0x00000000200a047e                IPC_CH3_Handler
                0x00000000200a047e                I3C_EV_IRQHandler
                0x00000000200a047e                I3C_WKUP_IRQHandler
                0x00000000200a047e                TIM7_IRQHandler
                0x00000000200a047e                CAN2_TX_IRQHandler
                0x00000000200a047e                TIM5_IRQHandler
                0x00000000200a047e                I2C3_EV_IRQHandler
                0x00000000200a047e                PIOC_IRQHandler
                0x00000000200a047e                TIM9_IRQHandler
                0x00000000200a047e                LTDC_IRQHandler
                0x00000000200a047e                SAI_IRQHandler
                0x00000000200a047e                ETH_WKUP_IRQHandler
                0x00000000200a047e                SPI2_IRQHandler
                0x00000000200a047e                IPC_CH1_Handler
                0x00000000200a047e                LPTIM1_WKUP_IRQHandler
                0x00000000200a047e                CAN1_TX_IRQHandler
                0x00000000200a047e                DMA2_Channel5_IRQHandler
                0x00000000200a047e                DMA1_Channel5_IRQHandler
                0x00000000200a047e                QSPI2_IRQHandler
                0x00000000200a047e                RNG_IRQHandler
                0x00000000200a047e                DMA1_Channel3_IRQHandler
                0x00000000200a047e                ETH_IRQHandler
                0x00000000200a047e                WWDG_IRQHandler
                0x00000000200a047e                USBHSWakeup_IRQHandler
                0x00000000200a047e                Ecall_U_Mode_Handler
                0x00000000200a047e                I2C4_EV_IRQHandler
                0x00000000200a047e                CAN3_TX_IRQHandler
                0x00000000200a047e                DMA2_Channel6_IRQHandler
                0x00000000200a047e                TIM2_IRQHandler
                0x00000000200a047e                SW_Handler
                0x00000000200a047e                TIM1_BRK_IRQHandler
                0x00000000200a047e                GPHA_IRQHandler
                0x00000000200a047e                LPTIM2_WKUP_IRQHandler
                0x00000000200a047e                RTCAlarm_IRQHandler
                0x00000000200a047e                TIM11_IRQHandler
                0x00000000200a047e                USART2_IRQHandler
                0x00000000200a047e                I2C2_ER_IRQHandler
                0x00000000200a047e                DMA1_Channel2_IRQHandler
                0x00000000200a047e                TIM8_BRK_IRQHandler
                0x00000000200a047e                CAN1_SCE_IRQHandler
                0x00000000200a047e                FLASH_IRQHandler
                0x00000000200a047e                USART1_IRQHandler
                0x00000000200a047e                SPI3_IRQHandler
                0x00000000200a047e                I2C1_ER_IRQHandler
                0x00000000200a047e                FMC_IRQHandler
                0x00000000200a047e                SysTick1_Handler
                0x00000000200a047e                LPTIM1_IRQHandler
                0x00000000200a047e                DFSDM1_IRQHandler
                0x00000000200a047e                I2C4_ER_IRQHandler
                0x00000000200a047e                SERDES_IRQHandler
                0x00000000200a047e                DMA2_Channel3_IRQHandler
 .text.DAC_Init
                0x00000000200a0480       0x2e ./Peripheral/src/ch32h417_dac.o
                0x00000000200a0480                DAC_Init
 .text.DAC_Cmd  0x00000000200a04ae       0x1e ./Peripheral/src/ch32h417_dac.o
                0x00000000200a04ae                DAC_Cmd
 .text.DAC_SetChannel1Data
                0x00000000200a04cc       0x1e ./Peripheral/src/ch32h417_dac.o
                0x00000000200a04cc                DAC_SetChannel1Data
 .text.FLASH_GetStatus
                0x00000000200a04ea       0x1a ./Peripheral/src/ch32h417_flash.o
                0x00000000200a04ea                FLASH_GetStatus
 .text.FLASH_WaitForLastOperation
                0x00000000200a0504       0x1e ./Peripheral/src/ch32h417_flash.o
                0x00000000200a0504                FLASH_WaitForLastOperation
 .text.FLASH_ErasePage
                0x00000000200a0522       0x4e ./Peripheral/src/ch32h417_flash.o
                0x00000000200a0522                FLASH_ErasePage
 .text.FLASH_ProgramWord
                0x00000000200a0570       0x54 ./Peripheral/src/ch32h417_flash.o
                0x00000000200a0570                FLASH_ProgramWord
 .text.FLASH_Unlock_Fast
                0x00000000200a05c4       0x1e ./Peripheral/src/ch32h417_flash.o
                0x00000000200a05c4                FLASH_Unlock_Fast
 .text.GPIO_Init
                0x00000000200a05e2       0xe0 ./Peripheral/src/ch32h417_gpio.o
                0x00000000200a05e2                GPIO_Init
 .text.GPIO_PinRemapConfig
                0x00000000200a06c2       0x6e ./Peripheral/src/ch32h417_gpio.o
                0x00000000200a06c2                GPIO_PinRemapConfig
 .text.GPIO_PinAFConfig
                0x00000000200a0730      0x1e8 ./Peripheral/src/ch32h417_gpio.o
                0x00000000200a0730                GPIO_PinAFConfig
 .text.HSADC_Init
                0x00000000200a0918       0x48 ./Peripheral/src/ch32h417_hsadc.o
                0x00000000200a0918                HSADC_Init
 .text.HSADC_Cmd
                0x00000000200a0960       0x18 ./Peripheral/src/ch32h417_hsadc.o
                0x00000000200a0960                HSADC_Cmd
 .text.HSADC_ChannelConfig
                0x00000000200a0978       0x18 ./Peripheral/src/ch32h417_hsadc.o
                0x00000000200a0978                HSADC_ChannelConfig
 .text.HSADC_SoftwareStartConvCmd
                0x00000000200a0990       0x18 ./Peripheral/src/ch32h417_hsadc.o
                0x00000000200a0990                HSADC_SoftwareStartConvCmd
 .text.HSADC_ITConfig
                0x00000000200a09a8       0x1a ./Peripheral/src/ch32h417_hsadc.o
                0x00000000200a09a8                HSADC_ITConfig
 .text.HSADC_GetITStatus
                0x00000000200a09c2       0x1c ./Peripheral/src/ch32h417_hsadc.o
                0x00000000200a09c2                HSADC_GetITStatus
 .text.HSADC_ClearITPendingBit
                0x00000000200a09de        0xe ./Peripheral/src/ch32h417_hsadc.o
                0x00000000200a09de                HSADC_ClearITPendingBit
 .text.RCC_GetClocksFreq
                0x00000000200a09ec      0x1aa ./Peripheral/src/ch32h417_rcc.o
                0x00000000200a09ec                RCC_GetClocksFreq
 .text.RCC_HBPeriphClockCmd
                0x00000000200a0b96       0x1c ./Peripheral/src/ch32h417_rcc.o
                0x00000000200a0b96                RCC_HBPeriphClockCmd
 .text.RCC_HB2PeriphClockCmd
                0x00000000200a0bb2       0x1c ./Peripheral/src/ch32h417_rcc.o
                0x00000000200a0bb2                RCC_HB2PeriphClockCmd
 .text.RCC_HB1PeriphClockCmd
                0x00000000200a0bce       0x1c ./Peripheral/src/ch32h417_rcc.o
                0x00000000200a0bce                RCC_HB1PeriphClockCmd
 .text.RCC_HBPeriphResetCmd
                0x00000000200a0bea       0x1c ./Peripheral/src/ch32h417_rcc.o
                0x00000000200a0bea                RCC_HBPeriphResetCmd
 .text.RCC_HB2PeriphResetCmd
                0x00000000200a0c06       0x1c ./Peripheral/src/ch32h417_rcc.o
                0x00000000200a0c06                RCC_HB2PeriphResetCmd
 .text.RCC_USBHS_PLLCmd
                0x00000000200a0c22       0x16 ./Peripheral/src/ch32h417_rcc.o
                0x00000000200a0c22                RCC_USBHS_PLLCmd
 .text.RCC_USBSS_PLLCmd
                0x00000000200a0c38       0x16 ./Peripheral/src/ch32h417_rcc.o
                0x00000000200a0c38                RCC_USBSS_PLLCmd
 .text.RCC_PIPECmd
                0x00000000200a0c4e       0x16 ./Peripheral/src/ch32h417_rcc.o
                0x00000000200a0c4e                RCC_PIPECmd
 .text.RCC_UTMIcmd
                0x00000000200a0c64       0x16 ./Peripheral/src/ch32h417_rcc.o
                0x00000000200a0c64                RCC_UTMIcmd
 .text.RCC_HSADCCLKConfig
                0x00000000200a0c7a       0x1a ./Peripheral/src/ch32h417_rcc.o
                0x00000000200a0c7a                RCC_HSADCCLKConfig
 .text.RCC_USBHSPLLCLKConfig
                0x00000000200a0c94       0x12 ./Peripheral/src/ch32h417_rcc.o
                0x00000000200a0c94                RCC_USBHSPLLCLKConfig
 .text.RCC_USBHSPLLReferConfig
                0x00000000200a0ca6       0x12 ./Peripheral/src/ch32h417_rcc.o
                0x00000000200a0ca6                RCC_USBHSPLLReferConfig
 .text.RCC_USBHSPLLClockSourceDivConfig
                0x00000000200a0cb8       0x18 ./Peripheral/src/ch32h417_rcc.o
                0x00000000200a0cb8                RCC_USBHSPLLClockSourceDivConfig
 .text.TIM_TimeBaseInit
                0x00000000200a0cd0       0x7c ./Peripheral/src/ch32h417_tim.o
                0x00000000200a0cd0                TIM_TimeBaseInit
 .text.TIM_Cmd  0x00000000200a0d4c       0x18 ./Peripheral/src/ch32h417_tim.o
                0x00000000200a0d4c                TIM_Cmd
 .text.TIM_ITConfig
                0x00000000200a0d64       0x12 ./Peripheral/src/ch32h417_tim.o
                0x00000000200a0d64                TIM_ITConfig
 .text.TIM_GetITStatus
                0x00000000200a0d76       0x18 ./Peripheral/src/ch32h417_tim.o
                0x00000000200a0d76                TIM_GetITStatus
 .text.TIM_ClearITPendingBit
                0x00000000200a0d8e        0xc ./Peripheral/src/ch32h417_tim.o
                0x00000000200a0d8e                TIM_ClearITPendingBit
 .text.TIM9_12_TimeBaseInit
                0x00000000200a0d9a       0x26 ./Peripheral/src/ch32h417_tim.o
                0x00000000200a0d9a                TIM9_12_TimeBaseInit
 .text.USART_Init
                0x00000000200a0dc0       0x90 ./Peripheral/src/ch32h417_usart.o
                0x00000000200a0dc0                USART_Init
 .text.USART_Cmd
                0x00000000200a0e50       0x14 ./Peripheral/src/ch32h417_usart.o
                0x00000000200a0e50                USART_Cmd
 .text.USART_SendData
                0x00000000200a0e64        0x8 ./Peripheral/src/ch32h417_usart.o
                0x00000000200a0e64                USART_SendData
 .text.USART_GetFlagStatus
                0x00000000200a0e6c        0xa ./Peripheral/src/ch32h417_usart.o
                0x00000000200a0e6c                USART_GetFlagStatus
 .text.Delay_Init
                0x00000000200a0e76       0x22 ./Common/Debug/debug.o
                0x00000000200a0e76                Delay_Init
 .text.Delay_Us
                0x00000000200a0e98       0x3e ./Common/Debug/debug.o
                0x00000000200a0e98                Delay_Us
 .text.Delay_Ms
                0x00000000200a0ed6       0x3e ./Common/Debug/debug.o
                0x00000000200a0ed6                Delay_Ms
 .text.USART_Printf_Init
                0x00000000200a0f14       0x60 ./Common/Debug/debug.o
                0x00000000200a0f14                USART_Printf_Init
 .text._write   0x00000000200a0f74       0x3a ./Common/Debug/debug.o
                0x00000000200a0f74                _write
 .text._sbrk    0x00000000200a0fae       0x2a ./Common/Debug/debug.o
                0x00000000200a0fae                _sbrk
 .text.UHSIF_Clock_Set
                0x00000000200a0fd8       0x9e ./Common/ch32h417_logic.o
                0x00000000200a0fd8                UHSIF_Clock_Set
 .text.Set_Logic_Para_Fun
                0x00000000200a1076       0x66 ./Common/ch32h417_logic.o
                0x00000000200a1076                Set_Logic_Para_Fun
 .text.Dac_Init
                0x00000000200a10dc       0x5e ./Common/ch32h417_logic.o
                0x00000000200a10dc                Dac_Init
 .text.DAC_OUT  0x00000000200a113a        0x8 ./Common/ch32h417_logic.o
                0x00000000200a113a                DAC_OUT
 .text.HSADC_Function_Init
                0x00000000200a1142       0xde ./Common/ch32h417_logic.o
                0x00000000200a1142                HSADC_Function_Init
 .text.HSADC_Function_Start
                0x00000000200a1220       0x1a ./Common/ch32h417_logic.o
                0x00000000200a1220                HSADC_Function_Start
 .text.HSADC_Function_Stop
                0x00000000200a123a       0x50 ./Common/ch32h417_logic.o
                0x00000000200a123a                HSADC_Function_Stop
 .text.LOGIC_Para_Init
                0x00000000200a128a       0x6a ./Common/ch32h417_logic.o
                0x00000000200a128a                LOGIC_Para_Init
 .text.LOGIC_ADC_CMD_Process
                0x00000000200a12f4      0x236 ./Common/ch32h417_logic.o
                0x00000000200a12f4                LOGIC_ADC_CMD_Process
 .text.LOGIC_UHSIF_Main_Process
                0x00000000200a152a      0x19c ./Common/ch32h417_logic.o
                0x00000000200a152a                LOGIC_UHSIF_Main_Process
 .text.HSADC_IRQHandler
                0x00000000200a16c6       0x50 ./Common/ch32h417_logic.o
                0x00000000200a16c6                HSADC_IRQHandler
 .text.LOGIC_ADC_Main_Process
                0x00000000200a1716      0x114 ./Common/ch32h417_logic.o
                0x00000000200a1716                LOGIC_ADC_Main_Process
 .text.LOGIC_ADC_RAMOVER_Process
                0x00000000200a182a       0x3e ./Common/ch32h417_logic.o
                0x00000000200a182a                LOGIC_ADC_RAMOVER_Process
 .text.Get_Flash_Size
                0x00000000200a1868       0x1a ./Common/ch32h417_logic.o
                0x00000000200a1868                Get_Flash_Size
 .text.IAP_JUMP_Process
                0x00000000200a1882       0x3c ./Common/ch32h417_logic.o
                0x00000000200a1882                IAP_JUMP_Process
 .text.TIM1_INT_Init
                0x00000000200a18be       0x70 ./Common/ch32h417_logic.o
                0x00000000200a18be                TIM1_INT_Init
 .text.TIM1_UP_IRQHandler
                0x00000000200a192e       0x5c ./Common/ch32h417_logic.o
                0x00000000200a192e                TIM1_UP_IRQHandler
 .text.Led_Time_Init
                0x00000000200a198a       0x22 ./Common/ch32h417_logic.o
                0x00000000200a198a                Led_Time_Init
 .text.UHSIF_Para_Init
                0x00000000200a19ac       0x66 ./Common/ch32h417_uhsif.o
                0x00000000200a19ac                UHSIF_Para_Init
 .text.UHSIF_Set_Para
                0x00000000200a1a12       0x58 ./Common/ch32h417_uhsif.o
                0x00000000200a1a12                UHSIF_Set_Para
 .text.UHSIF_Line0_IN_Callback
                0x00000000200a1a6a       0x52 ./Common/ch32h417_uhsif.o
                0x00000000200a1a6a                UHSIF_Line0_IN_Callback
 .text.UHSIF_Line1_IN_Callback
                0x00000000200a1abc       0x56 ./Common/ch32h417_uhsif.o
                0x00000000200a1abc                UHSIF_Line1_IN_Callback
 .text.UHSIF_Line2_IN_Callback
                0x00000000200a1b12        0x2 ./Common/ch32h417_uhsif.o
                0x00000000200a1b12                UHSIF_Line2_IN_Callback
 .text.UHSIF_Line3_IN_Callback
                0x00000000200a1b14        0x2 ./Common/ch32h417_uhsif.o
                0x00000000200a1b14                UHSIF_Line3_IN_Callback
 .text.UHSIF_Line0_OUT_Callback
                0x00000000200a1b16        0x2 ./Common/ch32h417_uhsif.o
                0x00000000200a1b16                UHSIF_Line0_OUT_Callback
 .text.UHSIF_Line1_OUT_Callback
                0x00000000200a1b18        0x2 ./Common/ch32h417_uhsif.o
                0x00000000200a1b18                UHSIF_Line1_OUT_Callback
 .text.UHSIF_Line2_OUT_Callback
                0x00000000200a1b1a        0x2 ./Common/ch32h417_uhsif.o
                0x00000000200a1b1a                UHSIF_Line2_OUT_Callback
 .text.UHSIF_Line3_OUT_Callback
                0x00000000200a1b1c        0x2 ./Common/ch32h417_uhsif.o
                0x00000000200a1b1c                UHSIF_Line3_OUT_Callback
 .text.USBHS_RCC_Init.part.0
                0x00000000200a1b1e       0x58 ./Common/ch32h417_usbhs_device.o
 .text.USB_TestMode_Deal
                0x00000000200a1b76       0xb2 ./Common/ch32h417_usbhs_device.o
                0x00000000200a1b76                USB_TestMode_Deal
 .text.USBHS_Device_Endp_Init
                0x00000000200a1c28       0x98 ./Common/ch32h417_usbhs_device.o
                0x00000000200a1c28                USBHS_Device_Endp_Init
 .text.USBHS_RCC_Init
                0x00000000200a1cc0       0x38 ./Common/ch32h417_usbhs_device.o
                0x00000000200a1cc0                USBHS_RCC_Init
 .text.USBHS_Device_Init
                0x00000000200a1cf8       0x4e ./Common/ch32h417_usbhs_device.o
                0x00000000200a1cf8                USBHS_Device_Init
 .text.USBHS_IRQHandler
                0x00000000200a1d46      0x958 ./Common/ch32h417_usbhs_device.o
                0x00000000200a1d46                USBHS_IRQHandler
 .text.USB_Timer_Start.part.0
                0x00000000200a269e       0x34 ./Common/ch32h417_usbss_device.o
 .text.USBSS_PLL_Init.part.0
                0x00000000200a26d2       0x1c ./Common/ch32h417_usbss_device.o
 .text.USBSS_RCC_Init.part.0
                0x00000000200a26ee       0x32 ./Common/ch32h417_usbss_device.o
 .text.USBSS_RCC_Init
                0x00000000200a2720       0x2a ./Common/ch32h417_usbss_device.o
                0x00000000200a2720                USBSS_RCC_Init
 .text.USBSS_Device_Endp_Deinit
                0x00000000200a274a       0x14 ./Common/ch32h417_usbss_device.o
                0x00000000200a274a                USBSS_Device_Endp_Deinit
 .text.USBSS_Device_Endp_Init
                0x00000000200a275e       0x52 ./Common/ch32h417_usbss_device.o
                0x00000000200a275e                USBSS_Device_Endp_Init
 .text.USBSS_Reset_Init
                0x00000000200a27b0       0x56 ./Common/ch32h417_usbss_device.o
                0x00000000200a27b0                USBSS_Reset_Init
 .text.USB_Timer_Init
                0x00000000200a2806       0x62 ./Common/ch32h417_usbss_device.o
                0x00000000200a2806                USB_Timer_Init
 .text.USB_Timer_Start
                0x00000000200a2868       0x3e ./Common/ch32h417_usbss_device.o
                0x00000000200a2868                USB_Timer_Start
 .text.USBSS_LINK_Handle
                0x00000000200a28a6      0x270 ./Common/ch32h417_usbss_device.o
                0x00000000200a28a6                USBSS_LINK_Handle
 .text.SET_Device_Address
                0x00000000200a2b16       0x12 ./Common/ch32h417_usbss_device.o
                0x00000000200a2b16                SET_Device_Address
 .text.USBSS_CFG_MOD
                0x00000000200a2b28       0x50 ./Common/ch32h417_usbss_device.o
                0x00000000200a2b28                USBSS_CFG_MOD
 .text.USBSS_Device_Init
                0x00000000200a2b78       0xda ./Common/ch32h417_usbss_device.o
                0x00000000200a2b78                USBSS_Device_Init
 .text.TIM12_IRQHandler
                0x00000000200a2c52       0xb4 ./Common/ch32h417_usbss_device.o
                0x00000000200a2c52                TIM12_IRQHandler
 .text.USBSS_LINK_IRQHandler
                0x00000000200a2d06        0xc ./Common/ch32h417_usbss_it.o
                0x00000000200a2d06                USBSS_LINK_IRQHandler
 .text.USBSS_Endp_Clear_Frature
                0x00000000200a2d12       0x40 ./Common/ch32h417_usbss_it.o
                0x00000000200a2d12                USBSS_Endp_Clear_Frature
 .text.USBSS_Endp_Set_Frature
                0x00000000200a2d52       0x40 ./Common/ch32h417_usbss_it.o
                0x00000000200a2d52                USBSS_Endp_Set_Frature
 .text.USBSS_Get_Endp_Status
                0x00000000200a2d92       0x52 ./Common/ch32h417_usbss_it.o
                0x00000000200a2d92                USBSS_Get_Endp_Status
 .text.USBSS_IRQHandler
                0x00000000200a2de4      0x584 ./Common/ch32h417_usbss_it.o
                0x00000000200a2de4                USBSS_IRQHandler
 .text.VDDI8_IO_Change
                0x00000000200a3368       0x3a ./Common/hardware.o
                0x00000000200a3368                VDDI8_IO_Change
 .text.Hardware
                0x00000000200a33a2       0x7a ./Common/hardware.o
                0x00000000200a33a2                Hardware
 .text.UHSIF_GPIO_Init
                0x00000000200a341c      0x63a e:\程序代码\分析仪\USB分析仪\V2.0\程序\260519\CH32H417_Logic_Analyzer_SourceCode_20260518B\CH32H417_Logic_Analyzer_APP\Common\ch32h417_uhsif_it.o
                0x00000000200a341c                UHSIF_GPIO_Init
 .text.SOCK_CFG_INIT
                0x00000000200a3a56       0x50 e:\程序代码\分析仪\USB分析仪\V2.0\程序\260519\CH32H417_Logic_Analyzer_SourceCode_20260518B\CH32H417_Logic_Analyzer_APP\Common\ch32h417_uhsif_it.o
                0x00000000200a3a56                SOCK_CFG_INIT
 .text.UHSIF_Line_Cfg
                0x00000000200a3aa6      0x152 e:\程序代码\分析仪\USB分析仪\V2.0\程序\260519\CH32H417_Logic_Analyzer_SourceCode_20260518B\CH32H417_Logic_Analyzer_APP\Common\ch32h417_uhsif_it.o
                0x00000000200a3aa6                UHSIF_Line_Cfg
 .text.UHSIF_Start
                0x00000000200a3bf8       0x9c e:\程序代码\分析仪\USB分析仪\V2.0\程序\260519\CH32H417_Logic_Analyzer_SourceCode_20260518B\CH32H417_Logic_Analyzer_APP\Common\ch32h417_uhsif_it.o
                0x00000000200a3bf8                UHSIF_Start
 .text.UHSIF_Cfg
                0x00000000200a3c94      0x296 e:\程序代码\分析仪\USB分析仪\V2.0\程序\260519\CH32H417_Logic_Analyzer_SourceCode_20260518B\CH32H417_Logic_Analyzer_APP\Common\ch32h417_uhsif_it.o
                0x00000000200a3c94                UHSIF_Cfg
 .text.UHSIF_IRQHandler
                0x00000000200a3f2a      0x146 e:\程序代码\分析仪\USB分析仪\V2.0\程序\260519\CH32H417_Logic_Analyzer_SourceCode_20260518B\CH32H417_Logic_Analyzer_APP\Common\ch32h417_uhsif_it.o
                0x00000000200a3f2a                UHSIF_IRQHandler
 .text.UHSIF_Trans_Cfg
                0x00000000200a4070       0xd6 e:\程序代码\分析仪\USB分析仪\V2.0\程序\260519\CH32H417_Logic_Analyzer_SourceCode_20260518B\CH32H417_Logic_Analyzer_APP\Common\ch32h417_uhsif_it.o
                0x00000000200a4070                UHSIF_Trans_Cfg
 .text.__udivdi3
                0x00000000200a4146      0x39a d:/bianyiqi/mounriver/mounriver_studio2/resources/app/resources/win32/components/wch/toolchain/risc-v embedded gcc12/bin/../lib/gcc/riscv-wch-elf/12.2.0/rv32imac_zba_zbb_zbc_zbs_xw/ilp32\libgcc.a(_udivdi3.o)
                0x00000000200a4146                __udivdi3
 .text.printf   0x00000000200a44e0       0x3a d:/bianyiqi/mounriver/mounriver_studio2/resources/app/resources/win32/components/wch/toolchain/risc-v embedded gcc12/bin/../lib/gcc/riscv-wch-elf/12.2.0/../../../../riscv-wch-elf/lib/rv32imac_zba_zbb_zbc_zbs_xw/ilp32\libg_nano.a(lib_a-printf.o)
                0x00000000200a44e0                iprintf
                0x00000000200a44e0                printf
 .text._puts_r  0x00000000200a451a      0x104 d:/bianyiqi/mounriver/mounriver_studio2/resources/app/resources/win32/components/wch/toolchain/risc-v embedded gcc12/bin/../lib/gcc/riscv-wch-elf/12.2.0/../../../../riscv-wch-elf/lib/rv32imac_zba_zbb_zbc_zbs_xw/ilp32\libg_nano.a(lib_a-puts.o)
                0x00000000200a451a                _puts_r
 .text.puts     0x00000000200a461e        0xa d:/bianyiqi/mounriver/mounriver_studio2/resources/app/resources/win32/components/wch/toolchain/risc-v embedded gcc12/bin/../lib/gcc/riscv-wch-elf/12.2.0/../../../../riscv-wch-elf/lib/rv32imac_zba_zbb_zbc_zbs_xw/ilp32\libg_nano.a(lib_a-puts.o)
                0x00000000200a461e                puts
 .text.__swbuf_r
                0x00000000200a4628       0xbc d:/bianyiqi/mounriver/mounriver_studio2/resources/app/resources/win32/components/wch/toolchain/risc-v embedded gcc12/bin/../lib/gcc/riscv-wch-elf/12.2.0/../../../../riscv-wch-elf/lib/rv32imac_zba_zbb_zbc_zbs_xw/ilp32\libg_nano.a(lib_a-wbuf.o)
                0x00000000200a4628                __swbuf_r
 .text.__swsetup_r
                0x00000000200a46e4       0xee d:/bianyiqi/mounriver/mounriver_studio2/resources/app/resources/win32/components/wch/toolchain/risc-v embedded gcc12/bin/../lib/gcc/riscv-wch-elf/12.2.0/../../../../riscv-wch-elf/lib/rv32imac_zba_zbb_zbc_zbs_xw/ilp32\libg_nano.a(lib_a-wsetup.o)
                0x00000000200a46e4                __swsetup_r
 .text.__sflush_r
                0x00000000200a47d2      0x132 d:/bianyiqi/mounriver/mounriver_studio2/resources/app/resources/win32/components/wch/toolchain/risc-v embedded gcc12/bin/../lib/gcc/riscv-wch-elf/12.2.0/../../../../riscv-wch-elf/lib/rv32imac_zba_zbb_zbc_zbs_xw/ilp32\libg_nano.a(lib_a-fflush.o)
                0x00000000200a47d2                __sflush_r
 .text._fflush_r
                0x00000000200a4904       0x88 d:/bianyiqi/mounriver/mounriver_studio2/resources/app/resources/win32/components/wch/toolchain/risc-v embedded gcc12/bin/../lib/gcc/riscv-wch-elf/12.2.0/../../../../riscv-wch-elf/lib/rv32imac_zba_zbb_zbc_zbs_xw/ilp32\libg_nano.a(lib_a-fflush.o)
                0x00000000200a4904                _fflush_r
 .text.std      0x00000000200a498c       0x66 d:/bianyiqi/mounriver/mounriver_studio2/resources/app/resources/win32/components/wch/toolchain/risc-v embedded gcc12/bin/../lib/gcc/riscv-wch-elf/12.2.0/../../../../riscv-wch-elf/lib/rv32imac_zba_zbb_zbc_zbs_xw/ilp32\libg_nano.a(lib_a-findfp.o)
 .text._cleanup_r
                0x00000000200a49f2        0xa d:/bianyiqi/mounriver/mounriver_studio2/resources/app/resources/win32/components/wch/toolchain/risc-v embedded gcc12/bin/../lib/gcc/riscv-wch-elf/12.2.0/../../../../riscv-wch-elf/lib/rv32imac_zba_zbb_zbc_zbs_xw/ilp32\libg_nano.a(lib_a-findfp.o)
                0x00000000200a49f2                _cleanup_r
 .text.__sfmoreglue
                0x00000000200a49fc       0x46 d:/bianyiqi/mounriver/mounriver_studio2/resources/app/resources/win32/components/wch/toolchain/risc-v embedded gcc12/bin/../lib/gcc/riscv-wch-elf/12.2.0/../../../../riscv-wch-elf/lib/rv32imac_zba_zbb_zbc_zbs_xw/ilp32\libg_nano.a(lib_a-findfp.o)
                0x00000000200a49fc                __sfmoreglue
 .text.__sfp_lock_acquire
                0x00000000200a4a42        0x6 d:/bianyiqi/mounriver/mounriver_studio2/resources/app/resources/win32/components/wch/toolchain/risc-v embedded gcc12/bin/../lib/gcc/riscv-wch-elf/12.2.0/../../../../riscv-wch-elf/lib/rv32imac_zba_zbb_zbc_zbs_xw/ilp32\libg_nano.a(lib_a-findfp.o)
                0x00000000200a4a42                __sfp_lock_acquire
 .text.__sfp_lock_release
                0x00000000200a4a48        0x6 d:/bianyiqi/mounriver/mounriver_studio2/resources/app/resources/win32/components/wch/toolchain/risc-v embedded gcc12/bin/../lib/gcc/riscv-wch-elf/12.2.0/../../../../riscv-wch-elf/lib/rv32imac_zba_zbb_zbc_zbs_xw/ilp32\libg_nano.a(lib_a-findfp.o)
                0x00000000200a4a48                __sfp_lock_release
 .text.__sinit_lock_acquire
                0x00000000200a4a4e        0x6 d:/bianyiqi/mounriver/mounriver_studio2/resources/app/resources/win32/components/wch/toolchain/risc-v embedded gcc12/bin/../lib/gcc/riscv-wch-elf/12.2.0/../../../../riscv-wch-elf/lib/rv32imac_zba_zbb_zbc_zbs_xw/ilp32\libg_nano.a(lib_a-findfp.o)
                0x00000000200a4a4e                __sinit_lock_acquire
 .text.__sinit_lock_release
                0x00000000200a4a54        0x6 d:/bianyiqi/mounriver/mounriver_studio2/resources/app/resources/win32/components/wch/toolchain/risc-v embedded gcc12/bin/../lib/gcc/riscv-wch-elf/12.2.0/../../../../riscv-wch-elf/lib/rv32imac_zba_zbb_zbc_zbs_xw/ilp32\libg_nano.a(lib_a-findfp.o)
                0x00000000200a4a54                __sinit_lock_release
 .text.__sinit  0x00000000200a4a5a       0x6e d:/bianyiqi/mounriver/mounriver_studio2/resources/app/resources/win32/components/wch/toolchain/risc-v embedded gcc12/bin/../lib/gcc/riscv-wch-elf/12.2.0/../../../../riscv-wch-elf/lib/rv32imac_zba_zbb_zbc_zbs_xw/ilp32\libg_nano.a(lib_a-findfp.o)
                0x00000000200a4a5a                __sinit
 .text.__sfp    0x00000000200a4ac8       0xb0 d:/bianyiqi/mounriver/mounriver_studio2/resources/app/resources/win32/components/wch/toolchain/risc-v embedded gcc12/bin/../lib/gcc/riscv-wch-elf/12.2.0/../../../../riscv-wch-elf/lib/rv32imac_zba_zbb_zbc_zbs_xw/ilp32\libg_nano.a(lib_a-findfp.o)
                0x00000000200a4ac8                __sfp
 .text._fwalk_reent
                0x00000000200a4b78       0x68 d:/bianyiqi/mounriver/mounriver_studio2/resources/app/resources/win32/components/wch/toolchain/risc-v embedded gcc12/bin/../lib/gcc/riscv-wch-elf/12.2.0/../../../../riscv-wch-elf/lib/rv32imac_zba_zbb_zbc_zbs_xw/ilp32\libg_nano.a(lib_a-fwalk.o)
                0x00000000200a4b78                _fwalk_reent
 .text.__retarget_lock_init_recursive
                0x00000000200a4be0        0x2 d:/bianyiqi/mounriver/mounriver_studio2/resources/app/resources/win32/components/wch/toolchain/risc-v embedded gcc12/bin/../lib/gcc/riscv-wch-elf/12.2.0/../../../../riscv-wch-elf/lib/rv32imac_zba_zbb_zbc_zbs_xw/ilp32\libg_nano.a(lib_a-lock.o)
                0x00000000200a4be0                __retarget_lock_init_recursive
 .text.__retarget_lock_acquire_recursive
                0x00000000200a4be2        0x2 d:/bianyiqi/mounriver/mounriver_studio2/resources/app/resources/win32/components/wch/toolchain/risc-v embedded gcc12/bin/../lib/gcc/riscv-wch-elf/12.2.0/../../../../riscv-wch-elf/lib/rv32imac_zba_zbb_zbc_zbs_xw/ilp32\libg_nano.a(lib_a-lock.o)
                0x00000000200a4be2                __retarget_lock_acquire_recursive
 .text.__retarget_lock_release_recursive
                0x00000000200a4be4        0x2 d:/bianyiqi/mounriver/mounriver_studio2/resources/app/resources/win32/components/wch/toolchain/risc-v embedded gcc12/bin/../lib/gcc/riscv-wch-elf/12.2.0/../../../../riscv-wch-elf/lib/rv32imac_zba_zbb_zbc_zbs_xw/ilp32\libg_nano.a(lib_a-lock.o)
                0x00000000200a4be4                __retarget_lock_release_recursive
 .text.__swhatbuf_r
                0x00000000200a4be6       0x58 d:/bianyiqi/mounriver/mounriver_studio2/resources/app/resources/win32/components/wch/toolchain/risc-v embedded gcc12/bin/../lib/gcc/riscv-wch-elf/12.2.0/../../../../riscv-wch-elf/lib/rv32imac_zba_zbb_zbc_zbs_xw/ilp32\libg_nano.a(lib_a-makebuf.o)
                0x00000000200a4be6                __swhatbuf_r
 .text.__smakebuf_r
                0x00000000200a4c3e       0x94 d:/bianyiqi/mounriver/mounriver_studio2/resources/app/resources/win32/components/wch/toolchain/risc-v embedded gcc12/bin/../lib/gcc/riscv-wch-elf/12.2.0/../../../../riscv-wch-elf/lib/rv32imac_zba_zbb_zbc_zbs_xw/ilp32\libg_nano.a(lib_a-makebuf.o)
                0x00000000200a4c3e                __smakebuf_r
 .text._free_r  0x00000000200a4cd2       0x9e d:/bianyiqi/mounriver/mounriver_studio2/resources/app/resources/win32/components/wch/toolchain/risc-v embedded gcc12/bin/../lib/gcc/riscv-wch-elf/12.2.0/../../../../riscv-wch-elf/lib/rv32imac_zba_zbb_zbc_zbs_xw/ilp32\libg_nano.a(lib_a-nano-freer.o)
                0x00000000200a4cd2                _free_r
 .text.sbrk_aligned
                0x00000000200a4d70       0x54 d:/bianyiqi/mounriver/mounriver_studio2/resources/app/resources/win32/components/wch/toolchain/risc-v embedded gcc12/bin/../lib/gcc/riscv-wch-elf/12.2.0/../../../../riscv-wch-elf/lib/rv32imac_zba_zbb_zbc_zbs_xw/ilp32\libg_nano.a(lib_a-nano-mallocr.o)
 .text._malloc_r
                0x00000000200a4dc4      0x106 d:/bianyiqi/mounriver/mounriver_studio2/resources/app/resources/win32/components/wch/toolchain/risc-v embedded gcc12/bin/../lib/gcc/riscv-wch-elf/12.2.0/../../../../riscv-wch-elf/lib/rv32imac_zba_zbb_zbc_zbs_xw/ilp32\libg_nano.a(lib_a-nano-mallocr.o)
                0x00000000200a4dc4                _malloc_r
 .text.__sfputc_r
                0x00000000200a4eca       0x28 d:/bianyiqi/mounriver/mounriver_studio2/resources/app/resources/win32/components/wch/toolchain/risc-v embedded gcc12/bin/../lib/gcc/riscv-wch-elf/12.2.0/../../../../riscv-wch-elf/lib/rv32imac_zba_zbb_zbc_zbs_xw/ilp32\libg_nano.a(lib_a-nano-vfprintf.o)
 .text.__sfputs_r
                0x00000000200a4ef2       0x42 d:/bianyiqi/mounriver/mounriver_studio2/resources/app/resources/win32/components/wch/toolchain/risc-v embedded gcc12/bin/../lib/gcc/riscv-wch-elf/12.2.0/../../../../riscv-wch-elf/lib/rv32imac_zba_zbb_zbc_zbs_xw/ilp32\libg_nano.a(lib_a-nano-vfprintf.o)
                0x00000000200a4ef2                __sfputs_r
 .text._vfprintf_r
                0x00000000200a4f34      0x2b8 d:/bianyiqi/mounriver/mounriver_studio2/resources/app/resources/win32/components/wch/toolchain/risc-v embedded gcc12/bin/../lib/gcc/riscv-wch-elf/12.2.0/../../../../riscv-wch-elf/lib/rv32imac_zba_zbb_zbc_zbs_xw/ilp32\libg_nano.a(lib_a-nano-vfprintf.o)
                0x00000000200a4f34                _vfprintf_r
                0x00000000200a4f34                _vfiprintf_r
 .text._sbrk_r  0x00000000200a51ec       0x28 d:/bianyiqi/mounriver/mounriver_studio2/resources/app/resources/win32/components/wch/toolchain/risc-v embedded gcc12/bin/../lib/gcc/riscv-wch-elf/12.2.0/../../../../riscv-wch-elf/lib/rv32imac_zba_zbb_zbc_zbs_xw/ilp32\libg_nano.a(lib_a-sbrkr.o)
                0x00000000200a51ec                _sbrk_r
 .text.__sread  0x00000000200a5214       0x2a d:/bianyiqi/mounriver/mounriver_studio2/resources/app/resources/win32/components/wch/toolchain/risc-v embedded gcc12/bin/../lib/gcc/riscv-wch-elf/12.2.0/../../../../riscv-wch-elf/lib/rv32imac_zba_zbb_zbc_zbs_xw/ilp32\libg_nano.a(lib_a-stdio.o)
                0x00000000200a5214                __sread
 .text.__swrite
                0x00000000200a523e       0x46 d:/bianyiqi/mounriver/mounriver_studio2/resources/app/resources/win32/components/wch/toolchain/risc-v embedded gcc12/bin/../lib/gcc/riscv-wch-elf/12.2.0/../../../../riscv-wch-elf/lib/rv32imac_zba_zbb_zbc_zbs_xw/ilp32\libg_nano.a(lib_a-stdio.o)
                0x00000000200a523e                __swrite
 .text.__sseek  0x00000000200a5284       0x2e d:/bianyiqi/mounriver/mounriver_studio2/resources/app/resources/win32/components/wch/toolchain/risc-v embedded gcc12/bin/../lib/gcc/riscv-wch-elf/12.2.0/../../../../riscv-wch-elf/lib/rv32imac_zba_zbb_zbc_zbs_xw/ilp32\libg_nano.a(lib_a-stdio.o)
                0x00000000200a5284                __sseek
 .text.__sclose
                0x00000000200a52b2        0x6 d:/bianyiqi/mounriver/mounriver_studio2/resources/app/resources/win32/components/wch/toolchain/risc-v embedded gcc12/bin/../lib/gcc/riscv-wch-elf/12.2.0/../../../../riscv-wch-elf/lib/rv32imac_zba_zbb_zbc_zbs_xw/ilp32\libg_nano.a(lib_a-stdio.o)
                0x00000000200a52b2                __sclose
 .text._write_r
                0x00000000200a52b8       0x2c d:/bianyiqi/mounriver/mounriver_studio2/resources/app/resources/win32/components/wch/toolchain/risc-v embedded gcc12/bin/../lib/gcc/riscv-wch-elf/12.2.0/../../../../riscv-wch-elf/lib/rv32imac_zba_zbb_zbc_zbs_xw/ilp32\libg_nano.a(lib_a-writer.o)
                0x00000000200a52b8                _write_r
 .text._close_r
                0x00000000200a52e4       0x26 d:/bianyiqi/mounriver/mounriver_studio2/resources/app/resources/win32/components/wch/toolchain/risc-v embedded gcc12/bin/../lib/gcc/riscv-wch-elf/12.2.0/../../../../riscv-wch-elf/lib/rv32imac_zba_zbb_zbc_zbs_xw/ilp32\libg_nano.a(lib_a-closer.o)
                0x00000000200a52e4                _close_r
 .text._fstat_r
                0x00000000200a530a       0x28 d:/bianyiqi/mounriver/mounriver_studio2/resources/app/resources/win32/components/wch/toolchain/risc-v embedded gcc12/bin/../lib/gcc/riscv-wch-elf/12.2.0/../../../../riscv-wch-elf/lib/rv32imac_zba_zbb_zbc_zbs_xw/ilp32\libg_nano.a(lib_a-fstatr.o)
                0x00000000200a530a                _fstat_r
 .text._isatty_r
                0x00000000200a5332       0x26 d:/bianyiqi/mounriver/mounriver_studio2/resources/app/resources/win32/components/wch/toolchain/risc-v embedded gcc12/bin/../lib/gcc/riscv-wch-elf/12.2.0/../../../../riscv-wch-elf/lib/rv32imac_zba_zbb_zbc_zbs_xw/ilp32\libg_nano.a(lib_a-isattyr.o)
                0x00000000200a5332                _isatty_r
 .text._lseek_r
                0x00000000200a5358       0x2a d:/bianyiqi/mounriver/mounriver_studio2/resources/app/resources/win32/components/wch/toolchain/risc-v embedded gcc12/bin/../lib/gcc/riscv-wch-elf/12.2.0/../../../../riscv-wch-elf/lib/rv32imac_zba_zbb_zbc_zbs_xw/ilp32\libg_nano.a(lib_a-lseekr.o)
                0x00000000200a5358                _lseek_r
 .text.memchr   0x00000000200a5382       0x18 d:/bianyiqi/mounriver/mounriver_studio2/resources/app/resources/win32/components/wch/toolchain/risc-v embedded gcc12/bin/../lib/gcc/riscv-wch-elf/12.2.0/../../../../riscv-wch-elf/lib/rv32imac_zba_zbb_zbc_zbs_xw/ilp32\libg_nano.a(lib_a-memchr.o)
                0x00000000200a5382                memchr
 .text.__malloc_lock
                0x00000000200a539a        0x8 d:/bianyiqi/mounriver/mounriver_studio2/resources/app/resources/win32/components/wch/toolchain/risc-v embedded gcc12/bin/../lib/gcc/riscv-wch-elf/12.2.0/../../../../riscv-wch-elf/lib/rv32imac_zba_zbb_zbc_zbs_xw/ilp32\libg_nano.a(lib_a-mlock.o)
                0x00000000200a539a                __malloc_lock
 .text.__malloc_unlock
                0x00000000200a53a2        0x8 d:/bianyiqi/mounriver/mounriver_studio2/resources/app/resources/win32/components/wch/toolchain/risc-v embedded gcc12/bin/../lib/gcc/riscv-wch-elf/12.2.0/../../../../riscv-wch-elf/lib/rv32imac_zba_zbb_zbc_zbs_xw/ilp32\libg_nano.a(lib_a-mlock.o)
                0x00000000200a53a2                __malloc_unlock
 .text._printf_common
                0x00000000200a53aa      0x10a d:/bianyiqi/mounriver/mounriver_studio2/resources/app/resources/win32/components/wch/toolchain/risc-v embedded gcc12/bin/../lib/gcc/riscv-wch-elf/12.2.0/../../../../riscv-wch-elf/lib/rv32imac_zba_zbb_zbc_zbs_xw/ilp32\libg_nano.a(lib_a-nano-vfprintf_i.o)
                0x00000000200a53aa                _printf_common
 .text._printf_i
                0x00000000200a54b4      0x27c d:/bianyiqi/mounriver/mounriver_studio2/resources/app/resources/win32/components/wch/toolchain/risc-v embedded gcc12/bin/../lib/gcc/riscv-wch-elf/12.2.0/../../../../riscv-wch-elf/lib/rv32imac_zba_zbb_zbc_zbs_xw/ilp32\libg_nano.a(lib_a-nano-vfprintf_i.o)
                0x00000000200a54b4                _printf_i
 .text._read_r  0x00000000200a5730       0x2a d:/bianyiqi/mounriver/mounriver_studio2/resources/app/resources/win32/components/wch/toolchain/risc-v embedded gcc12/bin/../lib/gcc/riscv-wch-elf/12.2.0/../../../../riscv-wch-elf/lib/rv32imac_zba_zbb_zbc_zbs_xw/ilp32\libg_nano.a(lib_a-readr.o)
                0x00000000200a5730                _read_r
 .text._close   0x00000000200a575a        0xc d:/bianyiqi/mounriver/mounriver_studio2/resources/app/resources/win32/components/wch/toolchain/risc-v embedded gcc12/bin/../lib/gcc/riscv-wch-elf/12.2.0/../../../../riscv-wch-elf/lib/rv32imac_zba_zbb_zbc_zbs_xw/ilp32\libnosys.a(close.o)
                0x00000000200a575a                _close
 .text._fstat   0x00000000200a5766        0xc d:/bianyiqi/mounriver/mounriver_studio2/resources/app/resources/win32/components/wch/toolchain/risc-v embedded gcc12/bin/../lib/gcc/riscv-wch-elf/12.2.0/../../../../riscv-wch-elf/lib/rv32imac_zba_zbb_zbc_zbs_xw/ilp32\libnosys.a(fstat.o)
                0x00000000200a5766                _fstat
 .text._isatty  0x00000000200a5772        0xc d:/bianyiqi/mounriver/mounriver_studio2/resources/app/resources/win32/components/wch/toolchain/risc-v embedded gcc12/bin/../lib/gcc/riscv-wch-elf/12.2.0/../../../../riscv-wch-elf/lib/rv32imac_zba_zbb_zbc_zbs_xw/ilp32\libnosys.a(isatty.o)
                0x00000000200a5772                _isatty
 .text._lseek   0x00000000200a577e        0xc d:/bianyiqi/mounriver/mounriver_studio2/resources/app/resources/win32/components/wch/toolchain/risc-v embedded gcc12/bin/../lib/gcc/riscv-wch-elf/12.2.0/../../../../riscv-wch-elf/lib/rv32imac_zba_zbb_zbc_zbs_xw/ilp32\libnosys.a(lseek.o)
                0x00000000200a577e                _lseek
 .text._read    0x00000000200a578a        0xc d:/bianyiqi/mounriver/mounriver_studio2/resources/app/resources/win32/components/wch/toolchain/risc-v embedded gcc12/bin/../lib/gcc/riscv-wch-elf/12.2.0/../../../../riscv-wch-elf/lib/rv32imac_zba_zbb_zbc_zbs_xw/ilp32\libnosys.a(read.o)
                0x00000000200a578a                _read
 *(.rodata)
 *fill*         0x00000000200a5796        0x2 
 .rodata        0x00000000200a5798      0x210 e:\程序代码\分析仪\USB分析仪\V2.0\程序\260519\CH32H417_Logic_Analyzer_SourceCode_20260518B\CH32H417_Logic_Analyzer_APP\Common\ch32h417_uhsif_it.o
 *(.rodata*)
 .rodata.main.str1.4
                0x00000000200a59a8       0x17 ./User/main.o
 *fill*         0x00000000200a59bf        0x1 
 .rodata.LOGIC_ADC_CMD_Process
                0x00000000200a59c0       0x3c ./Common/ch32h417_logic.o
 .rodata.LOGIC_ADC_RAMOVER_Process.str1.4
                0x00000000200a59fc       0x15 ./Common/ch32h417_logic.o
 *fill*         0x00000000200a5a11        0x3 
 .rodata.IAP_JUMP_Process.str1.4
                0x00000000200a5a14        0x6 ./Common/ch32h417_logic.o
 *fill*         0x00000000200a5a1a        0x2 
 .rodata.CSWTCH.70
                0x00000000200a5a1c       0x10 ./Common/ch32h417_logic.o
 .rodata.CSWTCH.69
                0x00000000200a5a2c       0x10 ./Common/ch32h417_logic.o
 .rodata.USBHS_IRQHandler
                0x00000000200a5a3c       0x68 ./Common/ch32h417_usbhs_device.o
 .rodata.USBSS_IRQHandler
                0x00000000200a5aa4       0x6c ./Common/ch32h417_usbss_it.o
 .rodata.MyBOSDesc_SS
                0x00000000200a5b10       0x16 ./Common/usb_desc.o
                0x00000000200a5b10                MyBOSDesc_SS
 *fill*         0x00000000200a5b26        0x2 
 .rodata.OSStringDescriptor
                0x00000000200a5b28       0x12 ./Common/usb_desc.o
                0x00000000200a5b28                OSStringDescriptor
 *fill*         0x00000000200a5b3a        0x2 
 .rodata.MySerNumInfo
                0x00000000200a5b3c       0x16 ./Common/usb_desc.o
                0x00000000200a5b3c                MySerNumInfo
 *fill*         0x00000000200a5b52        0x2 
 .rodata.MyProdInfo
                0x00000000200a5b54       0x26 ./Common/usb_desc.o
                0x00000000200a5b54                MyProdInfo
 *fill*         0x00000000200a5b7a        0x2 
 .rodata.MyManuInfo
                0x00000000200a5b7c        0xe ./Common/usb_desc.o
                0x00000000200a5b7c                MyManuInfo
 *fill*         0x00000000200a5b8a        0x2 
 .rodata.SS_ConfigDescriptor
                0x00000000200a5b8c       0x60 ./Common/usb_desc.o
                0x00000000200a5b8c                SS_ConfigDescriptor
 .rodata.SS_DeviceDescriptor
                0x00000000200a5bec       0x12 ./Common/usb_desc.o
                0x00000000200a5bec                SS_DeviceDescriptor
 *fill*         0x00000000200a5bfe        0x2 
 .rodata.MyQuaDesc
                0x00000000200a5c00        0xa ./Common/usb_desc.o
                0x00000000200a5c00                MyQuaDesc
 *fill*         0x00000000200a5c0a        0x2 
 .rodata.MyCfgDescr_FS
                0x00000000200a5c0c       0x3c ./Common/usb_desc.o
                0x00000000200a5c0c                MyCfgDescr_FS
 .rodata.MyCfgDescr_HS
                0x00000000200a5c48       0x3c ./Common/usb_desc.o
                0x00000000200a5c48                MyCfgDescr_HS
 .rodata.MyDevDescr
                0x00000000200a5c84       0x12 ./Common/usb_desc.o
                0x00000000200a5c84                MyDevDescr
 *fill*         0x00000000200a5c96        0x2 
 .rodata.UhsifWavedataPosition_MASTER
                0x00000000200a5c98        0xb e:\程序代码\分析仪\USB分析仪\V2.0\程序\260519\CH32H417_Logic_Analyzer_SourceCode_20260518B\CH32H417_Logic_Analyzer_APP\Common\ch32h417_uhsif_it.o
                0x00000000200a5c98                UhsifWavedataPosition_MASTER
 *fill*         0x00000000200a5ca3        0x1 
 .rodata.UhsifWavedata_MASTER
                0x00000000200a5ca4       0xd8 e:\程序代码\分析仪\USB分析仪\V2.0\程序\260519\CH32H417_Logic_Analyzer_SourceCode_20260518B\CH32H417_Logic_Analyzer_APP\Common\ch32h417_uhsif_it.o
                0x00000000200a5ca4                UhsifWavedata_MASTER
 .rodata.UhsifWavedata_Slave_SOC
                0x00000000200a5d7c       0x48 e:\程序代码\分析仪\USB分析仪\V2.0\程序\260519\CH32H417_Logic_Analyzer_SourceCode_20260518B\CH32H417_Logic_Analyzer_APP\Common\ch32h417_uhsif_it.o
                0x00000000200a5d7c                UhsifWavedata_Slave_SOC
 .rodata.UhsifWavedata_Slave_FPGA
                0x00000000200a5dc4       0x48 e:\程序代码\分析仪\USB分析仪\V2.0\程序\260519\CH32H417_Logic_Analyzer_SourceCode_20260518B\CH32H417_Logic_Analyzer_APP\Common\ch32h417_uhsif_it.o
                0x00000000200a5dc4                UhsifWavedata_Slave_FPGA
 .rodata.__clz_tab
                0x00000000200a5e0c      0x100 d:/bianyiqi/mounriver/mounriver_studio2/resources/app/resources/win32/components/wch/toolchain/risc-v embedded gcc12/bin/../lib/gcc/riscv-wch-elf/12.2.0/rv32imac_zba_zbb_zbc_zbs_xw/ilp32\libgcc.a(_clz.o)
                0x00000000200a5e0c                __clz_tab
 .rodata.__sf_fake_stderr
                0x00000000200a5f0c       0x20 d:/bianyiqi/mounriver/mounriver_studio2/resources/app/resources/win32/components/wch/toolchain/risc-v embedded gcc12/bin/../lib/gcc/riscv-wch-elf/12.2.0/../../../../riscv-wch-elf/lib/rv32imac_zba_zbb_zbc_zbs_xw/ilp32\libg_nano.a(lib_a-findfp.o)
                0x00000000200a5f0c                __sf_fake_stderr
 .rodata.__sf_fake_stdout
                0x00000000200a5f2c       0x20 d:/bianyiqi/mounriver/mounriver_studio2/resources/app/resources/win32/components/wch/toolchain/risc-v embedded gcc12/bin/../lib/gcc/riscv-wch-elf/12.2.0/../../../../riscv-wch-elf/lib/rv32imac_zba_zbb_zbc_zbs_xw/ilp32\libg_nano.a(lib_a-findfp.o)
                0x00000000200a5f2c                __sf_fake_stdout
 .rodata.__sf_fake_stdin
                0x00000000200a5f4c       0x20 d:/bianyiqi/mounriver/mounriver_studio2/resources/app/resources/win32/components/wch/toolchain/risc-v embedded gcc12/bin/../lib/gcc/riscv-wch-elf/12.2.0/../../../../riscv-wch-elf/lib/rv32imac_zba_zbb_zbc_zbs_xw/ilp32\libg_nano.a(lib_a-findfp.o)
                0x00000000200a5f4c                __sf_fake_stdin
 .rodata._vfprintf_r.str1.4
                0x00000000200a5f6c       0x13 d:/bianyiqi/mounriver/mounriver_studio2/resources/app/resources/win32/components/wch/toolchain/risc-v embedded gcc12/bin/../lib/gcc/riscv-wch-elf/12.2.0/../../../../riscv-wch-elf/lib/rv32imac_zba_zbb_zbc_zbs_xw/ilp32\libg_nano.a(lib_a-nano-vfprintf.o)
 *fill*         0x00000000200a5f7f        0x1 
 .rodata._printf_i.str1.4
                0x00000000200a5f80       0x25 d:/bianyiqi/mounriver/mounriver_studio2/resources/app/resources/win32/components/wch/toolchain/risc-v embedded gcc12/bin/../lib/gcc/riscv-wch-elf/12.2.0/../../../../riscv-wch-elf/lib/rv32imac_zba_zbb_zbc_zbs_xw/ilp32\libg_nano.a(lib_a-nano-vfprintf_i.o)
 *fill*         0x00000000200a5fa5        0x3 
 .rodata._printf_i
                0x00000000200a5fa8       0x58 d:/bianyiqi/mounriver/mounriver_studio2/resources/app/resources/win32/components/wch/toolchain/risc-v embedded gcc12/bin/../lib/gcc/riscv-wch-elf/12.2.0/../../../../riscv-wch-elf/lib/rv32imac_zba_zbb_zbc_zbs_xw/ilp32\libg_nano.a(lib_a-nano-vfprintf_i.o)
 *(.sdata2.*)
 *(.glue_7)
 *(.glue_7t)
 *(.gnu.linkonce.t.*)
                0x00000000200a6000                . = ALIGN (0x4)
                0x00000000200a6000                PROVIDE (_highcode_vma_end = .)

.text           0x00000000000260e4       0x54
                0x00000000000260e4                . = ALIGN (0x4)
 *(SORT_NONE(.handle_reset))
 .handle_reset  0x00000000000260e4       0x52 ./Startup/startup_ch32h417_v5f.o
                0x00000000000260e4                handle_reset
                0x0000000000026138                . = ALIGN (0x4)
 *fill*         0x0000000000026136        0x2 

.rela.dyn       0x0000000000026138        0x0
 .rela.init     0x0000000000026138        0x0 ./User/ch32h417_it.o
 .rela.vector   0x0000000000026138        0x0 ./User/ch32h417_it.o
 .rela.load     0x0000000000026138        0x0 ./User/ch32h417_it.o
 .rela.handle_reset
                0x0000000000026138        0x0 ./User/ch32h417_it.o
 .rela.text._sbrk
                0x0000000000026138        0x0 ./User/ch32h417_it.o
 .rela.sdata.curbrk.0
                0x0000000000026138        0x0 ./User/ch32h417_it.o
 .rela.text._vfprintf_r
                0x0000000000026138        0x0 ./User/ch32h417_it.o

.highcodelalign1
                0x0000000000026138        0x0
                0x0000000000026138                . = ALIGN (0x4)
                0x0000000000026138                PROVIDE (_highcode_lma1 = .)

.fini           0x00000000200a6000        0x0 load address 0x0000000000026138
                0x00000000200a6000                . = ALIGN (0x4)
                0x00000000200a6000                PROVIDE (_highcode_vma_start1 = .)
 *(SORT_NONE(.fini))
                0x00000000200a6000                . = ALIGN (0x4)
                [!provide]                        PROVIDE (_etext = .)
                [!provide]                        PROVIDE (_eitcm = .)

.preinit_array  0x00000000200a6000        0x0 load address 0x0000000000026138
                [!provide]                        PROVIDE (__preinit_array_start = .)
 *(.preinit_array)
                [!provide]                        PROVIDE (__preinit_array_end = .)

.init_array     0x00000000200a6000        0x0 load address 0x0000000000026138
                [!provide]                        PROVIDE (__init_array_start = .)
 *(SORT_BY_INIT_PRIORITY(.init_array.*) SORT_BY_INIT_PRIORITY(.ctors.*))
 *(.init_array EXCLUDE_FILE(*crtend?.o *crtend.o *crtbegin?.o *crtbegin.o) .ctors)
                [!provide]                        PROVIDE (__init_array_end = .)

.fini_array     0x00000000200a6000        0x0 load address 0x0000000000026138
                [!provide]                        PROVIDE (__fini_array_start = .)
 *(SORT_BY_INIT_PRIORITY(.fini_array.*) SORT_BY_INIT_PRIORITY(.dtors.*))
 *(.fini_array EXCLUDE_FILE(*crtend?.o *crtend.o *crtbegin?.o *crtbegin.o) .dtors)
                [!provide]                        PROVIDE (__fini_array_end = .)

.ctors
 *crtbegin.o(.ctors)
 *crtbegin?.o(.ctors)
 *(EXCLUDE_FILE(*crtend?.o *crtend.o) .ctors)
 *(SORT_BY_NAME(.ctors.*))
 *(.ctors)

.dtors          0x00000000200a6000        0x0 load address 0x0000000000026138
 *crtbegin.o(.dtors)
 *crtbegin?.o(.dtors)
 *(EXCLUDE_FILE(*crtend?.o *crtend.o) .dtors)
 *(SORT_BY_NAME(.dtors.*))
 *(.dtors)
                0x00000000200a6000                . = ALIGN (0x4)
                0x00000000200a6000                PROVIDE (_highcode_vma_end1 = .)

.dalign         0x00000000200c0c00        0x0 load address 0x0000000000026138
                0x00000000200c0c00                . = ALIGN (0x4)
                0x00000000200c0c00                PROVIDE (_data_vma = .)

.dlalign        0x0000000000026138        0x0
                0x0000000000026138                . = ALIGN (0x4)
                0x0000000000026138                PROVIDE (_data_lma = .)

.data           0x00000000200c0c00      0x440 load address 0x0000000000026138
                0x00000000200c0c00                . = ALIGN (0x4)
 *(.gnu.linkonce.r.*)
 *(.data .data.*)
 .data.SERDESPLLMULTB
                0x00000000200c0c00       0x10 ./User/system_ch32h417.o
 .data.HBPrescTB
                0x00000000200c0c10       0x10 ./User/system_ch32h417.o
 .data.PLLMULTB
                0x00000000200c0c20       0x20 ./User/system_ch32h417.o
 .data.SERDESPLLMULTable
                0x00000000200c0c40       0x10 ./Peripheral/src/ch32h417_rcc.o
 .data.HBPrescTable
                0x00000000200c0c50       0x10 ./Peripheral/src/ch32h417_rcc.o
 .data.PLLMULTable
                0x00000000200c0c60       0x20 ./Peripheral/src/ch32h417_rcc.o
 .data.IFTest_Buf
                0x00000000200c0c80       0x35 ./Common/ch32h417_usbhs_device.o
                0x00000000200c0c80                IFTest_Buf
 *fill*         0x00000000200c0cb5        0x3 
 .data.TAB_USB_HS_OSC_DESC
                0x00000000200c0cb8       0x3c ./Common/usb_desc.o
                0x00000000200c0cb8                TAB_USB_HS_OSC_DESC
 .data.TAB_USB_FS_OSC_DESC
                0x00000000200c0cf4       0x3c ./Common/usb_desc.o
                0x00000000200c0cf4                TAB_USB_FS_OSC_DESC
 .data.UHSIF_THREAD_OUT
                0x00000000200c0d30       0x10 e:\程序代码\分析仪\USB分析仪\V2.0\程序\260519\CH32H417_Logic_Analyzer_SourceCode_20260518B\CH32H417_Logic_Analyzer_APP\Common\ch32h417_uhsif_it.o
                0x00000000200c0d30                UHSIF_THREAD_OUT
 .data.UHSIF_THREAD_IN
                0x00000000200c0d40       0x10 e:\程序代码\分析仪\USB分析仪\V2.0\程序\260519\CH32H417_Logic_Analyzer_SourceCode_20260518B\CH32H417_Logic_Analyzer_APP\Common\ch32h417_uhsif_it.o
                0x00000000200c0d40                UHSIF_THREAD_IN
 .data.UhsifRegValue_MASTER
                0x00000000200c0d50      0x130 e:\程序代码\分析仪\USB分析仪\V2.0\程序\260519\CH32H417_Logic_Analyzer_SourceCode_20260518B\CH32H417_Logic_Analyzer_APP\Common\ch32h417_uhsif_it.o
                0x00000000200c0d50                UhsifRegValue_MASTER
 .data.UhsifRegValue
                0x00000000200c0e80      0x130 e:\程序代码\分析仪\USB分析仪\V2.0\程序\260519\CH32H417_Logic_Analyzer_SourceCode_20260518B\CH32H417_Logic_Analyzer_APP\Common\ch32h417_uhsif_it.o
                0x00000000200c0e80                UhsifRegValue
 .data.impure_data
                0x00000000200c0fb0       0x60 d:/bianyiqi/mounriver/mounriver_studio2/resources/app/resources/win32/components/wch/toolchain/risc-v embedded gcc12/bin/../lib/gcc/riscv-wch-elf/12.2.0/../../../../riscv-wch-elf/lib/rv32imac_zba_zbb_zbc_zbs_xw/ilp32\libg_nano.a(lib_a-impure.o)
 *(.gnu.linkonce.d.*)
                0x00000000200c1010                . = ALIGN (0x8)
                0x00000000200c1810                PROVIDE (__global_pointer$ = (. + 0x800))
 *(.sdata .sdata.*)
 .sdata.FPRETB  0x00000000200c1010        0x4 ./User/system_ch32h417.o
 .sdata.ADCPRETable
                0x00000000200c1014        0x4 ./Peripheral/src/ch32h417_rcc.o
 .sdata.PPRE2Table
                0x00000000200c1018        0x8 ./Peripheral/src/ch32h417_rcc.o
 .sdata.FPRETable
                0x00000000200c1020        0x4 ./Peripheral/src/ch32h417_rcc.o
 .sdata.curbrk.0
                0x00000000200c1024        0x4 ./Common/Debug/debug.o
 .sdata.Flash_Erase_Page_Size
                0x00000000200c1028        0x4 ./Common/ch32h417_logic.o
                0x00000000200c1028                Flash_Erase_Page_Size
 .sdata._impure_ptr
                0x00000000200c102c        0x4 d:/bianyiqi/mounriver/mounriver_studio2/resources/app/resources/win32/components/wch/toolchain/risc-v embedded gcc12/bin/../lib/gcc/riscv-wch-elf/12.2.0/../../../../riscv-wch-elf/lib/rv32imac_zba_zbb_zbc_zbs_xw/ilp32\libg_nano.a(lib_a-impure.o)
                0x00000000200c102c                _impure_ptr
 *(.sdata2.*)
 *(.gnu.linkonce.s.*)
                0x00000000200c1030                . = ALIGN (0x8)
 *(.srodata.cst16)
 *(.srodata.cst8)
 *(.srodata.cst4)
 *(.srodata.cst2)
 *(.srodata .srodata.*)
 .srodata.MyLangDescr
                0x00000000200c1030        0x4 ./Common/usb_desc.o
                0x00000000200c1030                MyLangDescr
 .srodata.UhsifWavedataPosition_Slave_SOC
                0x00000000200c1034        0x4 e:\程序代码\分析仪\USB分析仪\V2.0\程序\260519\CH32H417_Logic_Analyzer_SourceCode_20260518B\CH32H417_Logic_Analyzer_APP\Common\ch32h417_uhsif_it.o
                0x00000000200c1034                UhsifWavedataPosition_Slave_SOC
 .srodata.UhsifWavedataPosition_Slave_FPGA
                0x00000000200c1038        0x4 e:\程序代码\分析仪\USB分析仪\V2.0\程序\260519\CH32H417_Logic_Analyzer_SourceCode_20260518B\CH32H417_Logic_Analyzer_APP\Common\ch32h417_uhsif_it.o
                0x00000000200c1038                UhsifWavedataPosition_Slave_FPGA
 .srodata._global_impure_ptr
                0x00000000200c103c        0x4 d:/bianyiqi/mounriver/mounriver_studio2/resources/app/resources/win32/components/wch/toolchain/risc-v embedded gcc12/bin/../lib/gcc/riscv-wch-elf/12.2.0/../../../../riscv-wch-elf/lib/rv32imac_zba_zbb_zbc_zbs_xw/ilp32\libg_nano.a(lib_a-impure.o)
                0x00000000200c103c                _global_impure_ptr
                0x00000000200c1040                . = ALIGN (0x4)
                0x00000000200c1040                PROVIDE (_edata = .)

.bss            0x00000000200c1040    0x12514 load address 0x0000000000026578
                0x00000000200c1040                . = ALIGN (0x4)
                0x00000000200c1040                PROVIDE (_sbss = .)
 *(.sbss*)
 .sbss.SystemCoreClock
                0x00000000200c1040        0x4 ./User/system_ch32h417.o
                0x00000000200c1040                SystemCoreClock
 .sbss.SystemClock
                0x00000000200c1044        0x4 ./User/system_ch32h417.o
                0x00000000200c1044                SystemClock
 .sbss.HCLKClock
                0x00000000200c1048        0x4 ./User/system_ch32h417.o
                0x00000000200c1048                HCLKClock
 .sbss.p_ms     0x00000000200c104c        0x4 ./Common/Debug/debug.o
 .sbss.p_us     0x00000000200c1050        0x2 ./Common/Debug/debug.o
 .sbss.USBHS_DevEnumStatus
                0x00000000200c1052        0x1 ./Common/ch32h417_usbhs_device.o
                0x00000000200c1052                USBHS_DevEnumStatus
 .sbss.USBHS_DevSleepStatus
                0x00000000200c1053        0x1 ./Common/ch32h417_usbhs_device.o
                0x00000000200c1053                USBHS_DevSleepStatus
 .sbss.USBHS_DevSpeed
                0x00000000200c1054        0x1 ./Common/ch32h417_usbhs_device.o
                0x00000000200c1054                USBHS_DevSpeed
 *fill*         0x00000000200c1055        0x1 
 .sbss.USBHS_DevMaxPackLen
                0x00000000200c1056        0x2 ./Common/ch32h417_usbhs_device.o
                0x00000000200c1056                USBHS_DevMaxPackLen
 .sbss.USBHS_DevAddr
                0x00000000200c1058        0x1 ./Common/ch32h417_usbhs_device.o
                0x00000000200c1058                USBHS_DevAddr
 .sbss.USBHS_DevConfig
                0x00000000200c1059        0x1 ./Common/ch32h417_usbhs_device.o
                0x00000000200c1059                USBHS_DevConfig
 .sbss.USBHS_SetupReqLen
                0x00000000200c105a        0x2 ./Common/ch32h417_usbhs_device.o
                0x00000000200c105a                USBHS_SetupReqLen
 .sbss.USBHS_SetupReqIndex
                0x00000000200c105c        0x2 ./Common/ch32h417_usbhs_device.o
                0x00000000200c105c                USBHS_SetupReqIndex
 .sbss.USBHS_SetupReqValue
                0x00000000200c105e        0x2 ./Common/ch32h417_usbhs_device.o
                0x00000000200c105e                USBHS_SetupReqValue
 .sbss.USBHS_SetupReqType
                0x00000000200c1060        0x1 ./Common/ch32h417_usbhs_device.o
                0x00000000200c1060                USBHS_SetupReqType
 .sbss.USBHS_SetupReqCode
                0x00000000200c1061        0x1 ./Common/ch32h417_usbhs_device.o
                0x00000000200c1061                USBHS_SetupReqCode
 *fill*         0x00000000200c1062        0x2 
 .sbss.pUSBHS_Descr
                0x00000000200c1064        0x4 ./Common/ch32h417_usbhs_device.o
                0x00000000200c1064                pUSBHS_Descr
 .sbss.USBHS_Test_Flag
                0x00000000200c1068        0x1 ./Common/ch32h417_usbhs_device.o
                0x00000000200c1068                USBHS_Test_Flag
 .sbss.link_low_power.0
                0x00000000200c1069        0x1 ./Common/ch32h417_usbss_device.o
 .sbss.u3_first_count.1
                0x00000000200c106a        0x1 ./Common/ch32h417_usbss_device.o
 .sbss.USB_Enum_Status
                0x00000000200c106b        0x1 ./Common/ch32h417_usbss_device.o
                0x00000000200c106b                USB_Enum_Status
 .sbss.USBSS_DevEnumStatus
                0x00000000200c106c        0x1 ./Common/ch32h417_usbss_it.o
                0x00000000200c106c                USBSS_DevEnumStatus
 .sbss.USBSS_DevSleepStatus
                0x00000000200c106d        0x1 ./Common/ch32h417_usbss_it.o
                0x00000000200c106d                USBSS_DevSleepStatus
 .sbss.USBSS_DevConfig
                0x00000000200c106e        0x1 ./Common/ch32h417_usbss_it.o
                0x00000000200c106e                USBSS_DevConfig
 *fill*         0x00000000200c106f        0x1 
 .sbss.USBSS_SetupReqLen
                0x00000000200c1070        0x2 ./Common/ch32h417_usbss_it.o
                0x00000000200c1070                USBSS_SetupReqLen
 .sbss.USBSS_SetupReqIndex
                0x00000000200c1072        0x2 ./Common/ch32h417_usbss_it.o
                0x00000000200c1072                USBSS_SetupReqIndex
 .sbss.USBSS_SetupReqValue
                0x00000000200c1074        0x2 ./Common/ch32h417_usbss_it.o
                0x00000000200c1074                USBSS_SetupReqValue
 .sbss.USBSS_SetupReqCode
                0x00000000200c1076        0x1 ./Common/ch32h417_usbss_it.o
                0x00000000200c1076                USBSS_SetupReqCode
 .sbss.USBSS_SetupReqType
                0x00000000200c1077        0x1 ./Common/ch32h417_usbss_it.o
                0x00000000200c1077                USBSS_SetupReqType
 .sbss.pUSBSS_Descr
                0x00000000200c1078        0x4 ./Common/ch32h417_usbss_it.o
                0x00000000200c1078                pUSBSS_Descr
 .sbss.__lock___malloc_recursive_mutex
                0x00000000200c107c        0x1 d:/bianyiqi/mounriver/mounriver_studio2/resources/app/resources/win32/components/wch/toolchain/risc-v embedded gcc12/bin/../lib/gcc/riscv-wch-elf/12.2.0/../../../../riscv-wch-elf/lib/rv32imac_zba_zbb_zbc_zbs_xw/ilp32\libg_nano.a(lib_a-lock.o)
                0x00000000200c107c                __lock___malloc_recursive_mutex
 *fill*         0x00000000200c107d        0x3 
 .sbss.__lock___sfp_recursive_mutex
                0x00000000200c1080        0x1 d:/bianyiqi/mounriver/mounriver_studio2/resources/app/resources/win32/components/wch/toolchain/risc-v embedded gcc12/bin/../lib/gcc/riscv-wch-elf/12.2.0/../../../../riscv-wch-elf/lib/rv32imac_zba_zbb_zbc_zbs_xw/ilp32\libg_nano.a(lib_a-lock.o)
                0x00000000200c1080                __lock___sfp_recursive_mutex
 *fill*         0x00000000200c1081        0x3 
 .sbss.__lock___sinit_recursive_mutex
                0x00000000200c1084        0x1 d:/bianyiqi/mounriver/mounriver_studio2/resources/app/resources/win32/components/wch/toolchain/risc-v embedded gcc12/bin/../lib/gcc/riscv-wch-elf/12.2.0/../../../../riscv-wch-elf/lib/rv32imac_zba_zbb_zbc_zbs_xw/ilp32\libg_nano.a(lib_a-lock.o)
                0x00000000200c1084                __lock___sinit_recursive_mutex
 *fill*         0x00000000200c1085        0x3 
 .sbss.__malloc_sbrk_start
                0x00000000200c1088        0x4 d:/bianyiqi/mounriver/mounriver_studio2/resources/app/resources/win32/components/wch/toolchain/risc-v embedded gcc12/bin/../lib/gcc/riscv-wch-elf/12.2.0/../../../../riscv-wch-elf/lib/rv32imac_zba_zbb_zbc_zbs_xw/ilp32\libg_nano.a(lib_a-nano-mallocr.o)
                0x00000000200c1088                __malloc_sbrk_start
 .sbss.__malloc_free_list
                0x00000000200c108c        0x4 d:/bianyiqi/mounriver/mounriver_studio2/resources/app/resources/win32/components/wch/toolchain/risc-v embedded gcc12/bin/../lib/gcc/riscv-wch-elf/12.2.0/../../../../riscv-wch-elf/lib/rv32imac_zba_zbb_zbc_zbs_xw/ilp32\libg_nano.a(lib_a-nano-mallocr.o)
                0x00000000200c108c                __malloc_free_list
 .sbss.errno    0x00000000200c1090        0x4 d:/bianyiqi/mounriver/mounriver_studio2/resources/app/resources/win32/components/wch/toolchain/risc-v embedded gcc12/bin/../lib/gcc/riscv-wch-elf/12.2.0/../../../../riscv-wch-elf/lib/rv32imac_zba_zbb_zbc_zbs_xw/ilp32\libg_nano.a(lib_a-reent.o)
                0x00000000200c1090                errno
 *(.gnu.linkonce.sb.*)
 *(.bss*)
 *fill*         0x00000000200c1094        0xc 
 .bss.ADC_BufB  0x00000000200c10a0     0x8800 ./Common/ch32h417_logic.o
                0x00000000200c10a0                ADC_BufB
 .bss.ADC_BufA  0x00000000200c98a0     0x8800 ./Common/ch32h417_logic.o
                0x00000000200c98a0                ADC_BufA
 .bss.logic_adc_info
                0x00000000200d20a0      0x224 ./Common/ch32h417_logic.o
                0x00000000200d20a0                logic_adc_info
 .bss.USBHS_EP0_Buf
                0x00000000200d22c4       0x40 ./Common/ch32h417_usbhs_device.o
                0x00000000200d22c4                USBHS_EP0_Buf
 .bss.USBSS_Dev_Info
                0x00000000200d2304       0x1c ./Common/ch32h417_usbss_device.o
                0x00000000200d2304                USBSS_Dev_Info
 .bss.USBSS_EP1_Rx_Buf
                0x00000000200d2320      0x400 ./Common/ch32h417_usbss_it.o
                0x00000000200d2320                USBSS_EP1_Rx_Buf
 .bss.USBSS_EP1_Tx_Buf
                0x00000000200d2720      0x400 ./Common/ch32h417_usbss_it.o
                0x00000000200d2720                USBSS_EP1_Tx_Buf
 .bss.USBSS_EP0_Buf
                0x00000000200d2b20      0x200 ./Common/ch32h417_usbss_it.o
                0x00000000200d2b20                USBSS_EP0_Buf
 .bss.SOCKET_DSCR_RD
                0x00000000200d2d20      0x400 e:\程序代码\分析仪\USB分析仪\V2.0\程序\260519\CH32H417_Logic_Analyzer_SourceCode_20260518B\CH32H417_Logic_Analyzer_APP\Common\ch32h417_uhsif_it.o
                0x00000000200d2d20                SOCKET_DSCR_RD
 .bss.SOCKET_DSCR_WR
                0x00000000200d3120      0x400 e:\程序代码\分析仪\USB分析仪\V2.0\程序\260519\CH32H417_Logic_Analyzer_SourceCode_20260518B\CH32H417_Logic_Analyzer_APP\Common\ch32h417_uhsif_it.o
                0x00000000200d3120                SOCKET_DSCR_WR
 .bss.UHSIF_Para
                0x00000000200d3520       0x34 e:\程序代码\分析仪\USB分析仪\V2.0\程序\260519\CH32H417_Logic_Analyzer_SourceCode_20260518B\CH32H417_Logic_Analyzer_APP\Common\ch32h417_uhsif_it.o
                0x00000000200d3520                UHSIF_Para
 *(.gnu.linkonce.b.*)
 *(COMMON*)
                0x00000000200d3554                . = ALIGN (0x4)
                0x00000000200d3554                PROVIDE (_ebss = .)
                0x00000000200d3554                PROVIDE (_end = _ebss)
                [!provide]                        PROVIDE (end = .)

.stack          0x00000000200ff800      0x800
                0x00000000200ff800                PROVIDE (_heap_end = .)
                0x00000000200ff800                . = ALIGN (0x4)
                [!provide]                        PROVIDE (_susrstack = .)
                0x0000000020100000                . = (. + __stack_size)
 *fill*         0x00000000200ff800      0x800 
                0x0000000020100000                PROVIDE (_eusrstack = .)

.sram           0x0000000020100000    0x40000
                0x0000000020100000                . = ALIGN (0x4)
 *(.da1)
 .da1           0x0000000020100000    0x40000 ./Common/ch32h417_usbss_it.o
                0x0000000020100000                USBSS_EP2_Tx_Th1_Buf
                0x0000000020120000                USBSS_EP2_Tx_Th0_Buf
OUTPUT(CH32H417_Logic_Analyzer_V5F.elf elf32-littleriscv)

.debug_info     0x0000000000000000    0x122aa
 .debug_info    0x0000000000000000      0x3dc ./User/ch32h417_it.o
 .debug_info    0x00000000000003dc      0x143 ./User/main.o
 .debug_info    0x000000000000051f      0x5df ./User/system_ch32h417.o
 .debug_info    0x0000000000000afe       0x23 ./Startup/startup_ch32h417_v5f.o
 .debug_info    0x0000000000000b21      0x4bf ./Peripheral/src/ch32h417_dac.o
 .debug_info    0x0000000000000fe0      0xc5c ./Peripheral/src/ch32h417_flash.o
 .debug_info    0x0000000000001c3c      0xb63 ./Peripheral/src/ch32h417_gpio.o
 .debug_info    0x000000000000279f      0x509 ./Peripheral/src/ch32h417_hsadc.o
 .debug_info    0x0000000000002ca8     0x165a ./Peripheral/src/ch32h417_rcc.o
 .debug_info    0x0000000000004302     0x26b1 ./Peripheral/src/ch32h417_tim.o
 .debug_info    0x00000000000069b3      0xb26 ./Peripheral/src/ch32h417_usart.o
 .debug_info    0x00000000000074d9      0x6d9 ./Common/Debug/debug.o
 .debug_info    0x0000000000007bb2     0x274f ./Common/ch32h417_logic.o
 .debug_info    0x000000000000a301      0x5e5 ./Common/ch32h417_uhsif.o
 .debug_info    0x000000000000a8e6     0x17c0 ./Common/ch32h417_usbhs_device.o
 .debug_info    0x000000000000c0a6     0x211f ./Common/ch32h417_usbss_device.o
 .debug_info    0x000000000000e1c5     0x11fb ./Common/ch32h417_usbss_it.o
 .debug_info    0x000000000000f3c0      0x3c9 ./Common/hardware.o
 .debug_info    0x000000000000f789      0x3b5 ./Common/usb_desc.o
 .debug_info    0x000000000000fb3e     0x276c e:\程序代码\分析仪\USB分析仪\V2.0\程序\260519\CH32H417_Logic_Analyzer_SourceCode_20260518B\CH32H417_Logic_Analyzer_APP\Common\ch32h417_uhsif_it.o

.debug_abbrev   0x0000000000000000     0x30ba
 .debug_abbrev  0x0000000000000000      0x10f ./User/ch32h417_it.o
 .debug_abbrev  0x000000000000010f       0xdf ./User/main.o
 .debug_abbrev  0x00000000000001ee      0x186 ./User/system_ch32h417.o
 .debug_abbrev  0x0000000000000374       0x12 ./Startup/startup_ch32h417_v5f.o
 .debug_abbrev  0x0000000000000386      0x1ee ./Peripheral/src/ch32h417_dac.o
 .debug_abbrev  0x0000000000000574      0x318 ./Peripheral/src/ch32h417_flash.o
 .debug_abbrev  0x000000000000088c      0x269 ./Peripheral/src/ch32h417_gpio.o
 .debug_abbrev  0x0000000000000af5      0x1e3 ./Peripheral/src/ch32h417_hsadc.o
 .debug_abbrev  0x0000000000000cd8      0x39f ./Peripheral/src/ch32h417_rcc.o
 .debug_abbrev  0x0000000000001077      0x337 ./Peripheral/src/ch32h417_tim.o
 .debug_abbrev  0x00000000000013ae      0x210 ./Peripheral/src/ch32h417_usart.o
 .debug_abbrev  0x00000000000015be      0x23a ./Common/Debug/debug.o
 .debug_abbrev  0x00000000000017f8      0x4a9 ./Common/ch32h417_logic.o
 .debug_abbrev  0x0000000000001ca1      0x263 ./Common/ch32h417_uhsif.o
 .debug_abbrev  0x0000000000001f04      0x396 ./Common/ch32h417_usbhs_device.o
 .debug_abbrev  0x000000000000229a      0x4b9 ./Common/ch32h417_usbss_device.o
 .debug_abbrev  0x0000000000002753      0x353 ./Common/ch32h417_usbss_it.o
 .debug_abbrev  0x0000000000002aa6      0x160 ./Common/hardware.o
 .debug_abbrev  0x0000000000002c06       0x9f ./Common/usb_desc.o
 .debug_abbrev  0x0000000000002ca5      0x415 e:\程序代码\分析仪\USB分析仪\V2.0\程序\260519\CH32H417_Logic_Analyzer_SourceCode_20260518B\CH32H417_Logic_Analyzer_APP\Common\ch32h417_uhsif_it.o

.debug_aranges  0x0000000000000000      0xd40
 .debug_aranges
                0x0000000000000000       0x28 ./User/ch32h417_it.o
 .debug_aranges
                0x0000000000000028       0x20 ./User/main.o
 .debug_aranges
                0x0000000000000048       0x20 ./User/system_ch32h417.o
 .debug_aranges
                0x0000000000000068       0x38 ./Startup/startup_ch32h417_v5f.o
 .debug_aranges
                0x00000000000000a0       0x78 ./Peripheral/src/ch32h417_dac.o
 .debug_aranges
                0x0000000000000118      0x110 ./Peripheral/src/ch32h417_flash.o
 .debug_aranges
                0x0000000000000228       0xa0 ./Peripheral/src/ch32h417_gpio.o
 .debug_aranges
                0x00000000000002c8       0xa0 ./Peripheral/src/ch32h417_hsadc.o
 .debug_aranges
                0x0000000000000368      0x200 ./Peripheral/src/ch32h417_rcc.o
 .debug_aranges
                0x0000000000000568      0x3a8 ./Peripheral/src/ch32h417_tim.o
 .debug_aranges
                0x0000000000000910      0x100 ./Peripheral/src/ch32h417_usart.o
 .debug_aranges
                0x0000000000000a10       0x48 ./Common/Debug/debug.o
 .debug_aranges
                0x0000000000000a58       0xb0 ./Common/ch32h417_logic.o
 .debug_aranges
                0x0000000000000b08       0x70 ./Common/ch32h417_uhsif.o
 .debug_aranges
                0x0000000000000b78       0x48 ./Common/ch32h417_usbhs_device.o
 .debug_aranges
                0x0000000000000bc0       0xa0 ./Common/ch32h417_usbss_device.o
 .debug_aranges
                0x0000000000000c60       0x40 ./Common/ch32h417_usbss_it.o
 .debug_aranges
                0x0000000000000ca0       0x28 ./Common/hardware.o
 .debug_aranges
                0x0000000000000cc8       0x18 ./Common/usb_desc.o
 .debug_aranges
                0x0000000000000ce0       0x60 e:\程序代码\分析仪\USB分析仪\V2.0\程序\260519\CH32H417_Logic_Analyzer_SourceCode_20260518B\CH32H417_Logic_Analyzer_APP\Common\ch32h417_uhsif_it.o

.debug_rnglists
                0x0000000000000000     0x100a
 .debug_rnglists
                0x0000000000000000       0x1f ./User/ch32h417_it.o
 .debug_rnglists
                0x000000000000001f       0x16 ./User/main.o
 .debug_rnglists
                0x0000000000000035       0x29 ./User/system_ch32h417.o
 .debug_rnglists
                0x000000000000005e       0x26 ./Startup/startup_ch32h417_v5f.o
 .debug_rnglists
                0x0000000000000084       0x79 ./Peripheral/src/ch32h417_dac.o
 .debug_rnglists
                0x00000000000000fd      0x124 ./Peripheral/src/ch32h417_flash.o
 .debug_rnglists
                0x0000000000000221       0xa6 ./Peripheral/src/ch32h417_gpio.o
 .debug_rnglists
                0x00000000000002c7       0xa6 ./Peripheral/src/ch32h417_hsadc.o
 .debug_rnglists
                0x000000000000036d      0x26a ./Peripheral/src/ch32h417_rcc.o
 .debug_rnglists
                0x00000000000005d7      0x40f ./Peripheral/src/ch32h417_tim.o
 .debug_rnglists
                0x00000000000009e6      0x112 ./Peripheral/src/ch32h417_usart.o
 .debug_rnglists
                0x0000000000000af8       0x43 ./Common/Debug/debug.o
 .debug_rnglists
                0x0000000000000b3b       0xde ./Common/ch32h417_logic.o
 .debug_rnglists
                0x0000000000000c19       0x70 ./Common/ch32h417_uhsif.o
 .debug_rnglists
                0x0000000000000c89       0x43 ./Common/ch32h417_usbhs_device.o
 .debug_rnglists
                0x0000000000000ccc       0xb9 ./Common/ch32h417_usbss_device.o
 .debug_rnglists
                0x0000000000000d85       0x73 ./Common/ch32h417_usbss_it.o
 .debug_rnglists
                0x0000000000000df8       0x1f ./Common/hardware.o
 .debug_rnglists
                0x0000000000000e17      0x1f3 e:\程序代码\分析仪\USB分析仪\V2.0\程序\260519\CH32H417_Logic_Analyzer_SourceCode_20260518B\CH32H417_Logic_Analyzer_APP\Common\ch32h417_uhsif_it.o

.debug_line     0x0000000000000000    0x13da0
 .debug_line    0x0000000000000000       0xdb ./User/ch32h417_it.o
 .debug_line    0x00000000000000db       0xc2 ./User/main.o
 .debug_line    0x000000000000019d      0x372 ./User/system_ch32h417.o
 .debug_line    0x000000000000050f      0x1f7 ./Startup/startup_ch32h417_v5f.o
 .debug_line    0x0000000000000706      0x580 ./Peripheral/src/ch32h417_dac.o
 .debug_line    0x0000000000000c86     0x254f ./Peripheral/src/ch32h417_flash.o
 .debug_line    0x00000000000031d5     0x1461 ./Peripheral/src/ch32h417_gpio.o
 .debug_line    0x0000000000004636      0x707 ./Peripheral/src/ch32h417_hsadc.o
 .debug_line    0x0000000000004d3d     0x1cd1 ./Peripheral/src/ch32h417_rcc.o
 .debug_line    0x0000000000006a0e     0x39c1 ./Peripheral/src/ch32h417_tim.o
 .debug_line    0x000000000000a3cf      0xe3a ./Peripheral/src/ch32h417_usart.o
 .debug_line    0x000000000000b209      0x55e ./Common/Debug/debug.o
 .debug_line    0x000000000000b767     0x1cf9 ./Common/ch32h417_logic.o
 .debug_line    0x000000000000d460      0x472 ./Common/ch32h417_uhsif.o
 .debug_line    0x000000000000d8d2     0x1a6c ./Common/ch32h417_usbhs_device.o
 .debug_line    0x000000000000f33e     0x14fc ./Common/ch32h417_usbss_device.o
 .debug_line    0x000000000001083a     0x106a ./Common/ch32h417_usbss_it.o
 .debug_line    0x00000000000118a4      0x1c0 ./Common/hardware.o
 .debug_line    0x0000000000011a64       0x51 ./Common/usb_desc.o
 .debug_line    0x0000000000011ab5     0x22eb e:\程序代码\分析仪\USB分析仪\V2.0\程序\260519\CH32H417_Logic_Analyzer_SourceCode_20260518B\CH32H417_Logic_Analyzer_APP\Common\ch32h417_uhsif_it.o

.debug_str      0x0000000000000000     0x5463
 .debug_str     0x0000000000000000      0x265 ./User/ch32h417_it.o
                                        0x2b4 (size before relaxing)
 .debug_str     0x0000000000000265       0x5b ./User/main.o
                                        0x1dd (size before relaxing)
 .debug_str     0x00000000000002c0       0xcd ./User/system_ch32h417.o
                                        0x3a6 (size before relaxing)
 .debug_str     0x000000000000038d      0x109 ./Startup/startup_ch32h417_v5f.o
 .debug_str     0x0000000000000496      0x236 ./Peripheral/src/ch32h417_dac.o
                                        0x3dd (size before relaxing)
 .debug_str     0x00000000000006cc      0x49b ./Peripheral/src/ch32h417_flash.o
                                        0x6d7 (size before relaxing)
 .debug_str     0x0000000000000b67      0x416 ./Peripheral/src/ch32h417_gpio.o
                                        0x61c (size before relaxing)
 .debug_str     0x0000000000000f7d      0x28e ./Peripheral/src/ch32h417_hsadc.o
                                        0x4b7 (size before relaxing)
 .debug_str     0x000000000000120b      0x8ec ./Peripheral/src/ch32h417_rcc.o
                                        0xeaa (size before relaxing)
 .debug_str     0x0000000000001af7      0xcee ./Peripheral/src/ch32h417_tim.o
                                       0x1107 (size before relaxing)
 .debug_str     0x00000000000027e5      0x42a ./Peripheral/src/ch32h417_usart.o
                                        0x738 (size before relaxing)
 .debug_str     0x0000000000002c0f       0x73 ./Common/Debug/debug.o
                                        0x540 (size before relaxing)
 .debug_str     0x0000000000002c82     0x13ae ./Common/ch32h417_logic.o
                                       0x1e2b (size before relaxing)
 .debug_str     0x0000000000004030      0x12d ./Common/ch32h417_uhsif.o
                                        0x523 (size before relaxing)
 .debug_str     0x000000000000415d      0x358 ./Common/ch32h417_usbhs_device.o
                                       0x147b (size before relaxing)
 .debug_str     0x00000000000044b5      0x3ae ./Common/ch32h417_usbss_device.o
                                       0x14f7 (size before relaxing)
 .debug_str     0x0000000000004863      0x188 ./Common/ch32h417_usbss_it.o
                                        0xcee (size before relaxing)
 .debug_str     0x00000000000049eb       0x26 ./Common/hardware.o
                                        0x337 (size before relaxing)
 .debug_str     0x0000000000004a11       0x37 ./Common/usb_desc.o
                                        0x291 (size before relaxing)
 .debug_str     0x0000000000004a48      0xa1b e:\程序代码\分析仪\USB分析仪\V2.0\程序\260519\CH32H417_Logic_Analyzer_SourceCode_20260518B\CH32H417_Logic_Analyzer_APP\Common\ch32h417_uhsif_it.o
                                       0x1797 (size before relaxing)

.debug_line_str
                0x0000000000000000     0x1172
 .debug_line_str
                0x0000000000000000      0x24b ./User/ch32h417_it.o
                                        0x2e6 (size before relaxing)
 .debug_line_str
                0x000000000000024b      0x249 ./User/main.o
                                        0x49a (size before relaxing)
 .debug_line_str
                0x0000000000000494       0x88 ./User/system_ch32h417.o
                                        0x3fd (size before relaxing)
 .debug_line_str
                0x000000000000051c       0x7e ./Startup/startup_ch32h417_v5f.o
                                        0x114 (size before relaxing)
 .debug_line_str
                0x000000000000059a      0x109 ./Peripheral/src/ch32h417_dac.o
                                        0x44c (size before relaxing)
 .debug_line_str
                0x00000000000006a3       0x90 ./Peripheral/src/ch32h417_flash.o
                                        0x445 (size before relaxing)
 .debug_line_str