Archive member included to satisfy reference by file (symbol)

d:/bianyiqi/mounriver/mounriver_studio2/resources/app/resources/win32/components/wch/toolchain/risc-v embedded gcc12/bin/../lib/gcc/riscv-wch-elf/12.2.0/rv32imac_zba_zbb_zbc_zbs_xw/ilp32\libgcc.a(_divdi3.o)
                              ./Peripheral/src/ch32h417_usart.o (__divdi3)
d:/bianyiqi/mounriver/mounriver_studio2/resources/app/resources/win32/components/wch/toolchain/risc-v embedded gcc12/bin/../lib/gcc/riscv-wch-elf/12.2.0/rv32imac_zba_zbb_zbc_zbs_xw/ilp32\libgcc.a(_udivdi3.o)
                              ./Peripheral/src/ch32h417_usart.o (__udivdi3)
d:/bianyiqi/mounriver/mounriver_studio2/resources/app/resources/win32/components/wch/toolchain/risc-v embedded gcc12/bin/../lib/gcc/riscv-wch-elf/12.2.0/rv32imac_zba_zbb_zbc_zbs_xw/ilp32\libgcc.a(save-restore.o)
                              ./Peripheral/src/ch32h417_flash.o (__riscv_save_7)
d:/bianyiqi/mounriver/mounriver_studio2/resources/app/resources/win32/components/wch/toolchain/risc-v embedded gcc12/bin/../lib/gcc/riscv-wch-elf/12.2.0/rv32imac_zba_zbb_zbc_zbs_xw/ilp32\libgcc.a(_clz.o)
                              d:/bianyiqi/mounriver/mounriver_studio2/resources/app/resources/win32/components/wch/toolchain/risc-v embedded gcc12/bin/../lib/gcc/riscv-wch-elf/12.2.0/rv32imac_zba_zbb_zbc_zbs_xw/ilp32\libgcc.a(_divdi3.o) (__clz_tab)
d:/bianyiqi/mounriver/mounriver_studio2/resources/app/resources/win32/components/wch/toolchain/risc-v embedded gcc12/bin/../lib/gcc/riscv-wch-elf/12.2.0/../../../../riscv-wch-elf/lib/rv32imac_zba_zbb_zbc_zbs_xw/ilp32\libg_nano.a(lib_a-memcpy-asm.o)
                              ./Common/USB/ch32h417_usbfs_device.o (memcpy)
d:/bianyiqi/mounriver/mounriver_studio2/resources/app/resources/win32/components/wch/toolchain/risc-v embedded gcc12/bin/../lib/gcc/riscv-wch-elf/12.2.0/../../../../riscv-wch-elf/lib/rv32imac_zba_zbb_zbc_zbs_xw/ilp32\libg_nano.a(lib_a-memset.o)
                              ./Common/USB/usb_inf.o (memset)
d:/bianyiqi/mounriver/mounriver_studio2/resources/app/resources/win32/components/wch/toolchain/risc-v embedded gcc12/bin/../lib/gcc/riscv-wch-elf/12.2.0/../../../../riscv-wch-elf/lib/rv32imac_zba_zbb_zbc_zbs_xw/ilp32\libg_nano.a(lib_a-printf.o)
                              ./User/main.o (printf)
d:/bianyiqi/mounriver/mounriver_studio2/resources/app/resources/win32/components/wch/toolchain/risc-v embedded gcc12/bin/../lib/gcc/riscv-wch-elf/12.2.0/../../../../riscv-wch-elf/lib/rv32imac_zba_zbb_zbc_zbs_xw/ilp32\libg_nano.a(lib_a-puts.o)
                              ./Common/hardware.o (puts)
d:/bianyiqi/mounriver/mounriver_studio2/resources/app/resources/win32/components/wch/toolchain/risc-v embedded gcc12/bin/../lib/gcc/riscv-wch-elf/12.2.0/../../../../riscv-wch-elf/lib/rv32imac_zba_zbb_zbc_zbs_xw/ilp32\libg_nano.a(lib_a-wbuf.o)
                              d:/bianyiqi/mounriver/mounriver_studio2/resources/app/resources/win32/components/wch/toolchain/risc-v embedded gcc12/bin/../lib/gcc/riscv-wch-elf/12.2.0/../../../../riscv-wch-elf/lib/rv32imac_zba_zbb_zbc_zbs_xw/ilp32\libg_nano.a(lib_a-puts.o) (__swbuf_r)
d:/bianyiqi/mounriver/mounriver_studio2/resources/app/resources/win32/components/wch/toolchain/risc-v embedded gcc12/bin/../lib/gcc/riscv-wch-elf/12.2.0/../../../../riscv-wch-elf/lib/rv32imac_zba_zbb_zbc_zbs_xw/ilp32\libg_nano.a(lib_a-wsetup.o)
                              d:/bianyiqi/mounriver/mounriver_studio2/resources/app/resources/win32/components/wch/toolchain/risc-v embedded gcc12/bin/../lib/gcc/riscv-wch-elf/12.2.0/../../../../riscv-wch-elf/lib/rv32imac_zba_zbb_zbc_zbs_xw/ilp32\libg_nano.a(lib_a-puts.o) (__swsetup_r)
d:/bianyiqi/mounriver/mounriver_studio2/resources/app/resources/win32/components/wch/toolchain/risc-v embedded gcc12/bin/../lib/gcc/riscv-wch-elf/12.2.0/../../../../riscv-wch-elf/lib/rv32imac_zba_zbb_zbc_zbs_xw/ilp32\libg_nano.a(lib_a-fflush.o)
                              d:/bianyiqi/mounriver/mounriver_studio2/resources/app/resources/win32/components/wch/toolchain/risc-v embedded gcc12/bin/../lib/gcc/riscv-wch-elf/12.2.0/../../../../riscv-wch-elf/lib/rv32imac_zba_zbb_zbc_zbs_xw/ilp32\libg_nano.a(lib_a-wbuf.o) (_fflush_r)
d:/bianyiqi/mounriver/mounriver_studio2/resources/app/resources/win32/components/wch/toolchain/risc-v embedded gcc12/bin/../lib/gcc/riscv-wch-elf/12.2.0/../../../../riscv-wch-elf/lib/rv32imac_zba_zbb_zbc_zbs_xw/ilp32\libg_nano.a(lib_a-findfp.o)
                              d:/bianyiqi/mounriver/mounriver_studio2/resources/app/resources/win32/components/wch/toolchain/risc-v embedded gcc12/bin/../lib/gcc/riscv-wch-elf/12.2.0/../../../../riscv-wch-elf/lib/rv32imac_zba_zbb_zbc_zbs_xw/ilp32\libg_nano.a(lib_a-printf.o) (__sinit)
d:/bianyiqi/mounriver/mounriver_studio2/resources/app/resources/win32/components/wch/toolchain/risc-v embedded gcc12/bin/../lib/gcc/riscv-wch-elf/12.2.0/../../../../riscv-wch-elf/lib/rv32imac_zba_zbb_zbc_zbs_xw/ilp32\libg_nano.a(lib_a-fwalk.o)
[...]
Memory Configuration

Name             Origin             Length             Attributes
FLASH            0x0000000000000000 0x0000000000006000 xr
RAM_CODE         0x0000000020100000 0x0000000000006000 xrw
RAM              0x0000000020110100 0x0000000000004f00 xrw
RAM_LOAD         0x0000000020110000 0x0000000000000100 xrw
*default*        0x0000000000000000 0xffffffffffffffff

Linker script and memory map

LOAD ./User/ch32h417_it.o
LOAD ./User/main.o
LOAD ./User/system_ch32h417.o
LOAD ./Startup/startup_ch32h417_v3f.o
LOAD ./Peripheral/src/ch32h417_adc.o
LOAD ./Peripheral/src/ch32h417_can.o
LOAD ./Peripheral/src/ch32h417_crc.o
LOAD ./Peripheral/src/ch32h417_dac.o
LOAD ./Peripheral/src/ch32h417_dbgmcu.o
LOAD ./Peripheral/src/ch32h417_dfsdm.o
LOAD ./Peripheral/src/ch32h417_dma.o
LOAD ./Peripheral/src/ch32h417_dvp.o
LOAD ./Peripheral/src/ch32h417_ecdc.o
LOAD ./Peripheral/src/ch32h417_eth.o
LOAD ./Peripheral/src/ch32h417_exti.o
LOAD ./Peripheral/src/ch32h417_flash.o
LOAD ./Peripheral/src/ch32h417_fmc.o
LOAD ./Peripheral/src/ch32h417_gpha.o
LOAD ./Peripheral/src/ch32h417_gpio.o
LOAD ./Peripheral/src/ch32h417_hsadc.o
LOAD ./Peripheral/src/ch32h417_hsem.o
LOAD ./Peripheral/src/ch32h417_i2c.o
LOAD ./Peripheral/src/ch32h417_i3c.o
LOAD ./Peripheral/src/ch32h417_ipc.o
LOAD ./Peripheral/src/ch32h417_iwdg.o
LOAD ./Peripheral/src/ch32h417_lptim.o
LOAD ./Peripheral/src/ch32h417_ltdc.o
LOAD ./Peripheral/src/ch32h417_opa.o
LOAD ./Peripheral/src/ch32h417_pwr.o
LOAD ./Peripheral/src/ch32h417_qspi.o
LOAD ./Peripheral/src/ch32h417_rcc.o
LOAD ./Peripheral/src/ch32h417_rng.o
LOAD ./Peripheral/src/ch32h417_rtc.o
LOAD ./Peripheral/src/ch32h417_sai.o
LOAD ./Peripheral/src/ch32h417_sdio.o
LOAD ./Peripheral/src/ch32h417_sdmmc.o
LOAD ./Peripheral/src/ch32h417_serdes.o
LOAD ./Peripheral/src/ch32h417_spi.o
LOAD ./Peripheral/src/ch32h417_swpmi.o
LOAD ./Peripheral/src/ch32h417_tim.o
LOAD ./Peripheral/src/ch32h417_usart.o
LOAD ./Peripheral/src/ch32h417_wwdg.o
LOAD ./Core/core_riscv.o
LOAD ./Common/USB/ch32h417_usbfs_device.o
LOAD ./Common/USB/ch32h417_usbhs_device.o
LOAD ./Common/USB/usb_desc.o
LOAD ./Common/USB/usb_inf.o
LOAD ./Common/Debug/debug.o
LOAD ./Common/flash.o
LOAD ./Common/hardware.o
LOAD ./Common/iap.o
LOAD d:/bianyiqi/mounriver/mounriver_studio2/resources/app/resources/win32/components/wch/toolchain/risc-v embedded gcc12/bin/../lib/gcc/riscv-wch-elf/12.2.0/../../../../riscv-wch-elf/lib/rv32imac_zba_zbb_zbc_zbs_xw/ilp32\libm_nano.a
LOAD d:/bianyiqi/mounriver/mounriver_studio2/resources/app/resources/win32/components/wch/toolchain/risc-v embedded gcc12/bin/../lib/gcc/riscv-wch-elf/12.2.0/rv32imac_zba_zbb_zbc_zbs_xw/ilp32\libgcc.a
LOAD d:/bianyiqi/mounriver/mounriver_studio2/resources/app/resources/win32/components/wch/toolchain/risc-v embedded gcc12/bin/../lib/gcc/riscv-wch-elf/12.2.0/../../../../riscv-wch-elf/lib/rv32imac_zba_zbb_zbc_zbs_xw/ilp32\libg_nano.a
LOAD d:/bianyiqi/mounriver/mounriver_studio2/resources/app/resources/win32/components/wch/toolchain/risc-v embedded gcc12/bin/../lib/gcc/riscv-wch-elf/12.2.0/../../../../riscv-wch-elf/lib/rv32imac_zba_zbb_zbc_zbs_xw/ilp32\libc_nano.a
LOAD d:/bianyiqi/mounriver/mounriver_studio2/resources/app/resources/win32/components/wch/toolchain/risc-v embedded gcc12/bin/../lib/gcc/riscv-wch-elf/12.2.0/rv32imac_zba_zbb_zbc_zbs_xw/ilp32\libgcc.a
START GROUP
LOAD d:/bianyiqi/mounriver/mounriver_studio2/resources/app/resources/win32/components/wch/toolchain/risc-v embedded gcc12/bin/../lib/gcc/riscv-wch-elf/12.2.0/rv32imac_zba_zbb_zbc_zbs_xw/ilp32\libgcc.a
LOAD d:/bianyiqi/mounriver/mounriver_studio2/resources/app/resources/win32/components/wch/toolchain/risc-v embedded gcc12/bin/../lib/gcc/riscv-wch-elf/12.2.0/../../../../riscv-wch-elf/lib/rv32imac_zba_zbb_zbc_zbs_xw/ilp32\libc_nano.a
LOAD d:/bianyiqi/mounriver/mounriver_studio2/resources/app/resources/win32/components/wch/toolchain/risc-v embedded gcc12/bin/../lib/gcc/riscv-wch-elf/12.2.0/../../../../riscv-wch-elf/lib/rv32imac_zba_zbb_zbc_zbs_xw/ilp32\libnosys.a
END GROUP
START GROUP
LOAD d:/bianyiqi/mounriver/mounriver_studio2/resources/app/resources/win32/components/wch/toolchain/risc-v embedded gcc12/bin/../lib/gcc/riscv-wch-elf/12.2.0/rv32imac_zba_zbb_zbc_zbs_xw/ilp32\libgcc.a
LOAD d:/bianyiqi/mounriver/mounriver_studio2/resources/app/resources/win32/components/wch/toolchain/risc-v embedded gcc12/bin/../lib/gcc/riscv-wch-elf/12.2.0/../../../../riscv-wch-elf/lib/rv32imac_zba_zbb_zbc_zbs_xw/ilp32\libc_nano.a
LOAD d:/bianyiqi/mounriver/mounriver_studio2/resources/app/resources/win32/components/wch/toolchain/risc-v embedded gcc12/bin/../lib/gcc/riscv-wch-elf/12.2.0/../../../../riscv-wch-elf/lib/rv32imac_zba_zbb_zbc_zbs_xw/ilp32\libnosys.a
END GROUP
                0x0000000000000800                __stack_size = 0x800
                [!provide]                        PROVIDE (_stack_size = __stack_size)

.init           0x0000000000000000        0x8
                0x0000000000000000                _sinit = .
                0x0000000000000000                . = ALIGN (0x4)
 *(SORT_NONE(.init))
 .init          0x0000000000000000        0x6 ./Startup/startup_ch32h417_v3f.o
                0x0000000000000000                _start
                0x0000000000000008                . = ALIGN (0x4)
 *fill*         0x0000000000000006        0x2 
                0x0000000000000008                _einit = .

.loadcodelalign
                0x0000000000000008        0x0
                0x0000000000000008                . = ALIGN (0x4)
                0x0000000000000008                PROVIDE (_loadcode_lma = .)

.loadcode       0x0000000020110000       0xe8 load address 0x0000000000000008
                0x0000000020110000                . = ALIGN (0x4)
                0x0000000020110000                PROVIDE (_loadcode_vma_start = .)
 *(.load)
 .load          0x0000000020110000       0xe6 ./Startup/startup_ch32h417_v3f.o
                0x00000000201100e8                . = ALIGN (0x4)
 *fill*         0x00000000201100e6        0x2 
                0x00000000201100e8                PROVIDE (_loadcode_vma_end = .)

.highcodelalign
                0x00000000000000f0        0x0
                0x00000000000000f0                . = ALIGN (0x4)
                0x00000000000000f0                PROVIDE (_highcode_lma = .)

.highcode       0x0000000020100000     0x3b40 load address 0x00000000000000f0
                0x0000000020100000                . = ALIGN (0x4)
                0x0000000020100000                PROVIDE (_highcode_vma_start = .)
 *(.vector)
 .vector        0x0000000020100000      0x254 ./Startup/startup_ch32h417_v3f.o
 *(SORT_NONE(.vector_handler))
 *(.text)
 .text          0x0000000020100254       0x60 d:/bianyiqi/mounriver/mounriver_studio2/resources/app/resources/win32/components/wch/toolchain/risc-v embedded gcc12/bin/../lib/gcc/riscv-wch-elf/12.2.0/rv32imac_zba_zbb_zbc_zbs_xw/ilp32\libgcc.a(save-restore.o)
                0x0000000020100254                __riscv_save_12
                0x000000002010025c                __riscv_save_9
                0x000000002010025c                __riscv_save_11
                0x000000002010025c                __riscv_save_10
                0x000000002010025c                __riscv_save_8
                0x000000002010026a                __riscv_save_4
                0x000000002010026a                __riscv_save_6
                0x000000002010026a                __riscv_save_5
                0x000000002010026a                __riscv_save_7
                0x0000000020100284                __riscv_save_3
                0x0000000020100284                __riscv_save_2
                0x0000000020100284                __riscv_save_1
                0x0000000020100284                __riscv_save_0
                0x0000000020100290                __riscv_restore_12
                0x0000000020100294                __riscv_restore_11
                0x0000000020100294                __riscv_restore_9
                0x0000000020100294                __riscv_restore_10
                0x0000000020100294                __riscv_restore_8
                0x000000002010029e                __riscv_restore_5
                0x000000002010029e                __riscv_restore_7
                0x000000002010029e                __riscv_restore_6
                0x000000002010029e                __riscv_restore_4
                0x00000000201002a8                __riscv_restore_3
                0x00000000201002a8                __riscv_restore_0
                0x00000000201002a8                __riscv_restore_2
                0x00000000201002a8                __riscv_restore_1
 .text          0x00000000201002b4       0x16 d:/bianyiqi/mounriver/mounriver_studio2/resources/app/resources/win32/components/wch/toolchain/risc-v embedded gcc12/bin/../lib/gcc/riscv-wch-elf/12.2.0/../../../../riscv-wch-elf/lib/rv32imac_zba_zbb_zbc_zbs_xw/ilp32\libg_nano.a(lib_a-memcpy-asm.o)
                0x00000000201002b4                memcpy
 .text          0x00000000201002ca       0x10 d:/bianyiqi/mounriver/mounriver_studio2/resources/app/resources/win32/components/wch/toolchain/risc-v embedded gcc12/bin/../lib/gcc/riscv-wch-elf/12.2.0/../../../../riscv-wch-elf/lib/rv32imac_zba_zbb_zbc_zbs_xw/ilp32\libg_nano.a(lib_a-memset.o)
                0x00000000201002ca                memset
 *(.text.*)
 .text.NMI_Handler
                0x00000000201002da        0x2 ./User/ch32h417_it.o
                0x00000000201002da                NMI_Handler
 .text.HardFault_Handler
                0x00000000201002dc       0x10 ./User/ch32h417_it.o
                0x00000000201002dc                HardFault_Handler
 .text.SW_Handler
                0x00000000201002ec        0x6 ./User/ch32h417_it.o
                0x00000000201002ec                SW_Handler
 .text.startup.main
                0x00000000201002f2       0x4e ./User/main.o
                0x00000000201002f2                main
 .text.SystemInit
                0x0000000020100340      0x1b4 ./User/system_ch32h417.o
                0x0000000020100340                SystemInit
 .text.SystemAndCoreClockUpdate
                0x00000000201004f4      0x16e ./User/system_ch32h417.o
                0x00000000201004f4                SystemAndCoreClockUpdate
 .text.vector_handler
                0x0000000020100662        0x2 ./Startup/startup_ch32h417_v3f.o
                0x0000000020100662                TIM8_TRG_COM_IRQHandler
                0x0000000020100662                TIM8_CC_IRQHandler
                0x0000000020100662                USART_WKUP_IRQHandler
                0x0000000020100662                SPI4_IRQHandler
                0x0000000020100662                DFSDM0_IRQHandler
                0x0000000020100662                TIM1_CC_IRQHandler
                0x0000000020100662                TIM10_IRQHandler
                0x0000000020100662                IPC_CH2_Handler
                0x0000000020100662                USBPD_IRQHandler
                0x0000000020100662                TIM6_IRQHandler
                0x0000000020100662                I3C_ER_IRQHandler
                0x0000000020100662                SDIO_IRQHandler
                0x0000000020100662                DMA2_Channel8_IRQHandler
                0x0000000020100662                HSEM_Handler
                0x0000000020100662                LPTIM2_IRQHandler
                0x0000000020100662                USBFSWakeup_IRQHandler
                0x0000000020100662                I2C3_ER_IRQHandler
                0x0000000020100662                USART8_IRQHandler
                0x0000000020100662                I2C2_EV_IRQHandler
                0x0000000020100662                CAN1_RX0_IRQHandler
                0x0000000020100662                CAN3_SCE_IRQHandler
                0x0000000020100662                CAN2_SCE_IRQHandler
                0x0000000020100662                ADC1_2_IRQHandler
                0x0000000020100662                Break_Point_Handler
                0x0000000020100662                IPC_CH0_Handler
                0x0000000020100662                SPI1_IRQHandler
                0x0000000020100662                USART5_IRQHandler
                0x0000000020100662                SysTick0_Handler
                0x0000000020100662                EXTI7_0_IRQHandler
                0x0000000020100662                CAN2_RX0_IRQHandler
                0x0000000020100662                TIM8_UP_IRQHandler
                0x0000000020100662                Ecall_M_Mode_Handler
                0x0000000020100662                ECDC_IRQHandler
                0x0000000020100662                SDMMC_IRQHandler
                0x0000000020100662                USART7_IRQHandler
                0x0000000020100662                DMA2_Channel2_IRQHandler
                0x0000000020100662                DMA1_Channel4_IRQHandler
                0x0000000020100662                USART6_IRQHandler
                0x0000000020100662                CAN3_RX0_IRQHandler
                0x0000000020100662                HSADC_IRQHandler
                0x0000000020100662                USART3_IRQHandler
                0x0000000020100662                RTC_IRQHandler
                0x0000000020100662                DMA1_Channel7_IRQHandler
                0x0000000020100662                DVP_IRQHandler
                0x0000000020100662                USBSS_IRQHandler
                0x0000000020100662                SWPMI_IRQHandler
                0x0000000020100662                USBPDWakeUp_IRQHandler
                0x0000000020100662                EXTI15_8_IRQHandler
                0x0000000020100662                TIM4_IRQHandler
                0x0000000020100662                DMA2_Channel1_IRQHandler
                0x0000000020100662                SWPMI_WKUP_IRQHandler
                0x0000000020100662                I2C1_EV_IRQHandler
                0x0000000020100662                USBSSWakeup_IRQHandler
                0x0000000020100662                USART4_IRQHandler
                0x0000000020100662                DMA1_Channel6_IRQHandler
                0x0000000020100662                DMA2_Channel4_IRQHandler
                0x0000000020100662                TIM3_IRQHandler
                0x0000000020100662                RCC_IRQHandler
                0x0000000020100662                TIM1_TRG_COM_IRQHandler
                0x0000000020100662                DMA1_Channel1_IRQHandler
                0x0000000020100662                DMA2_Channel7_IRQHandler
                0x0000000020100662                QSPI1_IRQHandler
                0x0000000020100662                DMA1_Channel8_IRQHandler
                0x0000000020100662                IPC_CH3_Handler
                0x0000000020100662                I3C_EV_IRQHandler
                0x0000000020100662                I3C_WKUP_IRQHandler
                0x0000000020100662                TIM12_IRQHandler
                0x0000000020100662                TIM7_IRQHandler
                0x0000000020100662                CAN2_TX_IRQHandler
                0x0000000020100662                TIM5_IRQHandler
                0x0000000020100662                I2C3_EV_IRQHandler
                0x0000000020100662                PIOC_IRQHandler
                0x0000000020100662                TIM9_IRQHandler
                0x0000000020100662                LTDC_IRQHandler
                0x0000000020100662                SAI_IRQHandler
                0x0000000020100662                ETH_WKUP_IRQHandler
                0x0000000020100662                SPI2_IRQHandler
                0x0000000020100662                IPC_CH1_Handler
                0x0000000020100662                LPTIM1_WKUP_IRQHandler
                0x0000000020100662                CAN1_TX_IRQHandler
                0x0000000020100662                DMA2_Channel5_IRQHandler
                0x0000000020100662                DMA1_Channel5_IRQHandler
                0x0000000020100662                QSPI2_IRQHandler
                0x0000000020100662                RNG_IRQHandler
                0x0000000020100662                DMA1_Channel3_IRQHandler
                0x0000000020100662                ETH_IRQHandler
                0x0000000020100662                TIM1_UP_IRQHandler
                0x0000000020100662                WWDG_IRQHandler
                0x0000000020100662                USBHSWakeup_IRQHandler
                0x0000000020100662                Ecall_U_Mode_Handler
                0x0000000020100662                I2C4_EV_IRQHandler
                0x0000000020100662                CAN3_TX_IRQHandler
                0x0000000020100662                DMA2_Channel6_IRQHandler
                0x0000000020100662                TIM2_IRQHandler
                0x0000000020100662                TIM1_BRK_IRQHandler
                0x0000000020100662                GPHA_IRQHandler
                0x0000000020100662                LPTIM2_WKUP_IRQHandler
                0x0000000020100662                RTCAlarm_IRQHandler
                0x0000000020100662                TIM11_IRQHandler
                0x0000000020100662                USART2_IRQHandler
                0x0000000020100662                UHSIF_IRQHandler
                0x0000000020100662                I2C2_ER_IRQHandler
                0x0000000020100662                DMA1_Channel2_IRQHandler
                0x0000000020100662                TIM8_BRK_IRQHandler
                0x0000000020100662                CAN1_SCE_IRQHandler
                0x0000000020100662                FLASH_IRQHandler
                0x0000000020100662                USART1_IRQHandler
                0x0000000020100662                SPI3_IRQHandler
                0x0000000020100662                I2C1_ER_IRQHandler
                0x0000000020100662                FMC_IRQHandler
                0x0000000020100662                SysTick1_Handler
                0x0000000020100662                LPTIM1_IRQHandler
                0x0000000020100662                DFSDM1_IRQHandler
                0x0000000020100662                I2C4_ER_IRQHandler
                0x0000000020100662                SERDES_IRQHandler
                0x0000000020100662                USBSS_LINK_IRQHandler
                0x0000000020100662                DMA2_Channel3_IRQHandler
 .text.FLASH_BOOT_GetMode
                0x0000000020100664       0x36 ./Peripheral/src/ch32h417_flash.o
                0x0000000020100664                FLASH_BOOT_GetMode
 .text.FLASH_GetUserOptionByte
                0x000000002010069a        0xa ./Peripheral/src/ch32h417_flash.o
                0x000000002010069a                FLASH_GetUserOptionByte
 .text.FLASH_GetStatus
                0x00000000201006a4       0x16 ./Peripheral/src/ch32h417_flash.o
                0x00000000201006a4                FLASH_GetStatus
 .text.FLASH_WaitForLastOperation
                0x00000000201006ba       0x1e ./Peripheral/src/ch32h417_flash.o
                0x00000000201006ba                FLASH_WaitForLastOperation
 .text.FLASH_ErasePage
                0x00000000201006d8       0x4e ./Peripheral/src/ch32h417_flash.o
                0x00000000201006d8                FLASH_ErasePage
 .text.FLASH_Unlock_Fast
                0x0000000020100726       0x1e ./Peripheral/src/ch32h417_flash.o
                0x0000000020100726                FLASH_Unlock_Fast
 .text.FLASH_ProgramPage_Fast
                0x0000000020100744       0x60 ./Peripheral/src/ch32h417_flash.o
                0x0000000020100744                FLASH_ProgramPage_Fast
 .text.GPIO_DeInit
                0x00000000201007a4       0x9c ./Peripheral/src/ch32h417_gpio.o
                0x00000000201007a4                GPIO_DeInit
 .text.GPIO_Init
                0x0000000020100840       0xe0 ./Peripheral/src/ch32h417_gpio.o
                0x0000000020100840                GPIO_Init
 .text.GPIO_PinRemapConfig
                0x0000000020100920       0x6e ./Peripheral/src/ch32h417_gpio.o
                0x0000000020100920                GPIO_PinRemapConfig
 .text.GPIO_PinAFConfig
                0x000000002010098e      0x1e8 ./Peripheral/src/ch32h417_gpio.o
                0x000000002010098e                GPIO_PinAFConfig
 .text.GPIO_IPD_Unused
                0x0000000020100b76      0x1fa ./Peripheral/src/ch32h417_gpio.o
                0x0000000020100b76                GPIO_IPD_Unused
 .text.RCC_DeInit
                0x0000000020100d70       0x88 ./Peripheral/src/ch32h417_rcc.o
                0x0000000020100d70                RCC_DeInit
 .text.RCC_GetClocksFreq
                0x0000000020100df8      0x1a2 ./Peripheral/src/ch32h417_rcc.o
                0x0000000020100df8                RCC_GetClocksFreq
 .text.RCC_HBPeriphClockCmd
                0x0000000020100f9a       0x1c ./Peripheral/src/ch32h417_rcc.o
                0x0000000020100f9a                RCC_HBPeriphClockCmd
 .text.RCC_HB2PeriphClockCmd
                0x0000000020100fb6       0x1c ./Peripheral/src/ch32h417_rcc.o
                0x0000000020100fb6                RCC_HB2PeriphClockCmd
 .text.RCC_HB1PeriphClockCmd
                0x0000000020100fd2       0x1c ./Peripheral/src/ch32h417_rcc.o
                0x0000000020100fd2                RCC_HB1PeriphClockCmd
 .text.RCC_HB2PeriphResetCmd
                0x0000000020100fee       0x1c ./Peripheral/src/ch32h417_rcc.o
                0x0000000020100fee                RCC_HB2PeriphResetCmd
 .text.RCC_USBHS_PLLCmd
                0x000000002010100a       0x16 ./Peripheral/src/ch32h417_rcc.o
                0x000000002010100a                RCC_USBHS_PLLCmd
 .text.RCC_UTMIcmd
                0x0000000020101020       0x16 ./Peripheral/src/ch32h417_rcc.o
                0x0000000020101020                RCC_UTMIcmd
 .text.RCC_USBHSPLLCLKConfig
                0x0000000020101036       0x12 ./Peripheral/src/ch32h417_rcc.o
                0x0000000020101036                RCC_USBHSPLLCLKConfig
 .text.RCC_USBHSPLLReferConfig
                0x0000000020101048       0x12 ./Peripheral/src/ch32h417_rcc.o
                0x0000000020101048                RCC_USBHSPLLReferConfig
 .text.RCC_USBHSPLLClockSourceDivConfig
                0x000000002010105a       0x18 ./Peripheral/src/ch32h417_rcc.o
                0x000000002010105a                RCC_USBHSPLLClockSourceDivConfig
 .text.USART_Init
                0x0000000020101072       0x90 ./Peripheral/src/ch32h417_usart.o
                0x0000000020101072                USART_Init
 .text.USART_Cmd
                0x0000000020101102       0x14 ./Peripheral/src/ch32h417_usart.o
                0x0000000020101102                USART_Cmd
 .text.USART_SendData
                0x0000000020101116        0x8 ./Peripheral/src/ch32h417_usart.o
                0x0000000020101116                USART_SendData
 .text.USART_GetFlagStatus
                0x000000002010111e        0xa ./Peripheral/src/ch32h417_usart.o
                0x000000002010111e                USART_GetFlagStatus
 .text.USBFS_Device_Endp_Init
                0x0000000020101128       0x32 ./Common/USB/ch32h417_usbfs_device.o
                0x0000000020101128                USBFS_Device_Endp_Init
 .text.USBFS_IRQHandler
                0x000000002010115a      0x544 ./Common/USB/ch32h417_usbfs_device.o
                0x000000002010115a                USBFS_IRQHandler
 .text.USBHS_RCC_Init.part.0
                0x000000002010169e       0x58 ./Common/USB/ch32h417_usbhs_device.o
 .text.USBHS_Device_Endp_Init
                0x00000000201016f6       0x34 ./Common/USB/ch32h417_usbhs_device.o
                0x00000000201016f6                USBHS_Device_Endp_Init
 .text.USBHS_RCC_Init
                0x000000002010172a       0x38 ./Common/USB/ch32h417_usbhs_device.o
                0x000000002010172a                USBHS_RCC_Init
 .text.USBHS_Device_Init
                0x0000000020101762       0x4e ./Common/USB/ch32h417_usbhs_device.o
                0x0000000020101762                USBHS_Device_Init
 .text.USBHS_IRQHandler
                0x00000000201017b0      0x560 ./Common/USB/ch32h417_usbhs_device.o
                0x00000000201017b0                USBHS_IRQHandler
 .text.USB_Init
                0x0000000020101d10       0x42 ./Common/USB/usb_inf.o
                0x0000000020101d10                USB_Init
 .text.USB_Pack_In
                0x0000000020101d52       0x5a ./Common/USB/usb_inf.o
                0x0000000020101d52                USB_Pack_In
 .text.USB_Pack_Out_Callback
                0x0000000020101dac       0x4e ./Common/USB/usb_inf.o
                0x0000000020101dac                USB_Pack_Out_Callback
 .text.Delay_Init
                0x0000000020101dfa       0x22 ./Common/Debug/debug.o
                0x0000000020101dfa                Delay_Init
 .text.Delay_Ms
                0x0000000020101e1c       0x32 ./Common/Debug/debug.o
                0x0000000020101e1c                Delay_Ms
 .text.USART_Printf_Init
                0x0000000020101e4e       0x74 ./Common/Debug/debug.o
                0x0000000020101e4e                USART_Printf_Init
 .text._write   0x0000000020101ec2       0x3e ./Common/Debug/debug.o
                0x0000000020101ec2                _write
 .text._sbrk    0x0000000020101f00       0x2a ./Common/Debug/debug.o
                0x0000000020101f00                _sbrk
 .text.CH32_IAP_Program
                0x0000000020101f2a        0x4 ./Common/flash.o
                0x0000000020101f2a                CH32_IAP_Program
 .text.IAP_2_APP
                0x0000000020101f2e       0x66 ./Common/hardware.o
                0x0000000020101f2e                IAP_2_APP
 .text.Hardware
                0x0000000020101f94       0x4a ./Common/hardware.o
                0x0000000020101f94                Hardware
 .text.RecData_Deal
                0x0000000020101fde      0x1de ./Common/iap.o
                0x0000000020101fde                RecData_Deal
 .text.__udivdi3
                0x00000000201021bc      0x39a d:/bianyiqi/mounriver/mounriver_studio2/resources/app/resources/win32/components/wch/toolchain/risc-v embedded gcc12/bin/../lib/gcc/riscv-wch-elf/12.2.0/rv32imac_zba_zbb_zbc_zbs_xw/ilp32\libgcc.a(_udivdi3.o)
                0x00000000201021bc                __udivdi3
 .text.printf   0x0000000020102556       0x3a d:/bianyiqi/mounriver/mounriver_studio2/resources/app/resources/win32/components/wch/toolchain/risc-v embedded gcc12/bin/../lib/gcc/riscv-wch-elf/12.2.0/../../../../riscv-wch-elf/lib/rv32imac_zba_zbb_zbc_zbs_xw/ilp32\libg_nano.a(lib_a-printf.o)
                0x0000000020102556                iprintf
                0x0000000020102556                printf
 .text._puts_r  0x0000000020102590      0x104 d:/bianyiqi/mounriver/mounriver_studio2/resources/app/resources/win32/components/wch/toolchain/risc-v embedded gcc12/bin/../lib/gcc/riscv-wch-elf/12.2.0/../../../../riscv-wch-elf/lib/rv32imac_zba_zbb_zbc_zbs_xw/ilp32\libg_nano.a(lib_a-puts.o)
                0x0000000020102590                _puts_r
 .text.puts     0x0000000020102694        0x8 d:/bianyiqi/mounriver/mounriver_studio2/resources/app/resources/win32/components/wch/toolchain/risc-v embedded gcc12/bin/../lib/gcc/riscv-wch-elf/12.2.0/../../../../riscv-wch-elf/lib/rv32imac_zba_zbb_zbc_zbs_xw/ilp32\libg_nano.a(lib_a-puts.o)
                0x0000000020102694                puts
 .text.__swbuf_r
                0x000000002010269c       0xbc d:/bianyiqi/mounriver/mounriver_studio2/resources/app/resources/win32/components/wch/toolchain/risc-v embedded gcc12/bin/../lib/gcc/riscv-wch-elf/12.2.0/../../../../riscv-wch-elf/lib/rv32imac_zba_zbb_zbc_zbs_xw/ilp32\libg_nano.a(lib_a-wbuf.o)
                0x000000002010269c                __swbuf_r
 .text.__swsetup_r
                0x0000000020102758       0xee d:/bianyiqi/mounriver/mounriver_studio2/resources/app/resources/win32/components/wch/toolchain/risc-v embedded gcc12/bin/../lib/gcc/riscv-wch-elf/12.2.0/../../../../riscv-wch-elf/lib/rv32imac_zba_zbb_zbc_zbs_xw/ilp32\libg_nano.a(lib_a-wsetup.o)
                0x0000000020102758                __swsetup_r
 .text.__sflush_r
                0x0000000020102846      0x132 d:/bianyiqi/mounriver/mounriver_studio2/resources/app/resources/win32/components/wch/toolchain/risc-v embedded gcc12/bin/../lib/gcc/riscv-wch-elf/12.2.0/../../../../riscv-wch-elf/lib/rv32imac_zba_zbb_zbc_zbs_xw/ilp32\libg_nano.a(lib_a-fflush.o)
                0x0000000020102846                __sflush_r
 .text._fflush_r
                0x0000000020102978       0x86 d:/bianyiqi/mounriver/mounriver_studio2/resources/app/resources/win32/components/wch/toolchain/risc-v embedded gcc12/bin/../lib/gcc/riscv-wch-elf/12.2.0/../../../../riscv-wch-elf/lib/rv32imac_zba_zbb_zbc_zbs_xw/ilp32\libg_nano.a(lib_a-fflush.o)
                0x0000000020102978                _fflush_r
 .text.std      0x00000000201029fe       0x66 d:/bianyiqi/mounriver/mounriver_studio2/resources/app/resources/win32/components/wch/toolchain/risc-v embedded gcc12/bin/../lib/gcc/riscv-wch-elf/12.2.0/../../../../riscv-wch-elf/lib/rv32imac_zba_zbb_zbc_zbs_xw/ilp32\libg_nano.a(lib_a-findfp.o)
 .text._cleanup_r
                0x0000000020102a64        0xa d:/bianyiqi/mounriver/mounriver_studio2/resources/app/resources/win32/components/wch/toolchain/risc-v embedded gcc12/bin/../lib/gcc/riscv-wch-elf/12.2.0/../../../../riscv-wch-elf/lib/rv32imac_zba_zbb_zbc_zbs_xw/ilp32\libg_nano.a(lib_a-findfp.o)
                0x0000000020102a64                _cleanup_r
 .text.__sfmoreglue
                0x0000000020102a6e       0x46 d:/bianyiqi/mounriver/mounriver_studio2/resources/app/resources/win32/components/wch/toolchain/risc-v embedded gcc12/bin/../lib/gcc/riscv-wch-elf/12.2.0/../../../../riscv-wch-elf/lib/rv32imac_zba_zbb_zbc_zbs_xw/ilp32\libg_nano.a(lib_a-findfp.o)
                0x0000000020102a6e                __sfmoreglue
 .text.__sfp_lock_acquire
                0x0000000020102ab4        0x6 d:/bianyiqi/mounriver/mounriver_studio2/resources/app/resources/win32/components/wch/toolchain/risc-v embedded gcc12/bin/../lib/gcc/riscv-wch-elf/12.2.0/../../../../riscv-wch-elf/lib/rv32imac_zba_zbb_zbc_zbs_xw/ilp32\libg_nano.a(lib_a-findfp.o)
                0x0000000020102ab4                __sfp_lock_acquire
 .text.__sfp_lock_release
                0x0000000020102aba        0x6 d:/bianyiqi/mounriver/mounriver_studio2/resources/app/resources/win32/components/wch/toolchain/risc-v embedded gcc12/bin/../lib/gcc/riscv-wch-elf/12.2.0/../../../../riscv-wch-elf/lib/rv32imac_zba_zbb_zbc_zbs_xw/ilp32\libg_nano.a(lib_a-findfp.o)
                0x0000000020102aba                __sfp_lock_release
 .text.__sinit_lock_acquire
                0x0000000020102ac0        0x6 d:/bianyiqi/mounriver/mounriver_studio2/resources/app/resources/win32/components/wch/toolchain/risc-v embedded gcc12/bin/../lib/gcc/riscv-wch-elf/12.2.0/../../../../riscv-wch-elf/lib/rv32imac_zba_zbb_zbc_zbs_xw/ilp32\libg_nano.a(lib_a-findfp.o)
                0x0000000020102ac0                __sinit_lock_acquire
 .text.__sinit_lock_release
                0x0000000020102ac6        0x6 d:/bianyiqi/mounriver/mounriver_studio2/resources/app/resources/win32/components/wch/toolchain/risc-v embedded gcc12/bin/../lib/gcc/riscv-wch-elf/12.2.0/../../../../riscv-wch-elf/lib/rv32imac_zba_zbb_zbc_zbs_xw/ilp32\libg_nano.a(lib_a-findfp.o)
                0x0000000020102ac6                __sinit_lock_release
 .text.__sinit  0x0000000020102acc       0x68 d:/bianyiqi/mounriver/mounriver_studio2/resources/app/resources/win32/components/wch/toolchain/risc-v embedded gcc12/bin/../lib/gcc/riscv-wch-elf/12.2.0/../../../../riscv-wch-elf/lib/rv32imac_zba_zbb_zbc_zbs_xw/ilp32\libg_nano.a(lib_a-findfp.o)
                0x0000000020102acc                __sinit
 .text.__sfp    0x0000000020102b34       0xa6 d:/bianyiqi/mounriver/mounriver_studio2/resources/app/resources/win32/components/wch/toolchain/risc-v embedded gcc12/bin/../lib/gcc/riscv-wch-elf/12.2.0/../../../../riscv-wch-elf/lib/rv32imac_zba_zbb_zbc_zbs_xw/ilp32\libg_nano.a(lib_a-findfp.o)
                0x0000000020102b34                __sfp
 .text._fwalk_reent
                0x0000000020102bda       0x68 d:/bianyiqi/mounriver/mounriver_studio2/resources/app/resources/win32/components/wch/toolchain/risc-v embedded gcc12/bin/../lib/gcc/riscv-wch-elf/12.2.0/../../../../riscv-wch-elf/lib/rv32imac_zba_zbb_zbc_zbs_xw/ilp32\libg_nano.a(lib_a-fwalk.o)
                0x0000000020102bda                _fwalk_reent
 .text.__retarget_lock_init_recursive
                0x0000000020102c42        0x2 d:/bianyiqi/mounriver/mounriver_studio2/resources/app/resources/win32/components/wch/toolchain/risc-v embedded gcc12/bin/../lib/gcc/riscv-wch-elf/12.2.0/../../../../riscv-wch-elf/lib/rv32imac_zba_zbb_zbc_zbs_xw/ilp32\libg_nano.a(lib_a-lock.o)
                0x0000000020102c42                __retarget_lock_init_recursive
 .text.__retarget_lock_acquire_recursive
                0x0000000020102c44        0x2 d:/bianyiqi/mounriver/mounriver_studio2/resources/app/resources/win32/components/wch/toolchain/risc-v embedded gcc12/bin/../lib/gcc/riscv-wch-elf/12.2.0/../../../../riscv-wch-elf/lib/rv32imac_zba_zbb_zbc_zbs_xw/ilp32\libg_nano.a(lib_a-lock.o)
                0x0000000020102c44                __retarget_lock_acquire_recursive
 .text.__retarget_lock_release_recursive
                0x0000000020102c46        0x2 d:/bianyiqi/mounriver/mounriver_studio2/resources/app/resources/win32/components/wch/toolchain/risc-v embedded gcc12/bin/../lib/gcc/riscv-wch-elf/12.2.0/../../../../riscv-wch-elf/lib/rv32imac_zba_zbb_zbc_zbs_xw/ilp32\libg_nano.a(lib_a-lock.o)
                0x0000000020102c46                __retarget_lock_release_recursive
 .text.__swhatbuf_r
                0x0000000020102c48       0x58 d:/bianyiqi/mounriver/mounriver_studio2/resources/app/resources/win32/components/wch/toolchain/risc-v embedded gcc12/bin/../lib/gcc/riscv-wch-elf/12.2.0/../../../../riscv-wch-elf/lib/rv32imac_zba_zbb_zbc_zbs_xw/ilp32\libg_nano.a(lib_a-makebuf.o)
                0x0000000020102c48                __swhatbuf_r
 .text.__smakebuf_r
                0x0000000020102ca0       0x92 d:/bianyiqi/mounriver/mounriver_studio2/resources/app/resources/win32/components/wch/toolchain/risc-v embedded gcc12/bin/../lib/gcc/riscv-wch-elf/12.2.0/../../../../riscv-wch-elf/lib/rv32imac_zba_zbb_zbc_zbs_xw/ilp32\libg_nano.a(lib_a-makebuf.o)
                0x0000000020102ca0                __smakebuf_r
 .text._free_r  0x0000000020102d32       0x9e d:/bianyiqi/mounriver/mounriver_studio2/resources/app/resources/win32/components/wch/toolchain/risc-v embedded gcc12/bin/../lib/gcc/riscv-wch-elf/12.2.0/../../../../riscv-wch-elf/lib/rv32imac_zba_zbb_zbc_zbs_xw/ilp32\libg_nano.a(lib_a-nano-freer.o)
                0x0000000020102d32                _free_r
 .text.sbrk_aligned
                0x0000000020102dd0       0x54 d:/bianyiqi/mounriver/mounriver_studio2/resources/app/resources/win32/components/wch/toolchain/risc-v embedded gcc12/bin/../lib/gcc/riscv-wch-elf/12.2.0/../../../../riscv-wch-elf/lib/rv32imac_zba_zbb_zbc_zbs_xw/ilp32\libg_nano.a(lib_a-nano-mallocr.o)
 .text._malloc_r
                0x0000000020102e24      0x102 d:/bianyiqi/mounriver/mounriver_studio2/resources/app/resources/win32/components/wch/toolchain/risc-v embedded gcc12/bin/../lib/gcc/riscv-wch-elf/12.2.0/../../../../riscv-wch-elf/lib/rv32imac_zba_zbb_zbc_zbs_xw/ilp32\libg_nano.a(lib_a-nano-mallocr.o)
                0x0000000020102e24                _malloc_r
 .text.__sfputc_r
                0x0000000020102f26       0x28 d:/bianyiqi/mounriver/mounriver_studio2/resources/app/resources/win32/components/wch/toolchain/risc-v embedded gcc12/bin/../lib/gcc/riscv-wch-elf/12.2.0/../../../../riscv-wch-elf/lib/rv32imac_zba_zbb_zbc_zbs_xw/ilp32\libg_nano.a(lib_a-nano-vfprintf.o)
 .text.__sfputs_r
                0x0000000020102f4e       0x40 d:/bianyiqi/mounriver/mounriver_studio2/resources/app/resources/win32/components/wch/toolchain/risc-v embedded gcc12/bin/../lib/gcc/riscv-wch-elf/12.2.0/../../../../riscv-wch-elf/lib/rv32imac_zba_zbb_zbc_zbs_xw/ilp32\libg_nano.a(lib_a-nano-vfprintf.o)
                0x0000000020102f4e                __sfputs_r
 .text._vfprintf_r
                0x0000000020102f8e      0x2b6 d:/bianyiqi/mounriver/mounriver_studio2/resources/app/resources/win32/components/wch/toolchain/risc-v embedded gcc12/bin/../lib/gcc/riscv-wch-elf/12.2.0/../../../../riscv-wch-elf/lib/rv32imac_zba_zbb_zbc_zbs_xw/ilp32\libg_nano.a(lib_a-nano-vfprintf.o)
                0x0000000020102f8e                _vfprintf_r
                0x0000000020102f8e                _vfiprintf_r
 .text._sbrk_r  0x0000000020103244       0x28 d:/bianyiqi/mounriver/mounriver_studio2/resources/app/resources/win32/components/wch/toolchain/risc-v embedded gcc12/bin/../lib/gcc/riscv-wch-elf/12.2.0/../../../../riscv-wch-elf/lib/rv32imac_zba_zbb_zbc_zbs_xw/ilp32\libg_nano.a(lib_a-sbrkr.o)
                0x0000000020103244                _sbrk_r
 .text.__sread  0x000000002010326c       0x2a d:/bianyiqi/mounriver/mounriver_studio2/resources/app/resources/win32/components/wch/toolchain/risc-v embedded gcc12/bin/../lib/gcc/riscv-wch-elf/12.2.0/../../../../riscv-wch-elf/lib/rv32imac_zba_zbb_zbc_zbs_xw/ilp32\libg_nano.a(lib_a-stdio.o)
                0x000000002010326c                __sread
 .text.__swrite
                0x0000000020103296       0x46 d:/bianyiqi/mounriver/mounriver_studio2/resources/app/resources/win32/components/wch/toolchain/risc-v embedded gcc12/bin/../lib/gcc/riscv-wch-elf/12.2.0/../../../../riscv-wch-elf/lib/rv32imac_zba_zbb_zbc_zbs_xw/ilp32\libg_nano.a(lib_a-stdio.o)
                0x0000000020103296                __swrite
 .text.__sseek  0x00000000201032dc       0x2e d:/bianyiqi/mounriver/mounriver_studio2/resources/app/resources/win32/components/wch/toolchain/risc-v embedded gcc12/bin/../lib/gcc/riscv-wch-elf/12.2.0/../../../../riscv-wch-elf/lib/rv32imac_zba_zbb_zbc_zbs_xw/ilp32\libg_nano.a(lib_a-stdio.o)
                0x00000000201032dc                __sseek
 .text.__sclose
                0x000000002010330a        0x6 d:/bianyiqi/mounriver/mounriver_studio2/resources/app/resources/win32/components/wch/toolchain/risc-v embedded gcc12/bin/../lib/gcc/riscv-wch-elf/12.2.0/../../../../riscv-wch-elf/lib/rv32imac_zba_zbb_zbc_zbs_xw/ilp32\libg_nano.a(lib_a-stdio.o)
                0x000000002010330a                __sclose
 .text._write_r
                0x0000000020103310       0x2c d:/bianyiqi/mounriver/mounriver_studio2/resources/app/resources/win32/components/wch/toolchain/risc-v embedded gcc12/bin/../lib/gcc/riscv-wch-elf/12.2.0/../../../../riscv-wch-elf/lib/rv32imac_zba_zbb_zbc_zbs_xw/ilp32\libg_nano.a(lib_a-writer.o)
                0x0000000020103310                _write_r
 .text._close_r
                0x000000002010333c       0x26 d:/bianyiqi/mounriver/mounriver_studio2/resources/app/resources/win32/components/wch/toolchain/risc-v embedded gcc12/bin/../lib/gcc/riscv-wch-elf/12.2.0/../../../../riscv-wch-elf/lib/rv32imac_zba_zbb_zbc_zbs_xw/ilp32\libg_nano.a(lib_a-closer.o)
                0x000000002010333c                _close_r
 .text._fstat_r
                0x0000000020103362       0x28 d:/bianyiqi/mounriver/mounriver_studio2/resources/app/resources/win32/components/wch/toolchain/risc-v embedded gcc12/bin/../lib/gcc/riscv-wch-elf/12.2.0/../../../../riscv-wch-elf/lib/rv32imac_zba_zbb_zbc_zbs_xw/ilp32\libg_nano.a(lib_a-fstatr.o)
                0x0000000020103362                _fstat_r
 .text._isatty_r
                0x000000002010338a       0x26 d:/bianyiqi/mounriver/mounriver_studio2/resources/app/resources/win32/components/wch/toolchain/risc-v embedded gcc12/bin/../lib/gcc/riscv-wch-elf/12.2.0/../../../../riscv-wch-elf/lib/rv32imac_zba_zbb_zbc_zbs_xw/ilp32\libg_nano.a(lib_a-isattyr.o)
                0x000000002010338a                _isatty_r
 .text._lseek_r
                0x00000000201033b0       0x2a d:/bianyiqi/mounriver/mounriver_studio2/resources/app/resources/win32/components/wch/toolchain/risc-v embedded gcc12/bin/../lib/gcc/riscv-wch-elf/12.2.0/../../../../riscv-wch-elf/lib/rv32imac_zba_zbb_zbc_zbs_xw/ilp32\libg_nano.a(lib_a-lseekr.o)
                0x00000000201033b0                _lseek_r
 .text.memchr   0x00000000201033da       0x18 d:/bianyiqi/mounriver/mounriver_studio2/resources/app/resources/win32/components/wch/toolchain/risc-v embedded gcc12/bin/../lib/gcc/riscv-wch-elf/12.2.0/../../../../riscv-wch-elf/lib/rv32imac_zba_zbb_zbc_zbs_xw/ilp32\libg_nano.a(lib_a-memchr.o)
                0x00000000201033da                memchr
 .text.__malloc_lock
                0x00000000201033f2        0x8 d:/bianyiqi/mounriver/mounriver_studio2/resources/app/resources/win32/components/wch/toolchain/risc-v embedded gcc12/bin/../lib/gcc/riscv-wch-elf/12.2.0/../../../../riscv-wch-elf/lib/rv32imac_zba_zbb_zbc_zbs_xw/ilp32\libg_nano.a(lib_a-mlock.o)
                0x00000000201033f2                __malloc_lock
 .text.__malloc_unlock
                0x00000000201033fa        0x8 d:/bianyiqi/mounriver/mounriver_studio2/resources/app/resources/win32/components/wch/toolchain/risc-v embedded gcc12/bin/../lib/gcc/riscv-wch-elf/12.2.0/../../../../riscv-wch-elf/lib/rv32imac_zba_zbb_zbc_zbs_xw/ilp32\libg_nano.a(lib_a-mlock.o)
                0x00000000201033fa                __malloc_unlock
 .text._printf_common
                0x0000000020103402      0x10a d:/bianyiqi/mounriver/mounriver_studio2/resources/app/resources/win32/components/wch/toolchain/risc-v embedded gcc12/bin/../lib/gcc/riscv-wch-elf/12.2.0/../../../../riscv-wch-elf/lib/rv32imac_zba_zbb_zbc_zbs_xw/ilp32\libg_nano.a(lib_a-nano-vfprintf_i.o)
                0x0000000020103402                _printf_common
 .text._printf_i
                0x000000002010350c      0x27c d:/bianyiqi/mounriver/mounriver_studio2/resources/app/resources/win32/components/wch/toolchain/risc-v embedded gcc12/bin/../lib/gcc/riscv-wch-elf/12.2.0/../../../../riscv-wch-elf/lib/rv32imac_zba_zbb_zbc_zbs_xw/ilp32\libg_nano.a(lib_a-nano-vfprintf_i.o)
                0x000000002010350c                _printf_i
 .text._read_r  0x0000000020103788       0x2a d:/bianyiqi/mounriver/mounriver_studio2/resources/app/resources/win32/components/wch/toolchain/risc-v embedded gcc12/bin/../lib/gcc/riscv-wch-elf/12.2.0/../../../../riscv-wch-elf/lib/rv32imac_zba_zbb_zbc_zbs_xw/ilp32\libg_nano.a(lib_a-readr.o)
                0x0000000020103788                _read_r
 .text._close   0x00000000201037b2        0xc d:/bianyiqi/mounriver/mounriver_studio2/resources/app/resources/win32/components/wch/toolchain/risc-v embedded gcc12/bin/../lib/gcc/riscv-wch-elf/12.2.0/../../../../riscv-wch-elf/lib/rv32imac_zba_zbb_zbc_zbs_xw/ilp32\libnosys.a(close.o)
                0x00000000201037b2                _close
 .text._fstat   0x00000000201037be        0xc d:/bianyiqi/mounriver/mounriver_studio2/resources/app/resources/win32/components/wch/toolchain/risc-v embedded gcc12/bin/../lib/gcc/riscv-wch-elf/12.2.0/../../../../riscv-wch-elf/lib/rv32imac_zba_zbb_zbc_zbs_xw/ilp32\libnosys.a(fstat.o)
                0x00000000201037be                _fstat
 .text._isatty  0x00000000201037ca        0xc d:/bianyiqi/mounriver/mounriver_studio2/resources/app/resources/win32/components/wch/toolchain/risc-v embedded gcc12/bin/../lib/gcc/riscv-wch-elf/12.2.0/../../../../riscv-wch-elf/lib/rv32imac_zba_zbb_zbc_zbs_xw/ilp32\libnosys.a(isatty.o)
                0x00000000201037ca                _isatty
 .text._lseek   0x00000000201037d6        0xc d:/bianyiqi/mounriver/mounriver_studio2/resources/app/resources/win32/components/wch/toolchain/risc-v embedded gcc12/bin/../lib/gcc/riscv-wch-elf/12.2.0/../../../../riscv-wch-elf/lib/rv32imac_zba_zbb_zbc_zbs_xw/ilp32\libnosys.a(lseek.o)
                0x00000000201037d6                _lseek
 .text._read    0x00000000201037e2        0xc d:/bianyiqi/mounriver/mounriver_studio2/resources/app/resources/win32/components/wch/toolchain/risc-v embedded gcc12/bin/../lib/gcc/riscv-wch-elf/12.2.0/../../../../riscv-wch-elf/lib/rv32imac_zba_zbb_zbc_zbs_xw/ilp32\libnosys.a(read.o)
                0x00000000201037e2                _read
 *(.rodata)
 *(.rodata*)
 *fill*         0x00000000201037ee        0x2 
 .rodata.main.str1.4
                0x00000000201037f0       0x27 ./User/main.o
 *fill*         0x0000000020103817        0x1 
 .rodata.USBFS_IRQHandler
                0x0000000020103818       0x30 ./Common/USB/ch32h417_usbfs_device.o
 .rodata.USBHS_IRQHandler
                0x0000000020103848       0x30 ./Common/USB/ch32h417_usbhs_device.o
 .rodata.MySerNumInfo
                0x0000000020103878       0x16 ./Common/USB/usb_desc.o
                0x0000000020103878                MySerNumInfo
 *fill*         0x000000002010388e        0x2 
 .rodata.MyProdInfo
                0x0000000020103890       0x1a ./Common/USB/usb_desc.o
                0x0000000020103890                MyProdInfo
 *fill*         0x00000000201038aa        0x2 
 .rodata.MyManuInfo
                0x00000000201038ac        0xe ./Common/USB/usb_desc.o
                0x00000000201038ac                MyManuInfo
 *fill*         0x00000000201038ba        0x2 
 .rodata.MyHIDReportDesc
                0x00000000201038bc       0x22 ./Common/USB/usb_desc.o
                0x00000000201038bc                MyHIDReportDesc
 *fill*         0x00000000201038de        0x2 
 .rodata.MyCfgDescr
                0x00000000201038e0       0x29 ./Common/USB/usb_desc.o
                0x00000000201038e0                MyCfgDescr
 *fill*         0x0000000020103909        0x3 
 .rodata.MyDevDescr
                0x000000002010390c       0x12 ./Common/USB/usb_desc.o
                0x000000002010390c                MyDevDescr
 *fill*         0x000000002010391e        0x2 
 .rodata.IAP_2_APP.str1.4
                0x0000000020103920        0xa ./Common/hardware.o
 *fill*         0x000000002010392a        0x2 
 .rodata.Hardware.str1.4
                0x000000002010392c        0x9 ./Common/hardware.o
 *fill*         0x0000000020103935        0x3 
 .rodata.RecData_Deal
                0x0000000020103938       0x14 ./Common/iap.o
 .rodata.__clz_tab
                0x000000002010394c      0x100 d:/bianyiqi/mounriver/mounriver_studio2/resources/app/resources/win32/components/wch/toolchain/risc-v embedded gcc12/bin/../lib/gcc/riscv-wch-elf/12.2.0/rv32imac_zba_zbb_zbc_zbs_xw/ilp32\libgcc.a(_clz.o)
                0x000000002010394c                __clz_tab
 .rodata.__sf_fake_stderr
                0x0000000020103a4c       0x20 d:/bianyiqi/mounriver/mounriver_studio2/resources/app/resources/win32/components/wch/toolchain/risc-v embedded gcc12/bin/../lib/gcc/riscv-wch-elf/12.2.0/../../../../riscv-wch-elf/lib/rv32imac_zba_zbb_zbc_zbs_xw/ilp32\libg_nano.a(lib_a-findfp.o)
                0x0000000020103a4c                __sf_fake_stderr
 .rodata.__sf_fake_stdout
                0x0000000020103a6c       0x20 d:/bianyiqi/mounriver/mounriver_studio2/resources/app/resources/win32/components/wch/toolchain/risc-v embedded gcc12/bin/../lib/gcc/riscv-wch-elf/12.2.0/../../../../riscv-wch-elf/lib/rv32imac_zba_zbb_zbc_zbs_xw/ilp32\libg_nano.a(lib_a-findfp.o)
                0x0000000020103a6c                __sf_fake_stdout
 .rodata.__sf_fake_stdin
                0x0000000020103a8c       0x20 d:/bianyiqi/mounriver/mounriver_studio2/resources/app/resources/win32/components/wch/toolchain/risc-v embedded gcc12/bin/../lib/gcc/riscv-wch-elf/12.2.0/../../../../riscv-wch-elf/lib/rv32imac_zba_zbb_zbc_zbs_xw/ilp32\libg_nano.a(lib_a-findfp.o)
                0x0000000020103a8c                __sf_fake_stdin
 .rodata._vfprintf_r.str1.4
                0x0000000020103aac       0x13 d:/bianyiqi/mounriver/mounriver_studio2/resources/app/resources/win32/components/wch/toolchain/risc-v embedded gcc12/bin/../lib/gcc/riscv-wch-elf/12.2.0/../../../../riscv-wch-elf/lib/rv32imac_zba_zbb_zbc_zbs_xw/ilp32\libg_nano.a(lib_a-nano-vfprintf.o)
 *fill*         0x0000000020103abf        0x1 
 .rodata._printf_i.str1.4
                0x0000000020103ac0       0x25 d:/bianyiqi/mounriver/mounriver_studio2/resources/app/resources/win32/components/wch/toolchain/risc-v embedded gcc12/bin/../lib/gcc/riscv-wch-elf/12.2.0/../../../../riscv-wch-elf/lib/rv32imac_zba_zbb_zbc_zbs_xw/ilp32\libg_nano.a(lib_a-nano-vfprintf_i.o)
 *fill*         0x0000000020103ae5        0x3 
 .rodata._printf_i
                0x0000000020103ae8       0x58 d:/bianyiqi/mounriver/mounriver_studio2/resources/app/resources/win32/components/wch/toolchain/risc-v embedded gcc12/bin/../lib/gcc/riscv-wch-elf/12.2.0/../../../../riscv-wch-elf/lib/rv32imac_zba_zbb_zbc_zbs_xw/ilp32\libg_nano.a(lib_a-nano-vfprintf_i.o)
 *(.sdata2.*)
 *(.glue_7)
 *(.glue_7t)
 *(.gnu.linkonce.t.*)
                0x0000000020103b40                . = ALIGN (0x4)
                0x0000000020103b40                PROVIDE (_highcode_vma_end = .)

.text           0x0000000000003c30       0x84
                0x0000000000003c30                . = ALIGN (0x4)
 *(SORT_NONE(.handle_reset))
 .handle_reset  0x0000000000003c30       0x82 ./Startup/startup_ch32h417_v3f.o
                0x0000000000003c30                handle_reset
                0x0000000000003cb4                . = ALIGN (0x4)
 *fill*         0x0000000000003cb2        0x2 

.rela.dyn       0x0000000000003cb4        0x0
 .rela.init     0x0000000000003cb4        0x0 ./User/ch32h417_it.o
 .rela.vector   0x0000000000003cb4        0x0 ./User/ch32h417_it.o
 .rela.load     0x0000000000003cb4        0x0 ./User/ch32h417_it.o
 .rela.handle_reset
                0x0000000000003cb4        0x0 ./User/ch32h417_it.o
 .rela.text._sbrk
                0x0000000000003cb4        0x0 ./User/ch32h417_it.o
 .rela.sdata.curbrk.0
                0x0000000000003cb4        0x0 ./User/ch32h417_it.o
 .rela.text._vfprintf_r
                0x0000000000003cb4        0x0 ./User/ch32h417_it.o

.highcodelalign1
                0x0000000000003cb4        0x0
                0x0000000000003cb4                . = ALIGN (0x4)
                0x0000000000003cb4                PROVIDE (_highcode_lma1 = .)

.fini           0x0000000020103b40        0x0 load address 0x0000000000003cb4
                0x0000000020103b40                . = ALIGN (0x4)
                0x0000000020103b40                PROVIDE (_highcode_vma_start1 = .)
 *(SORT_NONE(.fini))
                0x0000000020103b40                . = ALIGN (0x4)
                [!provide]                        PROVIDE (_etext = .)
                [!provide]                        PROVIDE (_eitcm = .)

.preinit_array  0x0000000020103b40        0x0 load address 0x0000000000003cb4
                [!provide]                        PROVIDE (__preinit_array_start = .)
 *(.preinit_array)
                [!provide]                        PROVIDE (__preinit_array_end = .)

.init_array     0x0000000020103b40        0x0 load address 0x0000000000003cb4
                [!provide]                        PROVIDE (__init_array_start = .)
 *(SORT_BY_INIT_PRIORITY(.init_array.*) SORT_BY_INIT_PRIORITY(.ctors.*))
 *(.init_array EXCLUDE_FILE(*crtend?.o *crtend.o *crtbegin?.o *crtbegin.o) .ctors)
                [!provide]                        PROVIDE (__init_array_end = .)

.fini_array     0x0000000020103b40        0x0 load address 0x0000000000003cb4
                [!provide]                        PROVIDE (__fini_array_start = .)
 *(SORT_BY_INIT_PRIORITY(.fini_array.*) SORT_BY_INIT_PRIORITY(.dtors.*))
 *(.fini_array EXCLUDE_FILE(*crtend?.o *crtend.o *crtbegin?.o *crtbegin.o) .dtors)
                [!provide]                        PROVIDE (__fini_array_end = .)

.ctors
 *crtbegin.o(.ctors)
 *crtbegin?.o(.ctors)
 *(EXCLUDE_FILE(*crtend?.o *crtend.o) .ctors)
 *(SORT_BY_NAME(.ctors.*))
 *(.ctors)

.dtors          0x0000000020103b40        0x0 load address 0x0000000000003cb4
 *crtbegin.o(.dtors)
 *crtbegin?.o(.dtors)
 *(EXCLUDE_FILE(*crtend?.o *crtend.o) .dtors)
 *(SORT_BY_NAME(.dtors.*))
 *(.dtors)
                0x0000000020103b40                . = ALIGN (0x4)
                0x0000000020103b40                PROVIDE (_highcode_vma_end1 = .)

.dalign         0x0000000020110100        0x0 load address 0x0000000000003cb4
                0x0000000020110100                . = ALIGN (0x4)
                0x0000000020110100                PROVIDE (_data_vma = .)

.dlalign        0x0000000000003cb4        0x0
                0x0000000000003cb4                . = ALIGN (0x4)
                0x0000000000003cb4                PROVIDE (_data_lma = .)

.data           0x0000000020110100      0x118 load address 0x0000000000003cb4
                0x0000000020110100                . = ALIGN (0x4)
 *(.gnu.linkonce.r.*)
 *(.data .data.*)
 .data.SERDESPLLMULTB
                0x0000000020110100       0x10 ./User/system_ch32h417.o
 .data.HBPrescTB
                0x0000000020110110       0x10 ./User/system_ch32h417.o
 .data.PLLMULTB
                0x0000000020110120       0x20 ./User/system_ch32h417.o
 .data.SERDESPLLMULTable
                0x0000000020110140       0x10 ./Peripheral/src/ch32h417_rcc.o
 .data.HBPrescTable
                0x0000000020110150       0x10 ./Peripheral/src/ch32h417_rcc.o
 .data.PLLMULTable
                0x0000000020110160       0x20 ./Peripheral/src/ch32h417_rcc.o
 .data.impure_data
                0x0000000020110180       0x60 d:/bianyiqi/mounriver/mounriver_studio2/resources/app/resources/win32/components/wch/toolchain/risc-v embedded gcc12/bin/../lib/gcc/riscv-wch-elf/12.2.0/../../../../riscv-wch-elf/lib/rv32imac_zba_zbb_zbc_zbs_xw/ilp32\libg_nano.a(lib_a-impure.o)
 *(.gnu.linkonce.d.*)
                0x00000000201101e0                . = ALIGN (0x8)
                0x00000000201109e0                PROVIDE (__global_pointer$ = (. + 0x800))
 *(.sdata .sdata.*)
 .sdata.FPRETB  0x00000000201101e0        0x4 ./User/system_ch32h417.o
 .sdata.SystemCoreClock
                0x00000000201101e4        0x4 ./User/system_ch32h417.o
                0x00000000201101e4                SystemCoreClock
 .sdata.SystemClock
                0x00000000201101e8        0x4 ./User/system_ch32h417.o
                0x00000000201101e8                SystemClock
 .sdata.ADCPRETable
                0x00000000201101ec        0x4 ./Peripheral/src/ch32h417_rcc.o
 .sdata.PPRE2Table
                0x00000000201101f0        0x8 ./Peripheral/src/ch32h417_rcc.o
 .sdata.FPRETable
                0x00000000201101f8        0x4 ./Peripheral/src/ch32h417_rcc.o
 .sdata.curbrk.0
                0x00000000201101fc        0x4 ./Common/Debug/debug.o
 .sdata.Flash_Erase_Page_Size
                0x0000000020110200        0x4 ./Common/iap.o
                0x0000000020110200                Flash_Erase_Page_Size
 .sdata.Verify_addr
                0x0000000020110204        0x4 ./Common/iap.o
                0x0000000020110204                Verify_addr
 .sdata.Program_addr
                0x0000000020110208        0x4 ./Common/iap.o
                0x0000000020110208                Program_addr
 .sdata._impure_ptr
                0x000000002011020c        0x4 d:/bianyiqi/mounriver/mounriver_studio2/resources/app/resources/win32/components/wch/toolchain/risc-v embedded gcc12/bin/../lib/gcc/riscv-wch-elf/12.2.0/../../../../riscv-wch-elf/lib/rv32imac_zba_zbb_zbc_zbs_xw/ilp32\libg_nano.a(lib_a-impure.o)
                0x000000002011020c                _impure_ptr
 *(.sdata2.*)
 *(.gnu.linkonce.s.*)
                0x0000000020110210                . = ALIGN (0x8)
 *(.srodata.cst16)
 *(.srodata.cst8)
 *(.srodata.cst4)
 *(.srodata.cst2)
 *(.srodata .srodata.*)
 .srodata.MyLangDescr
                0x0000000020110210        0x4 ./Common/USB/usb_desc.o
                0x0000000020110210                MyLangDescr
 .srodata._global_impure_ptr
                0x0000000020110214        0x4 d:/bianyiqi/mounriver/mounriver_studio2/resources/app/resources/win32/components/wch/toolchain/risc-v embedded gcc12/bin/../lib/gcc/riscv-wch-elf/12.2.0/../../../../riscv-wch-elf/lib/rv32imac_zba_zbb_zbc_zbs_xw/ilp32\libg_nano.a(lib_a-impure.o)
                0x0000000020110214                _global_impure_ptr
                0x0000000020110218                . = ALIGN (0x4)
                0x0000000020110218                PROVIDE (_edata = .)

.bss            0x0000000020110218     0x2a10 load address 0x0000000000003dcc
                0x0000000020110218                . = ALIGN (0x4)
                0x0000000020110218                PROVIDE (_sbss = .)
 *(.sbss*)
 .sbss.HCLKClock
                0x0000000020110218        0x4 ./User/system_ch32h417.o
                0x0000000020110218                HCLKClock
 .sbss.USBFS_DevEnumStatus
                0x000000002011021c        0x1 ./Common/USB/ch32h417_usbfs_device.o
                0x000000002011021c                USBFS_DevEnumStatus
 .sbss.USBFS_DevSleepStatus
                0x000000002011021d        0x1 ./Common/USB/ch32h417_usbfs_device.o
                0x000000002011021d                USBFS_DevSleepStatus
 .sbss.USBFS_DevAddr
                0x000000002011021e        0x1 ./Common/USB/ch32h417_usbfs_device.o
                0x000000002011021e                USBFS_DevAddr
 .sbss.USBFS_DevConfig
                0x000000002011021f        0x1 ./Common/USB/ch32h417_usbfs_device.o
                0x000000002011021f                USBFS_DevConfig
 .sbss.USBFS_SetupReqLen
                0x0000000020110220        0x2 ./Common/USB/ch32h417_usbfs_device.o
                0x0000000020110220                USBFS_SetupReqLen
 .sbss.USBFS_SetupReqIndex
                0x0000000020110222        0x2 ./Common/USB/ch32h417_usbfs_device.o
                0x0000000020110222                USBFS_SetupReqIndex
 .sbss.USBFS_SetupReqValue
                0x0000000020110224        0x2 ./Common/USB/ch32h417_usbfs_device.o
                0x0000000020110224                USBFS_SetupReqValue
 .sbss.USBFS_SetupReqType
                0x0000000020110226        0x1 ./Common/USB/ch32h417_usbfs_device.o
                0x0000000020110226                USBFS_SetupReqType
 .sbss.USBFS_SetupReqCode
                0x0000000020110227        0x1 ./Common/USB/ch32h417_usbfs_device.o
                0x0000000020110227                USBFS_SetupReqCode
 .sbss.pUSBFS_Descr
                0x0000000020110228        0x4 ./Common/USB/ch32h417_usbfs_device.o
                0x0000000020110228                pUSBFS_Descr
 .sbss.USBHS_DevEnumStatus
                0x000000002011022c        0x1 ./Common/USB/ch32h417_usbhs_device.o
                0x000000002011022c                USBHS_DevEnumStatus
 .sbss.USBHS_DevSleepStatus
                0x000000002011022d        0x1 ./Common/USB/ch32h417_usbhs_device.o
                0x000000002011022d                USBHS_DevSleepStatus
 .sbss.USBHS_DevAddr
                0x000000002011022e        0x1 ./Common/USB/ch32h417_usbhs_device.o
                0x000000002011022e                USBHS_DevAddr
 .sbss.USBHS_DevConfig
                0x000000002011022f        0x1 ./Common/USB/ch32h417_usbhs_device.o
                0x000000002011022f                USBHS_DevConfig
 .sbss.USBHS_SetupReqLen
                0x0000000020110230        0x2 ./Common/USB/ch32h417_usbhs_device.o
                0x0000000020110230                USBHS_SetupReqLen
 .sbss.USBHS_SetupReqIndex
                0x0000000020110232        0x2 ./Common/USB/ch32h417_usbhs_device.o
                0x0000000020110232                USBHS_SetupReqIndex
 .sbss.USBHS_SetupReqValue
                0x0000000020110234        0x2 ./Common/USB/ch32h417_usbhs_device.o
                0x0000000020110234                USBHS_SetupReqValue
 .sbss.USBHS_SetupReqType
                0x0000000020110236        0x1 ./Common/USB/ch32h417_usbhs_device.o
                0x0000000020110236                USBHS_SetupReqType
 .sbss.USBHS_SetupReqCode
                0x0000000020110237        0x1 ./Common/USB/ch32h417_usbhs_device.o
                0x0000000020110237                USBHS_SetupReqCode
 .sbss.pUSBHS_Descr
                0x0000000020110238        0x4 ./Common/USB/ch32h417_usbhs_device.o
                0x0000000020110238                pUSBHS_Descr
 .sbss.p_ms     0x000000002011023c        0x4 ./Common/Debug/debug.o
 .sbss.p_us     0x0000000020110240        0x2 ./Common/Debug/debug.o
 .sbss.End_Flag
                0x0000000020110242        0x1 ./Common/iap.o
                0x0000000020110242                End_Flag
 *fill*         0x0000000020110243        0x1 
 .sbss.CodeLen  0x0000000020110244        0x4 ./Common/iap.o
                0x0000000020110244                CodeLen
 .sbss.Verify_Star_flag
                0x0000000020110248        0x1 ./Common/iap.o
                0x0000000020110248                Verify_Star_flag
 *fill*         0x0000000020110249        0x3 
 .sbss.__lock___malloc_recursive_mutex
                0x000000002011024c        0x1 d:/bianyiqi/mounriver/mounriver_studio2/resources/app/resources/win32/components/wch/toolchain/risc-v embedded gcc12/bin/../lib/gcc/riscv-wch-elf/12.2.0/../../../../riscv-wch-elf/lib/rv32imac_zba_zbb_zbc_zbs_xw/ilp32\libg_nano.a(lib_a-lock.o)
                0x000000002011024c                __lock___malloc_recursive_mutex
 *fill*         0x000000002011024d        0x3 
 .sbss.__lock___sfp_recursive_mutex
                0x0000000020110250        0x1 d:/bianyiqi/mounriver/mounriver_studio2/resources/app/resources/win32/components/wch/toolchain/risc-v embedded gcc12/bin/../lib/gcc/riscv-wch-elf/12.2.0/../../../../riscv-wch-elf/lib/rv32imac_zba_zbb_zbc_zbs_xw/ilp32\libg_nano.a(lib_a-lock.o)
                0x0000000020110250                __lock___sfp_recursive_mutex
 *fill*         0x0000000020110251        0x3 
 .sbss.__lock___sinit_recursive_mutex
                0x0000000020110254        0x1 d:/bianyiqi/mounriver/mounriver_studio2/resources/app/resources/win32/components/wch/toolchain/risc-v embedded gcc12/bin/../lib/gcc/riscv-wch-elf/12.2.0/../../../../riscv-wch-elf/lib/rv32imac_zba_zbb_zbc_zbs_xw/ilp32\libg_nano.a(lib_a-lock.o)
                0x0000000020110254                __lock___sinit_recursive_mutex
 *fill*         0x0000000020110255        0x3 
 .sbss.__malloc_sbrk_start
                0x0000000020110258        0x4 d:/bianyiqi/mounriver/mounriver_studio2/resources/app/resources/win32/components/wch/toolchain/risc-v embedded gcc12/bin/../lib/gcc/riscv-wch-elf/12.2.0/../../../../riscv-wch-elf/lib/rv32imac_zba_zbb_zbc_zbs_xw/ilp32\libg_nano.a(lib_a-nano-mallocr.o)
                0x0000000020110258                __malloc_sbrk_start
 .sbss.__malloc_free_list
                0x000000002011025c        0x4 d:/bianyiqi/mounriver/mounriver_studio2/resources/app/resources/win32/components/wch/toolchain/risc-v embedded gcc12/bin/../lib/gcc/riscv-wch-elf/12.2.0/../../../../riscv-wch-elf/lib/rv32imac_zba_zbb_zbc_zbs_xw/ilp32\libg_nano.a(lib_a-nano-mallocr.o)
                0x000000002011025c                __malloc_free_list
 .sbss.errno    0x0000000020110260        0x4 d:/bianyiqi/mounriver/mounriver_studio2/resources/app/resources/win32/components/wch/toolchain/risc-v embedded gcc12/bin/../lib/gcc/riscv-wch-elf/12.2.0/../../../../riscv-wch-elf/lib/rv32imac_zba_zbb_zbc_zbs_xw/ilp32\libg_nano.a(lib_a-reent.o)
                0x0000000020110260                errno
 *(.gnu.linkonce.sb.*)
 *(.bss*)
 .bss.USBFS_EP2_Buf
                0x0000000020110264       0x80 ./Common/USB/ch32h417_usbfs_device.o
                0x0000000020110264                USBFS_EP2_Buf
 .bss.USBFS_EP0_Buf
                0x00000000201102e4       0x40 ./Common/USB/ch32h417_usbfs_device.o
                0x00000000201102e4                USBFS_EP0_Buf
 .bss.USBHS_EP2_Rx_Buf
                0x0000000020110324       0x40 ./Common/USB/ch32h417_usbhs_device.o
                0x0000000020110324                USBHS_EP2_Rx_Buf
 .bss.USBHS_EP0_Buf
                0x0000000020110364       0x40 ./Common/USB/ch32h417_usbhs_device.o
                0x0000000020110364                USBHS_EP0_Buf
 .bss.USB_In_Buf
                0x00000000201103a4       0x40 ./Common/USB/usb_inf.o
                0x00000000201103a4                USB_In_Buf
 .bss.IAP_Deal_Buf
                0x00000000201103e4       0x44 ./Common/iap.o
                0x00000000201103e4                IAP_Deal_Buf
 .bss.Fast_Program_Buf
                0x0000000020110428     0x2800 ./Common/iap.o
                0x0000000020110428                Fast_Program_Buf
 *(.gnu.linkonce.b.*)
 *(COMMON*)
                0x0000000020112c28                . = ALIGN (0x4)
                0x0000000020112c28                PROVIDE (_ebss = .)
                0x0000000020112c28                PROVIDE (_end = _ebss)
                [!provide]                        PROVIDE (end = .)

.stack          0x0000000020114800      0x800
                0x0000000020114800                PROVIDE (_heap_end = .)
                0x0000000020114800                . = ALIGN (0x4)
                [!provide]                        PROVIDE (_susrstack = .)
                0x0000000020115000                . = (. + __stack_size)
 *fill*         0x0000000020114800      0x800 
                0x0000000020115000                PROVIDE (_eusrstack = .)
OUTPUT(CH32H417_IAP_V3F.elf elf32-littleriscv)

.debug_info     0x0000000000000000     0x986d
 .debug_info    0x0000000000000000      0x3ea ./User/ch32h417_it.o
 .debug_info    0x00000000000003ea      0x1ab ./User/main.o
 .debug_info    0x0000000000000595      0x744 ./User/system_ch32h417.o
 .debug_info    0x0000000000000cd9       0x23 ./Startup/startup_ch32h417_v3f.o
 .debug_info    0x0000000000000cfc      0xc5c ./Peripheral/src/ch32h417_flash.o
 .debug_info    0x0000000000001958      0xb63 ./Peripheral/src/ch32h417_gpio.o
 .debug_info    0x00000000000024bb     0x165a ./Peripheral/src/ch32h417_rcc.o
 .debug_info    0x0000000000003b15      0xb26 ./Peripheral/src/ch32h417_usart.o
 .debug_info    0x000000000000463b     0x1275 ./Common/USB/ch32h417_usbfs_device.o
 .debug_info    0x00000000000058b0     0x1335 ./Common/USB/ch32h417_usbhs_device.o
 .debug_info    0x0000000000006be5      0x1e9 ./Common/USB/usb_desc.o
 .debug_info    0x0000000000006dce      0xbe5 ./Common/USB/usb_inf.o
 .debug_info    0x00000000000079b3      0x6d9 ./Common/Debug/debug.o
 .debug_info    0x000000000000808c      0x126 ./Common/flash.o
 .debug_info    0x00000000000081b2      0x9a5 ./Common/hardware.o
 .debug_info    0x0000000000008b57      0xd16 ./Common/iap.o

.debug_abbrev   0x0000000000000000     0x214a
 .debug_abbrev  0x0000000000000000      0x111 ./User/ch32h417_it.o
 .debug_abbrev  0x0000000000000111       0xe3 ./User/main.o
 .debug_abbrev  0x00000000000001f4      0x24a ./User/system_ch32h417.o
 .debug_abbrev  0x000000000000043e       0x12 ./Startup/startup_ch32h417_v3f.o
 .debug_abbrev  0x0000000000000450      0x318 ./Peripheral/src/ch32h417_flash.o
 .debug_abbrev  0x0000000000000768      0x269 ./Peripheral/src/ch32h417_gpio.o
 .debug_abbrev  0x00000000000009d1      0x39f ./Peripheral/src/ch32h417_rcc.o
 .debug_abbrev  0x0000000000000d70      0x210 ./Peripheral/src/ch32h417_usart.o
 .debug_abbrev  0x0000000000000f80      0x2dd ./Common/USB/ch32h417_usbfs_device.o
 .debug_abbrev  0x000000000000125d      0x333 ./Common/USB/ch32h417_usbhs_device.o
 .debug_abbrev  0x0000000000001590       0x7a ./Common/USB/usb_desc.o
 .debug_abbrev  0x000000000000160a      0x277 ./Common/USB/usb_inf.o
 .debug_abbrev  0x0000000000001881      0x23a ./Common/Debug/debug.o
 .debug_abbrev  0x0000000000001abb       0xd6 ./Common/flash.o
 .debug_abbrev  0x0000000000001b91      0x276 ./Common/hardware.o
 .debug_abbrev  0x0000000000001e07      0x343 ./Common/iap.o

.debug_aranges  0x0000000000000000      0x708
 .debug_aranges
                0x0000000000000000       0x30 ./User/ch32h417_it.o
 .debug_aranges
                0x0000000000000030       0x20 ./User/main.o
 .debug_aranges
                0x0000000000000050       0x28 ./User/system_ch32h417.o
 .debug_aranges
                0x0000000000000078       0x38 ./Startup/startup_ch32h417_v3f.o
 .debug_aranges
                0x00000000000000b0      0x110 ./Peripheral/src/ch32h417_flash.o
 .debug_aranges
                0x00000000000001c0       0xa0 ./Peripheral/src/ch32h417_gpio.o
 .debug_aranges
                0x0000000000000260      0x200 ./Peripheral/src/ch32h417_rcc.o
 .debug_aranges
                0x0000000000000460      0x100 ./Peripheral/src/ch32h417_usart.o
 .debug_aranges
                0x0000000000000560       0x38 ./Common/USB/ch32h417_usbfs_device.o
 .debug_aranges
                0x0000000000000598       0x40 ./Common/USB/ch32h417_usbhs_device.o
 .debug_aranges
                0x00000000000005d8       0x18 ./Common/USB/usb_desc.o
 .debug_aranges
                0x00000000000005f0       0x30 ./Common/USB/usb_inf.o
 .debug_aranges
                0x0000000000000620       0x48 ./Common/Debug/debug.o
 .debug_aranges
                0x0000000000000668       0x20 ./Common/flash.o
 .debug_aranges
                0x0000000000000688       0x28 ./Common/hardware.o
 .debug_aranges
                0x00000000000006b0       0x58 ./Common/iap.o

.debug_rnglists
                0x0000000000000000      0x7c1
 .debug_rnglists
                0x0000000000000000       0x28 ./User/ch32h417_it.o
 .debug_rnglists
                0x0000000000000028       0x16 ./User/main.o
 .debug_rnglists
                0x000000000000003e       0x58 ./User/system_ch32h417.o
 .debug_rnglists
                0x0000000000000096       0x27 ./Startup/startup_ch32h417_v3f.o
 .debug_rnglists
                0x00000000000000bd      0x124 ./Peripheral/src/ch32h417_flash.o
 .debug_rnglists
                0x00000000000001e1       0xa6 ./Peripheral/src/ch32h417_gpio.o
 .debug_rnglists
                0x0000000000000287      0x26a ./Peripheral/src/ch32h417_rcc.o
 .debug_rnglists
                0x00000000000004f1      0x112 ./Peripheral/src/ch32h417_usart.o
 .debug_rnglists
                0x0000000000000603       0x57 ./Common/USB/ch32h417_usbfs_device.o
 .debug_rnglists
                0x000000000000065a       0x3a ./Common/USB/ch32h417_usbhs_device.o
 .debug_rnglists
                0x0000000000000694       0x3b ./Common/USB/usb_inf.o
 .debug_rnglists
                0x00000000000006cf       0x43 ./Common/Debug/debug.o
 .debug_rnglists
                0x0000000000000712       0x16 ./Common/flash.o
 .debug_rnglists
                0x0000000000000728       0x1f ./Common/hardware.o
 .debug_rnglists
                0x0000000000000747       0x7a ./Common/iap.o

.debug_line     0x0000000000000000     0xaa57
 .debug_line    0x0000000000000000      0x111 ./User/ch32h417_it.o
 .debug_line    0x0000000000000111       0xdc ./User/main.o
 .debug_line    0x00000000000001ed      0x97f ./User/system_ch32h417.o
 .debug_line    0x0000000000000b6c      0x257 ./Startup/startup_ch32h417_v3f.o
 .debug_line    0x0000000000000dc3     0x251b ./Peripheral/src/ch32h417_flash.o
 .debug_line    0x00000000000032de     0x1461 ./Peripheral/src/ch32h417_gpio.o
 .debug_line    0x000000000000473f     0x1cd1 ./Peripheral/src/ch32h417_rcc.o
 .debug_line    0x0000000000006410      0xe3a ./Peripheral/src/ch32h417_usart.o
 .debug_line    0x000000000000724a      0xf80 ./Common/USB/ch32h417_usbfs_device.o
 .debug_line    0x00000000000081ca     0x102e ./Common/USB/ch32h417_usbhs_device.o
 .debug_line    0x00000000000091f8       0x51 ./Common/USB/usb_desc.o
 .debug_line    0x0000000000009249      0x2bc ./Common/USB/usb_inf.o
 .debug_line    0x0000000000009505      0x566 ./Common/Debug/debug.o
 .debug_line    0x0000000000009a6b       0x78 ./Common/flash.o
 .debug_line    0x0000000000009ae3      0x20a ./Common/hardware.o
 .debug_line    0x0000000000009ced      0xd6a ./Common/iap.o

.debug_str      0x0000000000000000     0x2d21
 .debug_str     0x0000000000000000      0x270 ./User/ch32h417_it.o
                                        0x2bf (size before relaxing)
 .debug_str     0x0000000000000270       0x7b ./User/main.o
                                        0x1fd (size before relaxing)
 .debug_str     0x00000000000002eb      0x162 ./User/system_ch32h417.o
                                        0x466 (size before relaxing)
 .debug_str     0x000000000000044d      0x109 ./Startup/startup_ch32h417_v3f.o
 .debug_str     0x0000000000000556      0x4aa ./Peripheral/src/ch32h417_flash.o
                                        0x6d7 (size before relaxing)
 .debug_str     0x0000000000000a00      0x410 ./Peripheral/src/ch32h417_gpio.o
                                        0x61c (size before relaxing)
 .debug_str     0x0000000000000e10      0x8e9 ./Peripheral/src/ch32h417_rcc.o
                                        0xeaa (size before relaxing)
 .debug_str     0x00000000000016f9      0x437 ./Peripheral/src/ch32h417_usart.o
                                        0x738 (size before relaxing)
 .debug_str     0x0000000000001b30      0xb07 ./Common/USB/ch32h417_usbfs_device.o
                                        0xf86 (size before relaxing)
 .debug_str     0x0000000000002637      0x4b7 ./Common/USB/ch32h417_usbhs_device.o
                                       0x1137 (size before relaxing)
 .debug_str     0x0000000000002aee      0x1d5 ./Common/USB/usb_desc.o
 .debug_str     0x0000000000002aee       0x50 ./Common/USB/usb_inf.o
                                        0x87f (size before relaxing)
 .debug_str     0x0000000000002b3e       0x61 ./Common/Debug/debug.o
                                        0x540 (size before relaxing)
 .debug_str     0x0000000000002b9f       0x1c ./Common/flash.o
                                        0x1b5 (size before relaxing)
 .debug_str     0x0000000000002bbb       0x35 ./Common/hardware.o
                                        0x9e9 (size before relaxing)
 .debug_str     0x0000000000002bf0      0x131 ./Common/iap.o
                                        0x75b (size before relaxing)

.debug_line_str
                0x0000000000000000      0xe41
 .debug_line_str
                0x0000000000000000      0x24b ./User/ch32h417_it.o
                                        0x2e6 (size before relaxing)
 .debug_line_str
                0x000000000000024b      0x249 ./User/main.o
                                        0x49a (size before relaxing)
 .debug_line_str
                0x0000000000000494       0x98 ./User/system_ch32h417.o
                                        0x40d (size before relaxing)
 .debug_line_str
                0x000000000000052c       0x7e ./Startup/startup_ch32h417_v3f.o
                                        0x114 (size before relaxing)
 .debug_line_str
                0x00000000000005aa       0xfe ./Peripheral/src/ch32h417_flash.o
                                        0x445 (size before relaxing)
 .debug_line_str
                0x00000000000006a8       0x8d ./Peripheral/src/ch32h417_gpio.o
                                        0x461 (size before relaxing)
 .debug_line_str
                0x0000000000000735       0x7d ./Peripheral/src/ch32h417_rcc.o
                                        0x44d (size before relaxing)
 .debug_line_str
                0x00000000000007b2       0x90 ./Peripheral/src/ch32h417_usart.o
                                        0x454 (size before relaxing)
 .debug_line_str
                0x0000000000000842      0x20f ./Common/USB/ch32h417_usbfs_device.o
                                        0x68a (size before relaxing)
 .debug_line_str
                0x0000000000000a51       0xb2 ./Common/USB/ch32h417_usbhs_device.o
                                        0x5fe (size before relaxing)
 .debug_line_str
                0x0000000000000b03       0x8d ./Common/USB/usb_desc.o
                                        0x36b (size before relaxing)
 .debug_line_str
                0x0000000000000b90       0x92 ./Common/USB/usb_inf.o
                                        0x65c (size before relaxing)
 .debug_line_str
                0x0000000000000c22       0x8c ./Common/Debug/debug.o
                                        0x5aa (size before relaxing)
 .debug_line_str
                0x0000000000000cae       0x86 ./Common/flash.o
                                        0x43f (size before relaxing)
 .debug_line_str
                0x0000000000000d34       0x89 ./Common/hardware.o
                                        0x617 (size before relaxing)
 .debug_line_str
                0x0000000000000dbd       0x84 ./Common/iap.o
                                        0x50e (size before relaxing)

.comment        0x0000000000000000       0x31
 .comment       0x0000000000000000       0x31 ./User/ch32h417_it.o
                                         0x32 (size before relaxing)
 .comment       0x0000000000000031       0x32 ./User/main.o
 .comment       0x0000000000000031       0x32 ./User/system_ch32h417.o
 .comment       0x0000000000000031       0x32 ./Peripheral/src/ch32h417_flash.o
 .comment       0x0000000000000031       0x32 ./Peripheral/src/ch32h417_gpio.o
 .comment       0x0000000000000031       0x32 ./Peripheral/src/ch32h417_rcc.o
 .comment       0x0000000000000031       0x32 ./Peripheral/src/ch32h417_usart.o
 .comment       0x0000000000000031       0x32 ./Common/USB/ch32h417_usbfs_device.o
 .comment       0x0000000000000031       0x32 ./Common/USB/ch32h417_usbhs_device.o
 .comment       0x0000000000000031       0x32 ./Common/USB/usb_desc.o
 .comment       0x0000000000000031       0x32 ./Common/USB/usb_inf.o
 .comment       0x0000000000000031       0x32 ./Common/Debug/debug.o
 .comment       0x0000000000000031       0x32 ./Common/flash.o
 .comment       0x0000000000000031       0x32 ./Common/hardware.o
 .comment       0x0000000000000031       0x32 ./Common/iap.o
 .comment       0x0000000000000031       0x32 d:/bianyiqi/mounriver/mounriver_studio2/resources/app/resources/win32/components/wch/toolchain/risc-v embedded gcc12/bin/../lib/gcc/riscv-wch-elf/12.2.0/rv32imac_zba_zbb_zbc_zbs_xw/ilp32\libgcc.a(_udivdi3.o)
 .comment       0x0000000000000031       0x32 d:/bianyiqi/mounriver/mounriver_studio2/resources/app/resources/win32/components/wch/toolchain/risc-v embedded gcc12/bin/../lib/gcc/riscv-wch-elf/12.2.0/rv32imac_zba_zbb_zbc_zbs_xw/ilp32\libgcc.a(_clz.o)
 .comment       0x0000000000000031       0x32 d:/bianyiqi/mounriver/mounriver_studio2/resources/app/resources/win32/components/wch/toolchain/risc-v embedded gcc12/bin/../lib/gcc/riscv-wch-elf/12.2.0/../../../../riscv-wch-elf/lib/rv32imac_zba_zbb_zbc_zbs_xw/ilp32\libg_nano.a(lib_a-printf.o)
 .comment       0x0000000000000031       0x32 d:/bianyiqi/mounriver/mounriver_studio2/resources/app/resources/win32/components/wch/toolchain/risc-v embedded gcc12/bin/../lib/gcc/riscv-wch-elf/12.2.0/../../../../riscv-wch-elf/lib/rv32imac_zba_zbb_zbc_zbs_xw/ilp32\libg_nano.a(lib_a-puts.o)
 .comment       0x0000000000000031       0x32 d:/bianyiqi/mounriver/mounriver_studio2/resources/app/resources/win32/components/wch/toolchain/risc-v embedded gcc12/bin/../lib/gcc/riscv-wch-elf/12.2.0/../../../../riscv-wch-elf/lib/rv32imac_zba_zbb_zbc_zbs_xw/ilp32\libg_nano.a(lib_a-wbuf.o)
 .comment       0x0000000000000031       0x32 d:/bianyiqi/mounriver/mounriver_studio2/resources/app/resources/win32/components/wch/toolchain/risc-v embedded gcc12/bin/../lib/gcc/riscv-wch-elf/12.2.0/../../../../riscv-wch-elf/lib/rv32imac_zba_zbb_zbc_zbs_xw/ilp32\libg_nano.a(lib_a-wsetup.o)
 .comment       0x0000000000000031       0x32 d:/bianyiqi/mounriver/mounriver_studio2/resources/app/resources/win32/components/wch/toolchain/risc-v embedded gcc12/bin/../lib/gcc/riscv-wch-elf/12.2.0/../../../../riscv-wch-elf/lib/rv32imac_zba_zbb_zbc_zbs_xw/ilp32\libg_nano.a(lib_a-fflush.o)
 .comment       0x0000000000000031       0x32 d:/bianyiqi/mounriver/mounriver_studio2/resources/app/resources/win32/components/wch/toolchain/risc-v embedded gcc12/bin/../lib/gcc/riscv-wch-elf/12.2.0/../../../../riscv-wch-elf/lib/rv32imac_zba_zbb_zbc_zbs_xw/ilp32\libg_nano.a(lib_a-findfp.o)
 .comment       0x0000000000000031       0x32 d:/bianyiqi/mounriver/mounriver_studio2/resources/app/resources/win32/components/wch/toolchain/risc-v embedded gcc12/bin/../lib/gcc/riscv-wch-elf/12.2.0/../../../../riscv-wch-elf/lib/rv32imac_zba_zbb_zbc_zbs_xw/ilp32\libg_nano.a(lib_a-fwalk.o)
 .comment       0x0000000000000031       0x32 d:/bianyiqi/mounriver/mounriver_studio2/resources/app/resources/win32/components/wch/toolchain/risc-v embedded gcc12/bin/../lib/gcc/riscv-wch-elf/12.2.0/../../../../riscv-wch-elf/lib/rv32imac_zba_zbb_zbc_zbs_xw/ilp32\libg_nano.a(lib_a-impure.o)
 .comment       0x0000000000000031       0x32 d:/bianyiqi/mounriver/mounriver_studio2/resources/app/resources/win32/components/wch/toolchain/risc-v embedded gcc12/bin/../lib/gcc/riscv-wch-elf/12.2.0/../../../../riscv-wch-elf/lib/rv32imac_zba_zbb_zbc_zbs_xw/ilp32\libg_nano.a(lib_a-lock.o)
 .comment       0x0000000000000031       0x32 d:/bianyiqi/mounriver/mounriver_studio2/resources/app/resources/win32/components/wch/toolchain/risc-v embedded gcc12/bin/../lib/gcc/riscv-wch-elf/12.2.0/../../../../riscv-wch-elf/lib/rv32imac_zba_zbb_zbc_zbs_xw/ilp32\libg_nano.a(lib_a-makebuf.o)
 .comment       0x0000000000000031       0x32 d:/bianyiqi/mounriver/mounriver_studio2/resources/app/resources/win32/components/wch/toolchain/risc-v embedded gcc12/bin/../lib/gcc/riscv-wch-elf/12.2.0/../../../../riscv-wch-elf/lib/rv32imac_zba_zbb_zbc_zbs_xw/ilp32\libg_nano.a(lib_a-nano-freer.o)
 .comment       0x0000000000000031       0x32 d:/bianyiqi/mounriver/mounriver_studio2/resources/app/resources/win32/components/wch/toolchain/risc-v embedded gcc12/bin/../lib/gcc/riscv-wch-elf/12.2.0/../../../../riscv-wch-elf/lib/rv32imac_zba_zbb_zbc_zbs_xw/ilp32\libg_nano.a(lib_a-nano-mallocr.o)
 .comment       0x0000000000000031       0x32 d:/bianyiqi/mounriver/mounriver_studio2/resources/app/resources/win32/components/wch/toolchain/risc-v embedded gcc12/bin/../lib/gcc/riscv-wch-elf/12.2.0/../../../../riscv-wch-elf/lib/rv32imac_zba_zbb_zbc_zbs_xw/ilp32\libg_nano.a(lib_a-nano-vfprintf.o)
 .comment       0x0000000000000031       0x32 d:/bianyiqi/mounriver/mounriver_studio2/resources/app/resources/win32/components/wch/toolchain/risc-v embedded gcc12/bin/../lib/gcc/riscv-wch-elf/12.2.0/../../../../riscv-wch-elf/lib/rv32imac_zba_zbb_zbc_zbs_xw/ilp32\libg_nano.a(lib_a-sbrkr.o)
 .comment       0x0000000000000031       0x32 d:/bianyiqi/mounriver/mounriver_studio2/resources/app/resources/win32/components/wch/toolchain/risc-v embedded gcc12/bin/../lib/gcc/riscv-wch-elf/12.2.0/../../../../riscv-wch-elf/lib/rv32imac_zba_zbb_zbc_zbs_xw/ilp32\libg_nano.a(lib_a-stdio.o)
 .comment       0x0000000000000031       0x32 d:/bianyiqi/mounriver/mounriver_studio2/resources/app/resources/win32/components/wch/toolchain/risc-v embedded gcc12/bin/../lib/gcc/riscv-wch-elf/12.2.0/../../../../riscv-wch-elf/lib/rv32imac_zba_zbb_zbc_zbs_xw/ilp32\libg_nano.a(lib_a-writer.o)
 .comment       0x0000000000000031       0x32 d:/bianyiqi/mounriver/mounriver_studio2/resources/app/resources/win32/components/wch/toolchain/risc-v embedded gcc12/bin/../lib/gcc/riscv-wch-elf/12.2.0/../../../../riscv-wch-elf/lib/rv32imac_zba_zbb_zbc_zbs_xw/ilp32\libg_nano.a(lib_a-closer.o)
 .comment       0x0000000000000031       0x32 d:/bianyiqi/mounriver/mounriver_studio2/resources/app/resources/win32/components/wch/toolchain/risc-v embedded gcc12/bin/../lib/gcc/riscv-wch-elf/12.2.0/../../../../riscv-wch-elf/lib/rv32imac_zba_zbb_zbc_zbs_xw/ilp32\libg_nano.a(lib_a-fstatr.o)
 .comment       0x0000000000000031       0x32 d:/bianyiqi/mounriver/mounriver_studio2/resources/app/resources/win32/components/wch/toolchain/risc-v embedded gcc12/bin/../lib/gcc/riscv-wch-elf/12.2.0/../../../../riscv-wch-elf/lib/rv32imac_zba_zbb_zbc_zbs_xw/ilp32\libg_nano.a(lib_a-isattyr.o)
 .comment       0x0000000000000031       0x32 d:/bianyiqi/mounriver/mounriver_studio2/resources/app/resources/win32/components/wch/toolchain/risc-v embedded gcc12/bin/../lib/gcc/riscv-wch-elf/12.2.0/../../../../riscv-wch-elf/lib/rv32imac_zba_zbb_zbc_zbs_xw/ilp32\libg_nano.a(lib_a-lseekr.o)
 .comment       0x0000000000000031       0x32 d:/bianyiqi/mounriver/mounriver_studio2/resources/app/resources/win32/components/wch/toolchain/risc-v embedded gcc12/bin/../lib/gcc/riscv-wch-elf/12.2.0/../../../../riscv-wch-elf/lib/rv32imac_zba_zbb_zbc_zbs_xw/ilp32\libg_nano.a(lib_a-memchr.o)
 .comment       0x0000000000000031       0x32 d:/bianyiqi/mounriver/mounriver_studio2/resources/app/resources/win32/components/wch/toolchain/risc-v embedded gcc12/bin/../lib/gcc/riscv-wch-elf/12.2.0/../../../../riscv-wch-elf/lib/rv32imac_zba_zbb_zbc_zbs_xw/ilp32\libg_nano.a(lib_a-mlock.o)
 .comment       0x0000000000000031       0x32 d:/bianyiqi/mounriver/mounriver_studio2/resources/app/resources/win32/components/wch/toolchain/risc-v embedded gcc12/bin/../lib/gcc/riscv-wch-elf/12.2.0/../../../../riscv-wch-elf/lib/rv32imac_zba_zbb_zbc_zbs_xw/ilp32\libg_nano.a(lib_a-nano-vfprintf_i.o)
 .comment       0x0000000000000031       0x32 d:/bianyiqi/mounriver/mounriver_studio2/resources/app/resources/win32/components/wch/toolchain/risc-v embedded gcc12/bin/../lib/gcc/riscv-wch-elf/12.2.0/../../../../riscv-wch-elf/lib/rv32imac_zba_zbb_zbc_zbs_xw/ilp32\libg_nano.a(lib_a-readr.o)
 .comment       0x0000000000000031       0x32 d:/bianyiqi/mounriver/mounriver_studio2/resources/app/resources/win32/components/wch/toolchain/risc-v embedded gcc12/bin/../lib/gcc/riscv-wch-elf/12.2.0/../../../../riscv-wch-elf/lib/rv32imac_zba_zbb_zbc_zbs_xw/ilp32\libg_nano.a(lib_a-reent.o)
 .comment       0x0000000000000031       0x32 d:/bianyiqi/mounriver/mounriver_studio2/resources/app/resources/win32/components/wch/toolchain/risc-v embedded gcc12/bin/../lib/gcc/riscv-wch-elf/12.2.0/../../../../riscv-wch-elf/lib/rv32imac_zba_zbb_zbc_zbs_xw/ilp32\libnosys.a(close.o)
 .comment       0x0000000000000031       0x32 d:/bianyiqi/mounriver/mounriver_studio2/resources/app/resources/win32/components/wch/toolchain/risc-v embedded gcc12/bin/../lib/gcc/riscv-wch-elf/12.2.0/../../../../riscv-wch-elf/lib/rv32imac_zba_zbb_zbc_zbs_xw/ilp32\libnosys.a(fstat.o)
 .comment       0x0000000000000031       0x32 d:/bianyiqi/mounriver/mounriver_studio2/resources/app/resources/win32/components/wch/toolchain/risc-v embedded gcc12/bin/../lib/gcc/riscv-wch-elf/12.2.0/../../../../riscv-wch-elf/lib/rv32imac_zba_zbb_zbc_zbs_xw/ilp32\libnosys.a(isatty.o)
 .comment       0x0000000000000031       0x32 d:/bianyiqi/mounriver/mounriver_studio2/resources/app/resources/win32/components/wch/toolchain/risc-v embedded gcc12/bin/../lib/gcc/riscv-wch-elf/12.2.0/../../../../riscv-wch-elf/lib/rv32imac_zba_zbb_zbc_zbs_xw/ilp32\libnosys.a(lseek.o)
 .comment       0x0000000000000031       0x32 d:/bianyiqi/mounriver/mounriver_studio2/resources/app/resources/win32/components/wch/toolchain/risc-v embedded gcc12/bin/../lib/gcc/riscv-wch-elf/12.2.0/../../../../riscv-wch-elf/lib/rv32imac_zba_zbb_zbc_zbs_xw/ilp32\libnosys.a(read.o)

.riscv.attributes
                0x0000000000000000       0x56
 .riscv.attributes
                0x0000000000000000       0x56 ./User/ch32h417_it.o
 .riscv.attributes
                0x0000000000000056       0x56 ./User/main.o
 .riscv.attributes
                0x00000000000000ac       0x56 ./User/system_ch32h417.o
 .riscv.attributes
                0x0000000000000102       0x54 ./Startup/startup_ch32h417_v3f.o
 .riscv.attributes
                0x0000000000000156       0x56 ./Peripheral/src/ch32h417_flash.o
 .riscv.attributes
                0x00000000000001ac       0x56 ./Peripheral/src/ch32h417_gpio.o
 .riscv.attributes
                0x0000000000000202       0x56 ./Peripheral/src/ch32h417_rcc.o
 .riscv.attributes
                0x0000000000000258       0x56 ./Peripheral/src/ch32h417_usart.o
 .riscv.attributes
                0x00000000000002ae       0x56 ./Common/USB/ch32h417_usbfs_device.o
 .riscv.attributes
                0x0000000000000304       0x56 ./Common/USB/ch32h417_usbhs_device.o
 .riscv.attributes
                0x000000000000035a       0x56 ./Common/USB/usb_desc.o
 .riscv.attributes
                0x00000000000003b0       0x56 ./Common/USB/usb_inf.o
 .riscv.attributes
                0x0000000000000406       0x56 ./Common/Debug/debug.o
 .riscv.attributes
                0x000000000000045c       0x56 ./Common/flash.o
 .riscv.attributes
                0x00000000000004b2       0x56 ./Common/hardware.o
 .riscv.attributes
                0x0000000000000508       0x56 ./Common/iap.o
 .riscv.attributes
                0x000000000000055e       0x56 d:/bianyiqi/mounriver/mounriver_studio2/resources/app/resources/win32/components/wch/toolchain/risc-v embedded gcc12/bin/../lib/gcc/riscv-wch-elf/12.2.0/rv32imac_zba_zbb_zbc_zbs_xw/ilp32\libgcc.a(_udivdi3.o)
 .riscv.attributes
                0x00000000000005b4       0x54 d:/bianyiqi/mounriver/mounriver_studio2/resources/app/resources/win32/components/wch/toolchain/risc-v embedded gcc12/bin/../lib/gcc/riscv-wch-elf/12.2.0/rv32imac_zba_zbb_zbc_zbs_xw/ilp32\libgcc.a(save-restore.o)
 .riscv.attributes
                0x0000000000000608       0x56 d:/bianyiqi/mounriver/mounriver_studio2/resources/app/resources/win32/components/wch/toolchain/risc-v embedded gcc12/bin/../lib/gcc/riscv-wch-elf/12.2.0/rv32imac_zba_zbb_zbc_zbs_xw/ilp32\libgcc.a(_clz.o)
 .riscv.attributes
                0x000000000000065e       0x54 d:/bianyiqi/mounriver/mounriver_studio2/resources/app/resources/win32/components/wch/toolchain/risc-v embedded gcc12/bin/../lib/gcc/riscv-wch-elf/12.2.0/../../../../riscv-wch-elf/lib/rv32imac_zba_zbb_zbc_zbs_xw/ilp32\libg_nano.a(lib_a-memcpy-asm.o)
 .riscv.attributes
                0x00000000000006b2       0x54 d:/bianyiqi/mounriver/mounriver_studio2/resources/app/resources/win32/components/wch/toolchain/risc-v embedded gcc12/bin/../lib/gcc/riscv-wch-elf/12.2.0/../../../../riscv-wch-elf/lib/rv32imac_zba_zbb_zbc_zbs_xw/ilp32\libg_nano.a(lib_a-memset.o)
 .riscv.attributes
                0x0000000000000706       0x56 d:/bianyiqi/mounriver/mounriver_studio2/resources/app/resources/win32/components/wch/toolchain/risc-v embedded gcc12/bin/../lib/gcc/riscv-wch-elf/12.2.0/../../../../riscv-wch-elf/lib/rv32imac_zba_zbb_zbc_zbs_xw/ilp32\libg_nano.a(lib_a-printf.o)
 .riscv.attributes
                0x000000000000075c       0x56 d:/bianyiqi/mounriver/mounriver_studio2/resources/app/resources/win32/components/wch/toolchain/risc-v embedded gcc12/bin/../lib/gcc/riscv-wch-elf/12.2.0/../../../../riscv-wch-elf/lib/rv32imac_zba_zbb_zbc_zbs_xw/ilp32\libg_nano.a(lib_a-puts.o)
 .riscv.attributes
                0x00000000000007b2       0x56 d:/bianyiqi/mounriver/mounriver_studio2/resources/app/resources/win32/components/wch/toolchain/risc-v embedded gcc12/bin/../lib/gcc/riscv-wch-elf/12.2.0/../../../../riscv-wch-elf/lib/rv32imac_zba_zbb_zbc_zbs_xw/ilp32\libg_nano.a(lib_a-wbuf.o)
 .riscv.attributes
                0x0000000000000808       0x56 d:/bianyiqi/mounriver/mounriver_studio2/resources/app/resources/win32/components/wch/toolchain/risc-v embedded gcc12/bin/../lib/gcc/riscv-wch-elf/12.2.0/../../../../riscv-wch-elf/lib/rv32imac_zba_zbb_zbc_zbs_xw/ilp32\libg_nano.a(lib_a-wsetup.o)
 .riscv.attributes
                0x000000000000085e       0x56 d:/bianyiqi/mounriver/mounriver_studio2/resources/app/resources/win32/components/wch/toolchain/risc-v embedded gcc12/bin/../lib/gcc/riscv-wch-elf/12.2.0/../../../../riscv-wch-elf/lib/rv32imac_zba_zbb_zbc_zbs_xw/ilp32\libg_nano.a(lib_a-fflush.o)
 .riscv.attributes
                0x00000000000008b4       0x56 d:/bianyiqi/mounriver/mounriver_studio2/resources/app/resources/win32/components/wch/toolchain/risc-v embedded gcc12/bin/../lib/gcc/riscv-wch-elf/12.2.0/../../../../riscv-wch-elf/lib/rv32imac_zba_zbb_zbc_zbs_xw/ilp32\libg_nano.a(lib_a-findfp.o)
 .riscv.attributes
                0x000000000000090a       0x56 d:/bianyiqi/mounriver/mounriver_studio2/resources/app/resources/win32/components/wch/toolchain/risc-v embedded gcc12/bin/../lib/gcc/riscv-wch-elf/12.2.0/../../../../riscv-wch-elf/lib/rv32imac_zba_zbb_zbc_zbs_xw/ilp32\libg_nano.a(lib_a-fwalk.o)
 .riscv.attributes
                0x0000000000000960       0x56 d:/bianyiqi/mounriver/mounriver_studio2/resources/app/resources/win32/components/wch/toolchain/risc-v embedded gcc12/bin/../lib/gcc/riscv-wch-elf/12.2.0/../../../../riscv-wch-elf/lib/rv32imac_zba_zbb_zbc_zbs_xw/ilp32\libg_nano.a(lib_a-impure.o)
 .riscv.attributes
                0x00000000000009b6       0x56 d:/bianyiqi/mounriver/mounriver_studio2/resources/app/resources/win32/components/wch/toolchain/risc-v embedded gcc12/bin/../lib/gcc/riscv-wch-elf/12.2.0/../../../../riscv-wch-elf/lib/rv32imac_zba_zbb_zbc_zbs_xw/ilp32\libg_nano.a(lib_a-lock.o)
 .riscv.attributes
                0x0000000000000a0c       0x56 d:/bianyiqi/mounriver/mounriver_studio2/resources/app/resources/win32/components/wch/toolchain/risc-v embedded gcc12/bin/../lib/gcc/riscv-wch-elf/12.2.0/../../../../riscv-wch-elf/lib/rv32imac_zba_zbb_zbc_zbs_xw/ilp32\libg_nano.a(lib_a-makebuf.o)
 .riscv.attributes
                0x0000000000000a62       0x56 d:/bianyiqi/mounriver/mounriver_studio2/resources/app/resources/win32/components/wch/toolchain/risc-v embedded gcc12/bin/../lib/gcc/riscv-wch-elf/12.2.0/../../../../riscv-wch-elf/lib/rv32imac_zba_zbb_zbc_zbs_xw/ilp32\libg_nano.a(lib_a-nano-freer.o)
 .riscv.attributes
                0x0000000000000ab8       0x56 d:/bianyiqi/mounriver/mounriver_studio2/resources/app/resources/win32/components/wch/toolchain/risc-v embedded gcc12/bin/../lib/gcc/riscv-wch-elf/12.2.0/../../../../riscv-wch-elf/lib/rv32imac_zba_zbb_zbc_zbs_xw/ilp32\libg_nano.a(lib_a-nano-mallocr.o)
 .riscv.attributes
                0x0000000000000b0e       0x56 d:/bianyiqi/mounriver/mounriver_studio2/resources/app/resources/win32/components/wch/toolchain/risc-v embedded gcc12/bin/../lib/gcc/riscv-wch-elf/12.2.0/../../../../riscv-wch-elf/lib/rv32imac_zba_zbb_zbc_zbs_xw/ilp32\libg_nano.a(lib_a-nano-vfprintf.o)
 .riscv.attributes
                0x0000000000000b64       0x56 d:/bianyiqi/mounriver/mounriver_studio2/resources/app/resources/win32/components/wch/toolchain/risc-v embedded gcc12/bin/../lib/gcc/riscv-wch-elf/12.2.0/../../../../riscv-wch-elf/lib/rv32imac_zba_zbb_zbc_zbs_xw/ilp32\libg_nano.a(lib_a-sbrkr.o)
 .riscv.attributes
                0x0000000000000bba       0x56 d:/bianyiqi/mounriver/mounriver_studio2/resources/app/resources/win32/components/wch/toolchain/risc-v embedded gcc12/bin/../lib/gcc/riscv-wch-elf/12.2.0/../../../../riscv-wch-elf/lib/rv32imac_zba_zbb_zbc_zbs_xw/ilp32\libg_nano.a(lib_a-stdio.o)
 .riscv.attributes
                0x0000000000000c10       0x56 d:/bianyiqi/mounriver/mounriver_studio2/resources/app/resources/win32/components/wch/toolchain/risc-v embedded gcc12/bin/../lib/gcc/riscv-wch-elf/12.2.0/../../../../riscv-wch-elf/lib/rv32imac_zba_zbb_zbc_zbs_xw/ilp32\libg_nano.a(lib_a-writer.o)
 .riscv.attributes